--------- beginning of main
--------- beginning of system
---------------------------- PROCESS STARTED (15334) for package com.bitflow.finance ----------------------------
2025-11-29 23:51:08.926 15334-15334 bitflow.finance         com.bitflow.finance                  I  Late-enabling -Xcheck:jni
2025-11-29 23:51:08.953 15334-15334 bitflow.finance         com.bitflow.finance                  I  Using CollectorTypeCMC GC.
2025-11-29 23:51:08.960 15334-15334 nativeloader            com.bitflow.finance                  D  Load libframework-connectivity-tiramisu-jni.so using APEX ns com_android_tethering for caller /apex/com.android.tethering/javalib/framework-connectivity-t.jar: ok
2025-11-29 23:51:08.986 15334-15334 CompatChangeReporter    com.bitflow.finance                  D  Compat change id reported: 242716250; UID 10439; state: ENABLED
2025-11-29 23:51:09.614 15334-15334 nativeloader            com.bitflow.finance                  D  Configuring clns-7 for other apk /data/app/~~5JwUj72nTvYvFphI-a5FIA==/com.bitflow.finance-0VZc-VyMWDrHmLw5Lw8Kvw==/base.apk. target_sdk_version=34, uses_libraries=, library_path=/data/app/~~5JwUj72nTvYvFphI-a5FIA==/com.bitflow.finance-0VZc-VyMWDrHmLw5Lw8Kvw==/lib/arm64, permitted_path=/data:/mnt/expand:/data/user/0/com.bitflow.finance
2025-11-29 23:51:09.622 15334-15334 GraphicsEnvironment     com.bitflow.finance                  V  Currently set values for:
2025-11-29 23:51:09.622 15334-15334 GraphicsEnvironment     com.bitflow.finance                  V    angle_gl_driver_selection_pkgs=[]
2025-11-29 23:51:09.622 15334-15334 GraphicsEnvironment     com.bitflow.finance                  V    angle_gl_driver_selection_values=[]
2025-11-29 23:51:09.622 15334-15334 GraphicsEnvironment     com.bitflow.finance                  V  Global.Settings values are invalid: number of packages: 0, number of values: 0
2025-11-29 23:51:09.622 15334-15334 GraphicsEnvironment     com.bitflow.finance                  V  Neither updatable production driver nor prerelease driver is supported.
2025-11-29 23:51:09.644 15334-15334 Typeface                com.bitflow.finance                  I  updateThemeFont new=Rookery-Regular;old=sans-serif;new=Rookery-Stacked;old=
2025-11-29 23:51:09.648 15334-15353 libMEOW                 com.bitflow.finance                  D  meow new tls: 0xb40000752d78b060
2025-11-29 23:51:09.649 15334-15353 libMEOW                 com.bitflow.finance                  D  meow reload base cfg path: na
2025-11-29 23:51:09.649 15334-15353 libMEOW                 com.bitflow.finance                  D  meow reload overlay cfg path: na
2025-11-29 23:51:09.649 15334-15353 QT                      com.bitflow.finance                  W  qt_process_init() called
2025-11-29 23:51:09.649 15334-15353 QT                      com.bitflow.finance                  E  [QT]file does not exist
2025-11-29 23:51:09.649 15334-15353 QT                      com.bitflow.finance                  W  Support!!
2025-11-29 23:51:09.649 15334-15353 QT                      com.bitflow.finance                  E  [QT]file does not exist
2025-11-29 23:51:09.650 15334-15353 libMEOW                 com.bitflow.finance                  D  applied 1 plugins for [com.bitflow.finance]:
2025-11-29 23:51:09.650 15334-15353 libMEOW                 com.bitflow.finance                  D    plugin 1: [libMEOW_gift.so]:
2025-11-29 23:51:09.650 15334-15353 libMEOW                 com.bitflow.finance                  D  meow delete tls: 0xb40000752d78b060
2025-11-29 23:51:09.757 15334-15334 nativeloader            com.bitflow.finance                  D  Load libpowerhalwrap_jni.so using system ns (caller=/system_ext/framework/mediatek-framework.jar): ok
2025-11-29 23:51:09.758 15334-15334 PowerHalWrapper         com.bitflow.finance                  I  PowerHalWrapper.getInstance 
2025-11-29 23:51:09.758 15334-15334 M-ProMotion             com.bitflow.finance                  I  M-ProMotion is disabled
2025-11-29 23:51:09.759 15334-15357 PowerHalWrapper         com.bitflow.finance                  I  PowerHalWrapper.getInstance 
2025-11-29 23:51:09.856 15334-15334 bitflow.finance         com.bitflow.finance                  W  Method java.lang.Object androidx.compose.runtime.snapshots.SnapshotStateMap.mutate(kotlin.jvm.functions.Function1) failed lock verification and will run slower.
                                                                                                    Common causes for lock verification issues are non-optimized dex code
                                                                                                    and incorrect proguard optimizations.
2025-11-29 23:51:09.856 15334-15334 bitflow.finance         com.bitflow.finance                  W  Method void androidx.compose.runtime.snapshots.SnapshotStateMap.update(kotlin.jvm.functions.Function1) failed lock verification and will run slower.
2025-11-29 23:51:09.856 15334-15334 bitflow.finance         com.bitflow.finance                  W  Method boolean androidx.compose.runtime.snapshots.SnapshotStateMap.removeIf$runtime_release(kotlin.jvm.functions.Function1) failed lock verification and will run slower.
2025-11-29 23:51:09.938 15334-15334 BufferQueueConsumer     com.bitflow.finance                  D  [](id:3be600000000,api:0,p:-1,c:15334) connect: controlledByApp=false
2025-11-29 23:51:09.940 15334-15334 BLASTBufferQueue        com.bitflow.finance                  D  [VRI[MainActivity]#0](f:0,a:0) constructor()
2025-11-29 23:51:09.940 15334-15334 BLASTBufferQueue        com.bitflow.finance                  D  [VRI[MainActivity]#0](f:0,a:0) update width=1220 height=2712 format=-1 mTransformHint=0
2025-11-29 23:51:09.943 15334-15351 libMEOW                 com.bitflow.finance                  D  meow new tls: 0xb40000752d7ab080
2025-11-29 23:51:09.943 15334-15351 libMEOW                 com.bitflow.finance                  D  applied 1 plugins for [com.bitflow.finance]:
2025-11-29 23:51:09.943 15334-15351 libMEOW                 com.bitflow.finance                  D    plugin 1: [libMEOW_gift.so]:
2025-11-29 23:51:09.962 15334-15351 HWUI                    com.bitflow.finance                  I  setGrContext nullptr-->validptr
2025-11-29 23:51:09.968 15334-15351 MAGT_SYNC_FRAME         com.bitflow.finance                  D  MAGT Sync: MAGT is not supported. Disabling Sync.
2025-11-29 23:51:09.978 15334-15351 GrallocExtra            com.bitflow.finance                  I  gralloc_extra_query:is_SW3D 0
2025-11-29 23:51:09.978 15334-15351 BLASTBufferQueue        com.bitflow.finance                  D  [VRI[MainActivity]#0](f:0,a:1) acquireNextBufferLocked size=1220x2712 mFrameNumber=1 applyTransaction=true mTimestamp=111636670192500(auto) mPendingTransactions.size=0 graphicBufferId=65859028516866 transform=0
2025-11-29 23:51:10.159 15334-15338 bitflow.finance         com.bitflow.finance                  I  Compiler allocated 5462KB to compile void android.view.ViewRootImpl.performTraversals()
2025-11-29 23:51:10.222 15334-15334 bitflow.finance         com.bitflow.finance                  W  Method boolean androidx.compose.runtime.snapshots.SnapshotStateList.conditionalUpdate(kotlin.jvm.functions.Function1) failed lock verification and will run slower.
2025-11-29 23:51:10.222 15334-15334 bitflow.finance         com.bitflow.finance                  W  Method java.lang.Object androidx.compose.runtime.snapshots.SnapshotStateList.mutate(kotlin.jvm.functions.Function1) failed lock verification and will run slower.
2025-11-29 23:51:10.222 15334-15334 bitflow.finance         com.bitflow.finance                  W  Method void androidx.compose.runtime.snapshots.SnapshotStateList.update(kotlin.jvm.functions.Function1) failed lock verification and will run slower.
2025-11-29 23:51:10.586 15334-15334 Choreographer           com.bitflow.finance                  I  Skipped 51 frames!  The application may be doing too much work on its main thread.
2025-11-29 23:51:10.593 15334-15343 HWUI                    com.bitflow.finance                  I  Davey! duration=778ms; Flags=0, FrameTimelineVsyncId=7238467, IntendedVsync=111636496981428, Vsync=111636674766036, InputEventId=0, HandleInputStart=111636682596884, AnimationStart=111636682600500, PerformTraversalsStart=111636711345500, DrawStart=111637229000269, FrameDeadline=111636694841812, FrameInterval=111636682192269, FrameStartTime=11111538, SyncQueued=111637254738115, SyncStart=111637254779269, IssueDrawCommandsStart=111637254889807, SwapBuffers=111637270880884, FrameCompleted=111637275478423, DequeueBufferDuration=14154, QueueBufferDuration=407461, GpuCompleted=111637275478423, SwapBuffersCompleted=111637271747269, DisplayPresentTime=144115222452437076, CommandSubmissionCompleted=111637270880884, 
2025-11-29 23:51:10.746 15334-15334 System.out              com.bitflow.finance                  I  [HomeViewModel] Accounts count: 1
2025-11-29 23:51:10.746 15334-15334 System.out              com.bitflow.finance                  I  [HomeViewModel] Transactions count: 271
2025-11-29 23:51:10.746 15334-15334 System.out              com.bitflow.finance                  I  [HomeViewModel] Account: id=1, name=AU, balance=3228941.73
2025-11-29 23:51:10.746 15334-15334 System.out              com.bitflow.finance                  I  [HomeViewModel] Transaction: id=22, accountId=1, desc=VDP-6845-PM246064   -POONA HEALTH SERVICES P  PUNE         IN -13/11/25-11:48:58, amount=1000.0
2025-11-29 23:51:10.746 15334-15334 System.out              com.bitflow.finance                  I  [HomeViewModel] Transaction: id=21, accountId=1, desc=VDE-6845-EB150370   -TATAPLAYFIBER            MUMBAI       IN, amount=5596.0
2025-11-29 23:51:10.746 15334-15334 System.out              com.bitflow.finance                  I  [HomeViewModel] Transaction: id=20, accountId=1, desc=VDE-6845-70048510   -DISTRICT MOVIE TICKET    GURUGRAM     IN, amount=41324.54
2025-11-29 23:51:10.746 15334-15334 System.out              com.bitflow.finance                  I  [HomeViewModel] Transaction: id=19, accountId=1, desc=VIE-6845-356/39900-OPENAI *CHATGPT SUBSCR   +14158799686 US, amount=399.0
2025-11-29 23:51:10.747 15334-15334 System.out              com.bitflow.finance                  I  [HomeViewModel] Transaction: id=18, accountId=1, desc=VDE-6845-89051742   -APPLE INDIA PRIVATE LIMIT2240920005   IN, amount=134900.0
2025-11-29 23:51:12.004 15334-15334 VRI[MainActivity]       com.bitflow.finance                  D  visibilityChanged oldVisibility=true newVisibility=false
2025-11-29 23:51:12.042 15334-15351 Surface                 com.bitflow.finance                  D  Surface::disconnect
2025-11-29 23:51:12.043 15334-15351 BLASTBufferQueue        com.bitflow.finance                  D  [VRI[MainActivity]#0](f:0,a:4) destructor()
2025-11-29 23:51:12.044 15334-15351 BufferQueueConsumer     com.bitflow.finance                  D  [com.bitflow.finance/com.bitflow.finance.ui.MainActivity#14562(BLAST Consumer)pid:15334](id:3be600000000,api:0,p:-1,c:15334) disconnect
---------------------------- PROCESS ENDED (15334) for package com.bitflow.finance ----------------------------
---------------------------- PROCESS STARTED (15438) for package com.bitflow.finance ----------------------------
2025-11-29 23:51:12.952 15438-15438 CompatChangeReporter    com.bitflow.finance                  D  Compat change id reported: 242716250; UID 10439; state: ENABLED
2025-11-29 23:51:13.574 15438-15438 nativeloader            com.bitflow.finance                  D  Configuring clns-7 for other apk /data/app/~~1YK7vXUcbp9PJtDYKAxdHQ==/com.bitflow.finance-KQj3yBuIXCJVKRt5PUPjOQ==/base.apk. target_sdk_version=34, uses_libraries=, library_path=/data/app/~~1YK7vXUcbp9PJtDYKAxdHQ==/com.bitflow.finance-KQj3yBuIXCJVKRt5PUPjOQ==/lib/arm64, permitted_path=/data:/mnt/expand:/data/user/0/com.bitflow.finance
2025-11-29 23:51:13.584 15438-15438 GraphicsEnvironment     com.bitflow.finance                  V  Currently set values for:
2025-11-29 23:51:13.584 15438-15438 GraphicsEnvironment     com.bitflow.finance                  V    angle_gl_driver_selection_pkgs=[]
2025-11-29 23:51:13.584 15438-15438 GraphicsEnvironment     com.bitflow.finance                  V    angle_gl_driver_selection_values=[]
2025-11-29 23:51:13.584 15438-15438 GraphicsEnvironment     com.bitflow.finance                  V  Global.Settings values are invalid: number of packages: 0, number of values: 0
2025-11-29 23:51:13.585 15438-15438 GraphicsEnvironment     com.bitflow.finance                  V  Neither updatable production driver nor prerelease driver is supported.
2025-11-29 23:51:13.613 15438-15438 Typeface                com.bitflow.finance                  I  updateThemeFont new=Rookery-Regular;old=sans-serif;new=Rookery-Stacked;old=
2025-11-29 23:51:13.619 15438-15438 nativeloader            com.bitflow.finance                  D  Load libpowerhalwrap_jni.so using system ns (caller=/system_ext/framework/mediatek-framework.jar): ok
2025-11-29 23:51:13.619 15438-15438 PowerHalWrapper         com.bitflow.finance                  I  PowerHalWrapper.getInstance 
2025-11-29 23:51:13.619 15438-15438 M-ProMotion             com.bitflow.finance                  I  M-ProMotion is disabled
2025-11-29 23:51:13.624 15438-15515 libMEOW                 com.bitflow.finance                  D  meow new tls: 0xb40000752d7bb090
2025-11-29 23:51:13.624 15438-15515 libMEOW                 com.bitflow.finance                  D  meow reload base cfg path: na
2025-11-29 23:51:13.624 15438-15515 libMEOW                 com.bitflow.finance                  D  meow reload overlay cfg path: na
2025-11-29 23:51:13.624 15438-15515 QT                      com.bitflow.finance                  W  qt_process_init() called
2025-11-29 23:51:13.624 15438-15515 QT                      com.bitflow.finance                  E  [QT]file does not exist
2025-11-29 23:51:13.624 15438-15515 QT                      com.bitflow.finance                  W  Support!!
2025-11-29 23:51:13.625 15438-15515 QT                      com.bitflow.finance                  E  [QT]file does not exist
2025-11-29 23:51:13.625 15438-15515 libMEOW                 com.bitflow.finance                  D  applied 1 plugins for [com.bitflow.finance]:
2025-11-29 23:51:13.625 15438-15515 libMEOW                 com.bitflow.finance                  D    plugin 1: [libMEOW_gift.so]:
2025-11-29 23:51:13.625 15438-15515 libMEOW                 com.bitflow.finance                  D  meow delete tls: 0xb40000752d7bb090
2025-11-29 23:51:13.751 15438-15512 PowerHalWrapper         com.bitflow.finance                  I  PowerHalWrapper.getInstance 
2025-11-29 23:51:13.852 15438-15438 bitflow.finance         com.bitflow.finance                  W  Method java.lang.Object androidx.compose.runtime.snapshots.SnapshotStateMap.mutate(kotlin.jvm.functions.Function1) failed lock verification and will run slower.
                                                                                                    Common causes for lock verification issues are non-optimized dex code
                                                                                                    and incorrect proguard optimizations.
2025-11-29 23:51:13.852 15438-15438 bitflow.finance         com.bitflow.finance                  W  Method void androidx.compose.runtime.snapshots.SnapshotStateMap.update(kotlin.jvm.functions.Function1) failed lock verification and will run slower.
2025-11-29 23:51:13.852 15438-15438 bitflow.finance         com.bitflow.finance                  W  Method boolean androidx.compose.runtime.snapshots.SnapshotStateMap.removeIf$runtime_release(kotlin.jvm.functions.Function1) failed lock verification and will run slower.
2025-11-29 23:51:13.931 15438-15438 BufferQueueConsumer     com.bitflow.finance                  D  [](id:3c4e00000000,api:0,p:-1,c:15438) connect: controlledByApp=false
2025-11-29 23:51:13.932 15438-15438 BLASTBufferQueue        com.bitflow.finance                  D  [VRI[MainActivity]#0](f:0,a:0) constructor()
2025-11-29 23:51:13.932 15438-15438 BLASTBufferQueue        com.bitflow.finance                  D  [VRI[MainActivity]#0](f:0,a:0) update width=1220 height=2712 format=-1 mTransformHint=0
2025-11-29 23:51:13.935 15438-15513 libMEOW                 com.bitflow.finance                  D  meow new tls: 0xb40000752d78b060
2025-11-29 23:51:13.935 15438-15513 libMEOW                 com.bitflow.finance                  D  applied 1 plugins for [com.bitflow.finance]:
2025-11-29 23:51:13.935 15438-15513 libMEOW                 com.bitflow.finance                  D    plugin 1: [libMEOW_gift.so]:
2025-11-29 23:51:13.953 15438-15513 HWUI                    com.bitflow.finance                  I  setGrContext nullptr-->validptr
2025-11-29 23:51:13.961 15438-15513 MAGT_SYNC_FRAME         com.bitflow.finance                  D  MAGT Sync: MAGT is not supported. Disabling Sync.
2025-11-29 23:51:13.970 15438-15513 GrallocExtra            com.bitflow.finance                  I  gralloc_extra_query:is_SW3D 0
2025-11-29 23:51:13.970 15438-15513 BLASTBufferQueue        com.bitflow.finance                  D  [VRI[MainActivity]#0](f:0,a:1) acquireNextBufferLocked size=1220x2712 mFrameNumber=1 applyTransaction=true mTimestamp=111640661914038(auto) mPendingTransactions.size=0 graphicBufferId=66305705115652 transform=0
2025-11-29 23:51:14.112 15438-15445 bitflow.finance         com.bitflow.finance                  I  Compiler allocated 5462KB to compile void android.view.ViewRootImpl.performTraversals()
2025-11-29 23:51:14.195 15438-15438 bitflow.finance         com.bitflow.finance                  W  Method boolean androidx.compose.runtime.snapshots.SnapshotStateList.conditionalUpdate(kotlin.jvm.functions.Function1) failed lock verification and will run slower.
2025-11-29 23:51:14.195 15438-15438 bitflow.finance         com.bitflow.finance                  W  Method java.lang.Object androidx.compose.runtime.snapshots.SnapshotStateList.mutate(kotlin.jvm.functions.Function1) failed lock verification and will run slower.
2025-11-29 23:51:14.195 15438-15438 bitflow.finance         com.bitflow.finance                  W  Method void androidx.compose.runtime.snapshots.SnapshotStateList.update(kotlin.jvm.functions.Function1) failed lock verification and will run slower.
2025-11-29 23:51:14.504 15438-15438 Choreographer           com.bitflow.finance                  I  Skipped 44 frames!  The application may be doing too much work on its main thread.
2025-11-29 23:51:14.618 15438-15438 System.out              com.bitflow.finance                  I  [HomeViewModel] Accounts count: 1
2025-11-29 23:51:14.618 15438-15438 System.out              com.bitflow.finance                  I  [HomeViewModel] Transactions count: 271
2025-11-29 23:51:17.446 15438-15513 Surface                 com.bitflow.finance                  D  Surface::disconnect
2025-11-29 23:51:17.447 15438-15513 BLASTBufferQueue        com.bitflow.finance                  D  [VRI[MainActivity]#0](f:0,a:4) destructor()
2025-11-29 23:51:17.447 15438-15513 BufferQueueConsumer     com.bitflow.finance                  D  [com.bitflow.finance/com.bitflow.finance.ui.MainActivity#14587(BLAST Consumer)pid:15438](id:3c4e00000000,api:0,p:-1,c:15438) disconnect
2025-11-29 23:51:19.171 15438-15564 ProfileInstaller        com.bitflow.finance                  D  Installing profile for com.bitflow.finance
---------------------------- PROCESS ENDED (15438) for package com.bitflow.finance ----------------------------
---------------------------- PROCESS STARTED (15662) for package com.bitflow.finance ----------------------------
2025-11-29 23:51:27.637 15662-15662 nativeloader            com.bitflow.finance                  D  Configuring clns-7 for other apk /data/app/~~1YK7vXUcbp9PJtDYKAxdHQ==/com.bitflow.finance-KQj3yBuIXCJVKRt5PUPjOQ==/base.apk. target_sdk_version=34, uses_libraries=, library_path=/data/app/~~1YK7vXUcbp9PJtDYKAxdHQ==/com.bitflow.finance-KQj3yBuIXCJVKRt5PUPjOQ==/lib/arm64, permitted_path=/data:/mnt/expand:/data/user/0/com.bitflow.finance
2025-11-29 23:51:27.646 15662-15662 GraphicsEnvironment     com.bitflow.finance                  V  Currently set values for:
2025-11-29 23:51:27.646 15662-15662 GraphicsEnvironment     com.bitflow.finance                  V    angle_gl_driver_selection_pkgs=[]
2025-11-29 23:51:27.646 15662-15662 GraphicsEnvironment     com.bitflow.finance                  V    angle_gl_driver_selection_values=[]
2025-11-29 23:51:27.646 15662-15662 GraphicsEnvironment     com.bitflow.finance                  V  Global.Settings values are invalid: number of packages: 0, number of values: 0
2025-11-29 23:51:27.646 15662-15662 GraphicsEnvironment     com.bitflow.finance                  V  Neither updatable production driver nor prerelease driver is supported.
2025-11-29 23:51:27.666 15662-15662 Typeface                com.bitflow.finance                  I  updateThemeFont new=Rookery-Regular;old=sans-serif;new=Rookery-Stacked;old=
2025-11-29 23:51:27.670 15662-15662 nativeloader            com.bitflow.finance                  D  Load libpowerhalwrap_jni.so using system ns (caller=/system_ext/framework/mediatek-framework.jar): ok
2025-11-29 23:51:27.670 15662-15662 PowerHalWrapper         com.bitflow.finance                  I  PowerHalWrapper.getInstance 
2025-11-29 23:51:27.671 15662-15662 M-ProMotion             com.bitflow.finance                  I  M-ProMotion is disabled
2025-11-29 23:51:27.675 15662-15679 libMEOW                 com.bitflow.finance                  D  meow new tls: 0xb40000752d7bb090
2025-11-29 23:51:27.675 15662-15679 libMEOW                 com.bitflow.finance                  D  meow reload base cfg path: na
2025-11-29 23:51:27.675 15662-15679 libMEOW                 com.bitflow.finance                  D  meow reload overlay cfg path: na
2025-11-29 23:51:27.675 15662-15679 QT                      com.bitflow.finance                  W  qt_process_init() called
2025-11-29 23:51:27.675 15662-15679 QT                      com.bitflow.finance                  E  [QT]file does not exist
2025-11-29 23:51:27.675 15662-15679 QT                      com.bitflow.finance                  W  Support!!
2025-11-29 23:51:27.675 15662-15679 QT                      com.bitflow.finance                  E  [QT]file does not exist
2025-11-29 23:51:27.676 15662-15679 libMEOW                 com.bitflow.finance                  D  applied 1 plugins for [com.bitflow.finance]:
2025-11-29 23:51:27.676 15662-15679 libMEOW                 com.bitflow.finance                  D    plugin 1: [libMEOW_gift.so]:
2025-11-29 23:51:27.676 15662-15679 libMEOW                 com.bitflow.finance                  D  meow delete tls: 0xb40000752d7bb090
2025-11-29 23:51:27.787 15662-15676 PowerHalWrapper         com.bitflow.finance                  I  PowerHalWrapper.getInstance 
2025-11-29 23:51:27.889 15662-15662 bitflow.finance         com.bitflow.finance                  W  Method java.lang.Object androidx.compose.runtime.snapshots.SnapshotStateMap.mutate(kotlin.jvm.functions.Function1) failed lock verification and will run slower.
                                                                                                    Common causes for lock verification issues are non-optimized dex code
                                                                                                    and incorrect proguard optimizations.
2025-11-29 23:51:27.889 15662-15662 bitflow.finance         com.bitflow.finance                  W  Method void androidx.compose.runtime.snapshots.SnapshotStateMap.update(kotlin.jvm.functions.Function1) failed lock verification and will run slower.
2025-11-29 23:51:27.889 15662-15662 bitflow.finance         com.bitflow.finance                  W  Method boolean androidx.compose.runtime.snapshots.SnapshotStateMap.removeIf$runtime_release(kotlin.jvm.functions.Function1) failed lock verification and will run slower.
2025-11-29 23:51:27.974 15662-15662 BufferQueueConsumer     com.bitflow.finance                  D  [](id:3d2e00000000,api:0,p:-1,c:15662) connect: controlledByApp=false
2025-11-29 23:51:27.974 15662-15662 BLASTBufferQueue        com.bitflow.finance                  D  [VRI[MainActivity]#0](f:0,a:0) constructor()
2025-11-29 23:51:27.975 15662-15662 BLASTBufferQueue        com.bitflow.finance                  D  [VRI[MainActivity]#0](f:0,a:0) update width=1220 height=2712 format=-1 mTransformHint=0
2025-11-29 23:51:27.978 15662-15677 libMEOW                 com.bitflow.finance                  D  meow new tls: 0xb40000752d7bb090
2025-11-29 23:51:27.978 15662-15677 libMEOW                 com.bitflow.finance                  D  applied 1 plugins for [com.bitflow.finance]:
2025-11-29 23:51:27.978 15662-15677 libMEOW                 com.bitflow.finance                  D    plugin 1: [libMEOW_gift.so]:
2025-11-29 23:51:27.996 15662-15677 HWUI                    com.bitflow.finance                  I  setGrContext nullptr-->validptr
2025-11-29 23:51:28.006 15662-15677 MAGT_SYNC_FRAME         com.bitflow.finance                  D  MAGT Sync: MAGT is not supported. Disabling Sync.
2025-11-29 23:51:28.027 15662-15677 GrallocExtra            com.bitflow.finance                  I  gralloc_extra_query:is_SW3D 0
2025-11-29 23:51:28.027 15662-15677 BLASTBufferQueue        com.bitflow.finance                  D  [VRI[MainActivity]#0](f:0,a:1) acquireNextBufferLocked size=1220x2712 mFrameNumber=1 applyTransaction=true mTimestamp=111654719081501(auto) mPendingTransactions.size=0 graphicBufferId=67267777789954 transform=0
2025-11-29 23:51:28.155 15662-15662 bitflow.finance         com.bitflow.finance                  W  Method boolean androidx.compose.runtime.snapshots.SnapshotStateList.conditionalUpdate(kotlin.jvm.functions.Function1) failed lock verification and will run slower.
2025-11-29 23:51:28.155 15662-15662 bitflow.finance         com.bitflow.finance                  W  Method java.lang.Object androidx.compose.runtime.snapshots.SnapshotStateList.mutate(kotlin.jvm.functions.Function1) failed lock verification and will run slower.
2025-11-29 23:51:28.155 15662-15662 bitflow.finance         com.bitflow.finance                  W  Method void androidx.compose.runtime.snapshots.SnapshotStateList.update(kotlin.jvm.functions.Function1) failed lock verification and will run slower.
2025-11-29 23:51:28.172 15662-15666 bitflow.finance         com.bitflow.finance                  I  Compiler allocated 5462KB to compile void android.view.ViewRootImpl.performTraversals()
2025-11-29 23:51:28.220 15662-15662 CompatChangeReporter    com.bitflow.finance                  D  Compat change id reported: 289878283; UID 10439; state: ENABLED
2025-11-29 23:51:29.785 15662-15662 Compose Focus           com.bitflow.finance                  D  Owner FocusChanged(true)
2025-11-29 23:51:29.829 15662-15662 InsetsController        com.bitflow.finance                  D  show(ime(), fromIme=false)
2025-11-29 23:51:29.830 15662-15662 ImeTracker              com.bitflow.finance                  I  com.bitflow.finance:db0eb2b3: onRequestShow at ORIGIN_CLIENT reason SHOW_SOFT_INPUT_BY_INSETS_API fromUser false
2025-11-29 23:51:29.831 15662-15662 InputMethodManager      com.bitflow.finance                  D  showSoftInput() view=androidx.compose.ui.platform.AndroidComposeView{b0a0cec VFED..... .F....ID 0,0-1220,2519 aid=1073741824} flags=0 reason=SHOW_SOFT_INPUT_BY_INSETS_API
2025-11-29 23:51:29.888 15662-15662 RecordingIC             com.bitflow.finance                  W  requestCursorUpdates is not supported
2025-11-29 23:51:29.939 15662-15662 InsetsController        com.bitflow.finance                  D  show(ime(), fromIme=true)
2025-11-29 23:51:29.943 15662-15709 InteractionJankMonitor  com.bitflow.finance                  W  Initializing without READ_DEVICE_CONFIG permission. enabled=false, interval=1, missedFrameThreshold=3, frameTimeThreshold=64, package=com.bitflow.finance
2025-11-29 23:51:30.185 15662-15662 ImeTracker              com.bitflow.finance                  I  com.bitflow.finance:db0eb2b3: onShown
2025-11-29 23:51:33.040 15662-15699 PowerHalWrapper         com.bitflow.finance                  I  PowerHalWrapper.getInstance 
2025-11-29 23:51:33.050 15662-15662 PowerHalWrapper         com.bitflow.finance                  I  PowerHalWrapper.getInstance 
2025-11-29 23:51:33.075 15662-15662 ScrollIdentify          com.bitflow.finance                  I  on fling
2025-11-29 23:51:33.090 15662-15662 InsetsController        com.bitflow.finance                  D  hide(ime(), fromIme=true)
2025-11-29 23:51:33.090 15662-15662 RecordingIC             com.bitflow.finance                  W  requestCursorUpdates is not supported
2025-11-29 23:51:33.214 15662-15714 ProfileInstaller        com.bitflow.finance                  D  Installing profile for com.bitflow.finance
2025-11-29 23:51:33.296 15662-15662 ImeTracker              com.bitflow.finance                  I  com.bitflow.finance:96bd33cb: onRequestHide at ORIGIN_CLIENT reason HIDE_SOFT_INPUT_ON_ANIMATION_STATE_CHANGED fromUser false
2025-11-29 23:51:33.297 15662-15662 ImeTracker              com.bitflow.finance                  I  com.google.android.inputmethod.latin:bd863298: onHidden
2025-11-29 23:51:33.977 15662-15662 InsetsController        com.bitflow.finance                  D  hide(ime(), fromIme=false)
2025-11-29 23:51:33.978 15662-15662 ImeTracker              com.bitflow.finance                  I  com.bitflow.finance:eefd36a5: onRequestHide at ORIGIN_CLIENT reason HIDE_SOFT_INPUT_BY_INSETS_API fromUser false
2025-11-29 23:51:33.978 15662-15662 ImeTracker              com.bitflow.finance                  I  com.bitflow.finance:eefd36a5: onCancelled at PHASE_CLIENT_APPLY_ANIMATION
2025-11-29 23:51:34.042 15662-15662 System.out              com.bitflow.finance                  I  [HomeViewModel] Accounts count: 0
2025-11-29 23:51:34.042 15662-15662 System.out              com.bitflow.finance                  I  [HomeViewModel] Transactions count: 0
2025-11-29 23:51:36.008 15662-15662 WindowOnBackDispatcher  com.bitflow.finance                  W  OnBackInvokedCallback is not enabled for the application.
                                                                                                    Set 'android:enableOnBackInvokedCallback="true"' in the application manifest.
2025-11-29 23:51:36.753 15662-15662 WindowOnBackDispatcher  com.bitflow.finance                  W  OnBackInvokedCallback is not enabled for the application.
                                                                                                    Set 'android:enableOnBackInvokedCallback="true"' in the application manifest.
2025-11-29 23:51:36.891 15662-15662 BufferQueueConsumer     com.bitflow.finance                  D  [](id:3d2e00000001,api:0,p:-1,c:15662) connect: controlledByApp=false
2025-11-29 23:51:36.891 15662-15662 BLASTBufferQueue        com.bitflow.finance                  D  [VRI[MainActivity]#1](f:0,a:0) constructor()
2025-11-29 23:51:36.891 15662-15662 BLASTBufferQueue        com.bitflow.finance                  D  [VRI[MainActivity]#1](f:0,a:0) update width=1080 height=1446 format=-2 mTransformHint=0
2025-11-29 23:51:36.922 15662-15677 BLASTBufferQueue        com.bitflow.finance                  D  [VRI[MainActivity]#1](f:0,a:1) acquireNextBufferLocked size=1080x1446 mFrameNumber=1 applyTransaction=true mTimestamp=111663614489809(auto) mPendingTransactions.size=0 graphicBufferId=67267777789965 transform=0
2025-11-29 23:51:37.916 15662-15662 Compose Focus           com.bitflow.finance                  D  Owner FocusChanged(true)
2025-11-29 23:51:37.951 15662-15662 InsetsController        com.bitflow.finance                  D  show(ime(), fromIme=false)
2025-11-29 23:51:37.951 15662-15662 ImeTracker              com.bitflow.finance                  I  com.bitflow.finance:3527deb8: onRequestShow at ORIGIN_CLIENT reason SHOW_SOFT_INPUT_BY_INSETS_API fromUser false
2025-11-29 23:51:37.952 15662-15662 InputMethodManager      com.bitflow.finance                  D  showSoftInput() view=androidx.compose.ui.platform.AndroidComposeView{49231c5 VFED..... .F....ID 0,0-900,1266 aid=1073741826} flags=0 reason=SHOW_SOFT_INPUT_BY_INSETS_API
2025-11-29 23:51:38.016 15662-15662 RecordingIC             com.bitflow.finance                  W  requestCursorUpdates is not supported
2025-11-29 23:51:38.035 15662-15662 InsetsController        com.bitflow.finance                  D  show(ime(), fromIme=true)
2025-11-29 23:51:38.262 15662-15662 ImeTracker              com.bitflow.finance                  I  com.bitflow.finance:3527deb8: onShown
2025-11-29 23:51:40.809 15662-15662 WindowOnBackDispatcher  com.bitflow.finance                  W  sendCancelIfRunning: isInProgress=false callback=android.view.ViewRootImpl$$ExternalSyntheticLambda12@d13dd7c
2025-11-29 23:51:40.826 15662-15677 Surface                 com.bitflow.finance                  D  Surface::disconnect
2025-11-29 23:51:40.827 15662-15677 HWUI                    com.bitflow.finance                  D  endAllActiveAnimators on 0xb40000751d79d590 (UnprojectedRipple) with handle 0xb40000747d82f760
2025-11-29 23:51:40.839 15662-15673 BLASTBufferQueue        com.bitflow.finance                  D  [VRI[MainActivity]#1](f:0,a:3) destructor()
2025-11-29 23:51:40.839 15662-15673 BufferQueueConsumer     com.bitflow.finance                  D  [com.bitflow.finance/com.bitflow.finance.ui.MainActivity#14691(BLAST Consumer)pid:15662](id:3d2e00000001,api:0,p:-1,c:15662) disconnect
2025-11-29 23:51:40.844 15662-15662 System.out              com.bitflow.finance                  I  [HomeViewModel] Accounts count: 1
2025-11-29 23:51:40.844 15662-15662 System.out              com.bitflow.finance                  I  [HomeViewModel] Transactions count: 0
2025-11-29 23:51:40.859 15662-15662 ImeTracker              com.bitflow.finance                  I  com.bitflow.finance:b344c738: onRequestHide at ORIGIN_CLIENT reason HIDE_SOFT_INPUT fromUser false
2025-11-29 23:51:40.860 15662-15662 ImeTracker              com.bitflow.finance                  I  com.bitflow.finance:b344c738: onFailed at PHASE_CLIENT_VIEW_SERVED
2025-11-29 23:51:40.899 15662-15662 RemoteInpu...ectionImpl com.bitflow.finance                  W  requestCursorUpdates on inactive InputConnection
2025-11-29 23:51:40.902 15662-15662 ImeBackDispatcher       com.bitflow.finance                  E  Ime callback not found. Ignoring unregisterReceivedCallback. callbackId: 2354253
2025-11-29 23:51:40.903 15662-15662 InsetsController        com.bitflow.finance                  D  hide(ime(), fromIme=true)
2025-11-29 23:51:40.903 15662-15662 ImeTracker              com.bitflow.finance                  I  com.bitflow.finance:8f0ea11c: onCancelled at PHASE_CLIENT_APPLY_ANIMATION
2025-11-29 23:51:44.314 15662-15662 WindowOnBackDispatcher  com.bitflow.finance                  W  OnBackInvokedCallback is not enabled for the application.
                                                                                                    Set 'android:enableOnBackInvokedCallback="true"' in the application manifest.
2025-11-29 23:51:45.774 15662-15662 ScrollIdentify          com.bitflow.finance                  I  on fling
2025-11-29 23:51:47.422 15662-15662 WindowOnBackDispatcher  com.bitflow.finance                  W  OnBackInvokedCallback is not enabled for the application.
                                                                                                    Set 'android:enableOnBackInvokedCallback="true"' in the application manifest.
2025-11-29 23:51:48.585 15662-15662 BufferQueueConsumer     com.bitflow.finance                  D  [](id:3d2e00000002,api:0,p:-1,c:15662) connect: controlledByApp=false
2025-11-29 23:51:48.585 15662-15662 BLASTBufferQueue        com.bitflow.finance                  D  [VRI[Pop-up window]#2](f:0,a:0) constructor()
2025-11-29 23:51:48.586 15662-15662 BLASTBufferQueue        com.bitflow.finance                  D  [VRI[Pop-up window]#2](f:0,a:0) update width=1189 height=271 format=-3 mTransformHint=0
2025-11-29 23:51:48.595 15662-15677 BLASTBufferQueue        com.bitflow.finance                  D  [VRI[Pop-up window]#2](f:0,a:1) acquireNextBufferLocked size=1189x271 mFrameNumber=1 applyTransaction=true mTimestamp=111675287655886(auto) mPendingTransactions.size=0 graphicBufferId=67267777789972 transform=0
2025-11-29 23:51:49.192 15662-15662 WindowOnBackDispatcher  com.bitflow.finance                  W  sendCancelIfRunning: isInProgress=false callback=android.view.ViewRootImpl$$ExternalSyntheticLambda12@98c8114
2025-11-29 23:51:49.194 15662-15677 Surface                 com.bitflow.finance                  D  Surface::disconnect
2025-11-29 23:51:49.194 15662-15677 HWUI                    com.bitflow.finance                  D  endAllActiveAnimators on 0xb40000751d80e680 (UnprojectedRipple) with handle 0xb40000747d83bca0
2025-11-29 23:51:49.208 15662-15743 BLASTBufferQueue        com.bitflow.finance                  D  [VRI[Pop-up window]#2](f:0,a:3) destructor()
2025-11-29 23:51:49.209 15662-15743 BufferQueueConsumer     com.bitflow.finance                  D  [Pop-up window#14707(BLAST Consumer)pid:15662](id:3d2e00000002,api:0,p:-1,c:15662) disconnect
2025-11-29 23:51:50.212 15662-15662 VRI[MainActivity]       com.bitflow.finance                  D  visibilityChanged oldVisibility=true newVisibility=false
2025-11-29 23:51:50.225 15662-15677 Surface                 com.bitflow.finance                  D  Surface::disconnect
2025-11-29 23:51:50.225 15662-15677 HWUI                    com.bitflow.finance                  D  endAllActiveAnimators on 0xb40000751d7c9340 (UnprojectedRipple) with handle 0xb40000747d82ca30
2025-11-29 23:51:50.231 15662-15743 BLASTBufferQueue        com.bitflow.finance                  D  [VRI[MainActivity]#0](f:0,a:3) destructor()
2025-11-29 23:51:50.231 15662-15743 BufferQueueConsumer     com.bitflow.finance                  D  [com.bitflow.finance/com.bitflow.finance.ui.MainActivity#14678(BLAST Consumer)pid:15662](id:3d2e00000000,api:0,p:-1,c:15662) disconnect
2025-11-29 23:52:01.808 15662-15662 WindowOnBackDispatcher  com.bitflow.finance                  W  OnBackInvokedCallback is not enabled for the application.
                                                                                                    Set 'android:enableOnBackInvokedCallback="true"' in the application manifest.
2025-11-29 23:52:01.813 15662-15662 System.out              com.bitflow.finance                  I  [ImportViewModel] Selected account: 1 - AU
2025-11-29 23:52:01.837 15662-15662 System.out              com.bitflow.finance                  I  [ImportViewModel] Opening 3 files
2025-11-29 23:52:01.844 15662-15662 System.out              com.bitflow.finance                  I  [ImportViewModel] Opened: 27-Nov-2025_495985AccStmtDownloadReport.xls
2025-11-29 23:52:01.850 15662-15662 System.out              com.bitflow.finance                  I  [ImportViewModel] Opened: 27-Nov-2025_495979AccStmtDownloadReport.xls
2025-11-29 23:52:01.856 15662-15662 System.out              com.bitflow.finance                  I  [ImportViewModel] Opened: 27-Nov-2025_495933AccStmtDownloadReport.xls
2025-11-29 23:52:01.856 15662-15662 System.out              com.bitflow.finance                  I  [ImportViewModel] Starting background import for 3 files
2025-11-29 23:52:01.865 15662-15680 System.out              com.bitflow.finance                  I  [Parser Factory] Detected Excel file, converting to text...
2025-11-29 23:52:01.913 15662-15680 bitflow.finance         com.bitflow.finance                  E  hiddenapi: Accessing hidden method Ljava/lang/invoke/LambdaMetafactory;->metafactory(Ljava/lang/invoke/MethodHandles$Lookup;Ljava/lang/String;Ljava/lang/invoke/MethodType;Ljava/lang/invoke/MethodType;Ljava/lang/invoke/MethodHandle;Ljava/lang/invoke/MethodType;)Ljava/lang/invoke/CallSite; (runtime_flags=0, domain=core-platform, api=blocked) from /data/app/~~1YK7vXUcbp9PJtDYKAxdHQ==/com.bitflow.finance-KQj3yBuIXCJVKRt5PUPjOQ==/base.apk!classes16.dex (domain=app) using linking: denied
2025-11-29 23:52:01.913 15662-15680 bitflow.finance         com.bitflow.finance                  E  hiddenapi: Accessing hidden method Ljava/lang/invoke/LambdaMetafactory;->metafactory(Ljava/lang/invoke/MethodHandles$Lookup;Ljava/lang/String;Ljava/lang/invoke/MethodType;Ljava/lang/invoke/MethodType;Ljava/lang/invoke/MethodHandle;Ljava/lang/invoke/MethodType;)Ljava/lang/invoke/CallSite; (runtime_flags=0, domain=core-platform, api=blocked) from /data/app/~~1YK7vXUcbp9PJtDYKAxdHQ==/com.bitflow.finance-KQj3yBuIXCJVKRt5PUPjOQ==/base.apk!classes16.dex (domain=app) using linking: denied
2025-11-29 23:52:01.919 15662-15662 WindowOnBackDispatcher  com.bitflow.finance                  W  OnBackInvokedCallback is not enabled for the application.
                                                                                                    Set 'android:enableOnBackInvokedCallback="true"' in the application manifest.
2025-11-29 23:52:01.919 15662-15680 bitflow.finance         com.bitflow.finance                  E  hiddenapi: Accessing hidden method Ljava/lang/invoke/LambdaMetafactory;->metafactory(Ljava/lang/invoke/MethodHandles$Lookup;Ljava/lang/String;Ljava/lang/invoke/MethodType;Ljava/lang/invoke/MethodType;Ljava/lang/invoke/MethodHandle;Ljava/lang/invoke/MethodType;)Ljava/lang/invoke/CallSite; (runtime_flags=0, domain=core-platform, api=blocked) from /data/app/~~1YK7vXUcbp9PJtDYKAxdHQ==/com.bitflow.finance-KQj3yBuIXCJVKRt5PUPjOQ==/base.apk!classes16.dex (domain=app) using linking: denied
2025-11-29 23:52:01.923 15662-15680 bitflow.finance         com.bitflow.finance                  E  hiddenapi: Accessing hidden method Ljava/lang/invoke/LambdaMetafactory;->metafactory(Ljava/lang/invoke/MethodHandles$Lookup;Ljava/lang/String;Ljava/lang/invoke/MethodType;Ljava/lang/invoke/MethodType;Ljava/lang/invoke/MethodHandle;Ljava/lang/invoke/MethodType;)Ljava/lang/invoke/CallSite; (runtime_flags=0, domain=core-platform, api=blocked) from /data/app/~~1YK7vXUcbp9PJtDYKAxdHQ==/com.bitflow.finance-KQj3yBuIXCJVKRt5PUPjOQ==/base.apk!classes16.dex (domain=app) using linking: denied
2025-11-29 23:52:01.926 15662-15680 System.err              com.bitflow.finance                  W  ERROR StatusLogger Unable to load services for service class org.apache.logging.log4j.spi.Provider
2025-11-29 23:52:01.926 15662-15680 System.err              com.bitflow.finance                  W   java.lang.NoSuchMethodError: No static method metafactory(Ljava/lang/invoke/MethodHandles$Lookup;Ljava/lang/String;Ljava/lang/invoke/MethodType;Ljava/lang/invoke/MethodType;Ljava/lang/invoke/MethodHandle;Ljava/lang/invoke/MethodType;)Ljava/lang/invoke/CallSite; in class Ljava/lang/invoke/LambdaMetafactory; or its super classes (declaration of 'java.lang.invoke.LambdaMetafactory' appears in /apex/com.android.art/javalib/core-oj.jar)
2025-11-29 23:52:01.926 15662-15680 System.err              com.bitflow.finance                  W  	at org.apache.logging.log4j.util.ServiceLoaderUtil.callServiceLoader(ServiceLoaderUtil.java:110)
2025-11-29 23:52:01.926 15662-15680 System.err              com.bitflow.finance                  W  	at org.apache.logging.log4j.util.ServiceLoaderUtil$ServiceLoaderSpliterator.<init>(ServiceLoaderUtil.java:146)
2025-11-29 23:52:01.926 15662-15680 System.err              com.bitflow.finance                  W  	at org.apache.logging.log4j.util.ServiceLoaderUtil.loadClassloaderServices(ServiceLoaderUtil.java:101)
2025-11-29 23:52:01.926 15662-15680 System.err              com.bitflow.finance                  W  	at org.apache.logging.log4j.util.ServiceLoaderUtil.loadServices(ServiceLoaderUtil.java:83)
2025-11-29 23:52:01.926 15662-15680 System.err              com.bitflow.finance                  W  	at org.apache.logging.log4j.util.ServiceLoaderUtil.loadServices(ServiceLoaderUtil.java:77)
2025-11-29 23:52:01.926 15662-15680 System.err              com.bitflow.finance                  W  	at org.apache.logging.log4j.util.ProviderUtil.<init>(ProviderUtil.java:70)
2025-11-29 23:52:01.926 15662-15680 System.err              com.bitflow.finance                  W  	at org.apache.logging.log4j.util.ProviderUtil.lazyInit(ProviderUtil.java:148)
2025-11-29 23:52:01.926 15662-15680 System.err              com.bitflow.finance                  W  	at org.apache.logging.log4j.util.ProviderUtil.hasProviders(ProviderUtil.java:132)
2025-11-29 23:52:01.926 15662-15680 System.err              com.bitflow.finance                  W  	at org.apache.logging.log4j.LogManager.<clinit>(LogManager.java:90)
2025-11-29 23:52:01.926 15662-15680 System.err              com.bitflow.finance                  W  	at org.apache.poi.util.IOUtils.<clinit>(IOUtils.java:43)
2025-11-29 23:52:01.926 15662-15680 System.err              com.bitflow.finance                  W  	at org.apache.poi.poifs.filesystem.FileMagic.valueOf(FileMagic.java:209)
2025-11-29 23:52:01.926 15662-15680 System.err              com.bitflow.finance                  W  	at org.apache.poi.ss.usermodel.WorkbookFactory.create(WorkbookFactory.java:222)
2025-11-29 23:52:01.926 15662-15680 System.err              com.bitflow.finance                  W  	at org.apache.poi.ss.usermodel.WorkbookFactory.create(WorkbookFactory.java:185)
2025-11-29 23:52:01.926 15662-15680 System.err              com.bitflow.finance                  W  	at com.bitflow.finance.data.parser.ExcelReader.readExcelAsLines(ExcelReader.kt:27)
2025-11-29 23:52:01.926 15662-15680 System.err              com.bitflow.finance                  W  	at com.bitflow.finance.data.parser.StatementParserFactory.parseStatement(StatementParserFactory.kt:136)
2025-11-29 23:52:01.926 15662-15680 System.err              com.bitflow.finance                  W  	at com.bitflow.finance.domain.usecase.ImportStatementBackgroundUseCase$invoke$2.invokeSuspend(ImportStatementBackgroundUseCase.kt:46)
2025-11-29 23:52:01.926 15662-15680 System.err              com.bitflow.finance                  W  	at kotlin.coroutines.jvm.internal.BaseContinuationImpl.resumeWith(ContinuationImpl.kt:33)
2025-11-29 23:52:01.926 15662-15680 System.err              com.bitflow.finance                  W  	at kotlinx.coroutines.DispatchedTask.run(DispatchedTask.kt:108)
2025-11-29 23:52:01.926 15662-15680 System.err              com.bitflow.finance                  W  	at kotlinx.coroutines.internal.LimitedDispatcher$Worker.run(LimitedDispatcher.kt:115)
2025-11-29 23:52:01.926 15662-15680 System.err              com.bitflow.finance                  W  	at kotlinx.coroutines.scheduling.TaskImpl.run(Tasks.kt:103)
2025-11-29 23:52:01.926 15662-15680 System.err              com.bitflow.finance                  W  	at kotlinx.coroutines.scheduling.CoroutineScheduler.runSafely(CoroutineScheduler.kt:584)
2025-11-29 23:52:01.926 15662-15680 System.err              com.bitflow.finance                  W  	at kotlinx.coroutines.scheduling.CoroutineScheduler$Worker.executeTask(CoroutineScheduler.kt:793)
2025-11-29 23:52:01.926 15662-15680 System.err              com.bitflow.finance                  W  	at kotlinx.coroutines.scheduling.CoroutineScheduler$Worker.runWorker(CoroutineScheduler.kt:697)
2025-11-29 23:52:01.926 15662-15680 System.err              com.bitflow.finance                  W  	at kotlinx.coroutines.scheduling.CoroutineScheduler$Worker.run(CoroutineScheduler.kt:684)
2025-11-29 23:52:01.927 15662-15680 System.err              com.bitflow.finance                  W  ERROR StatusLogger Log4j2 could not find a logging implementation. Please add log4j-core to the classpath. Using SimpleLogger to log to the console...
2025-11-29 23:52:01.928 15662-15680 bitflow.finance         com.bitflow.finance                  E  hiddenapi: Accessing hidden method Ljava/lang/invoke/LambdaMetafactory;->metafactory(Ljava/lang/invoke/MethodHandles$Lookup;Ljava/lang/String;Ljava/lang/invoke/MethodType;Ljava/lang/invoke/MethodType;Ljava/lang/invoke/MethodHandle;Ljava/lang/invoke/MethodType;)Ljava/lang/invoke/CallSite; (runtime_flags=0, domain=core-platform, api=blocked) from /data/app/~~1YK7vXUcbp9PJtDYKAxdHQ==/com.bitflow.finance-KQj3yBuIXCJVKRt5PUPjOQ==/base.apk!classes16.dex (domain=app) using linking: denied
2025-11-29 23:52:01.942 15662-15662 BufferQueueConsumer     com.bitflow.finance                  D  [](id:3d2e00000003,api:0,p:-1,c:15662) connect: controlledByApp=false
2025-11-29 23:52:01.942 15662-15662 BLASTBufferQueue        com.bitflow.finance                  D  [VRI[MainActivity]#3](f:0,a:0) constructor()
2025-11-29 23:52:01.942 15662-15662 BLASTBufferQueue        com.bitflow.finance                  D  [VRI[MainActivity]#3](f:0,a:0) update width=1220 height=2712 format=-1 mTransformHint=0
2025-11-29 23:52:02.029 15662-15677 BLASTBufferQueue        com.bitflow.finance                  D  [VRI[MainActivity]#3](f:0,a:1) acquireNextBufferLocked size=1220x2712 mFrameNumber=1 applyTransaction=true mTimestamp=111688720959272(auto) mPendingTransactions.size=0 graphicBufferId=67267777789979 transform=0
2025-11-29 23:52:02.072 15662-15680 System.out              com.bitflow.finance                  I  [Excel Reader] Reading sheet: sheet1
2025-11-29 23:52:02.072 15662-15662 BufferQueueConsumer     com.bitflow.finance                  D  [](id:3d2e00000004,api:0,p:-1,c:15662) connect: controlledByApp=false
2025-11-29 23:52:02.072 15662-15680 System.out              com.bitflow.finance                  I  [Excel Reader] Total rows: 36
2025-11-29 23:52:02.072 15662-15680 System.out              com.bitflow.finance                  I  [Excel Reader] Row 0: 
2025-11-29 23:52:02.073 15662-15680 System.out              com.bitflow.finance                  I  [Excel Reader] Row 1: 
2025-11-29 23:52:02.073 15662-15662 BLASTBufferQueue        com.bitflow.finance                  D  [VRI[MainActivity]#4](f:0,a:0) constructor()
2025-11-29 23:52:02.073 15662-15680 System.out              com.bitflow.finance                  I  [Excel Reader] Row 2: 
2025-11-29 23:52:02.073 15662-15662 BLASTBufferQueue        com.bitflow.finance                  D  [VRI[MainActivity]#4](f:0,a:0) update width=1080 height=903 format=-2 mTransformHint=0
2025-11-29 23:52:02.073 15662-15680 System.out              com.bitflow.finance                  I  [Excel Reader] Row 3: STATEMENT BY PERIOD
2025-11-29 23:52:02.073 15662-15680 System.out              com.bitflow.finance                  I  [Excel Reader] Row 4: Report Date: 27-Nov-2025
2025-11-29 23:52:02.073 15662-15680 System.out              com.bitflow.finance                  I  [Excel Reader] Row 5: Account No:,,2302234754568211-INR,,,,
2025-11-29 23:52:02.073 15662-15680 System.out              com.bitflow.finance                  I  [Excel Reader] Row 6: Opening Balance:,,"1,379,475.12",,,,
2025-11-29 23:52:02.073 15662-15680 System.out              com.bitflow.finance                  I  [Excel Reader] Row 7: Closing Balance:,,"1,134,582.53",,,,
2025-11-29 23:52:02.073 15662-15680 System.out              com.bitflow.finance                  I  [Excel Reader] Row 8: Details as at:,,27-Nov-2025 19:06:52,,,,
2025-11-29 23:52:02.073 15662-15680 System.out              com.bitflow.finance                  I  [Excel Reader] Row 9: 
2025-11-29 23:52:02.073 15662-15680 System.out              com.bitflow.finance                  I  [Excel Reader] Row 10: Trans Date,Value Date,Description/Narration,Chq./Ref.No.,Debit(Dr.) INR,Credit(Cr.) INR,Balance INR
2025-11-29 23:52:02.073 15662-15680 System.out              com.bitflow.finance                  I  [Excel Reader] Row 11: 2025-04-20,2025-04-20,IMPS-511013930053 -VIPUL -SBIN0020661 -*******4350 -SALARY,511013930053,"36,000.00",-,"1,343,475.12"
2025-11-29 23:52:02.073 15662-15680 System.out              com.bitflow.finance                  I  [Excel Reader] Row 12: 2025-04-22,2025-04-22,VDE-6845-99999999   -ADOBE SYSTEMS SOFTWARE I 560087       IN,511208760114,733.96,-,"1,342,741.16"
2025-11-29 23:52:02.074 15662-15680 System.out              com.bitflow.finance                  I  [Excel Reader] Row 13: 2025-04-26,2025-04-26,VDE-6845-99999999   -ADOBE SYSTEMS SOFTWARE I 560087       IN,511617022896,733.96,-,"1,342,007.20"
2025-11-29 23:52:02.074 15662-15680 System.out              com.bitflow.finance                  I  [Excel Reader] Row 14: 2025-05-16,2025-05-16,VDE-6845-89051978   -TATA PLAY LIMITED CYBS SI2240920005   IN,513504735855,"6,195.00",-,"1,335,812.20"
2025-11-29 23:52:02.074 15662-15680 System.out              com.bitflow.finance                  I  [Excel Reader] Row 15: 2025-05-20,2025-05-20,VDE-6845-99999999   -ADOBE SYSTEMS SOFTWARE I 560087       IN,514008876170,733.96,-,"1,335,078.24"
2025-11-29 23:52:02.075 15662-15680 System.out              com.bitflow.finance                  I  [Excel Reader] Row 16: 2025-05-23,2025-05-23,VDE-6845-99999999   -AIRTEL PAYMENTS BANK LTD 122015       IN,514201720875,"1,885.64",-,"1,333,192.60"
2025-11-29 23:52:02.075 15662-15680 System.out              com.bitflow.finance                  I  [Excel Reader] Row 17: 2025-05-25,2025-05-25,VDE-6845-99999999   -ADOBE SYSTEMS SOFTWARE I 560087       IN,514511625048,733.96,-,"1,332,458.64"
2025-11-29 23:52:02.075 15662-15680 System.out              com.bitflow.finance                  I  [Excel Reader] Row 18: 2025-05-31,2025-05-31,VIE-6845-840/2360-OPENAI *CHATGPT SUBSCR   +14158799686 US,515108799395,"2,021.81",-,"1,330,436.83"
2025-11-29 23:52:02.075 15662-15680 System.out              com.bitflow.finance                  I  [Excel Reader] Row 19: 2025-06-02,2025-06-02,MARKUP- INT TXN AMT -23.6 31-MAY-25,-,35.40,-,"1,330,401.43"
2025-11-29 23:52:02.077 15662-15680 System.out              com.bitflow.finance                  I  [Excel Reader] Read 36 lines from Excel
2025-11-29 23:52:02.077 15662-15680 System.out              com.bitflow.finance                  I  [Parser Factory] Read 36 lines for format detection
2025-11-29 23:52:02.081 15662-15680 System.out              com.bitflow.finance                  I  [Parser Factory] Matched SBI format with keywords: [trans date, debit] in header-like row
2025-11-29 23:52:02.083 15662-15680 System.out              com.bitflow.finance                  I  [Parser Factory]   Matched line: Trans Date,Value Date,Description/Narration,Chq./Ref.No.,Debit(Dr.) INR,Credit(Cr.) INR,Balance INR
2025-11-29 23:52:02.083 15662-15680 System.out              com.bitflow.finance                  I  [Parser Factory] Detected format: SBI
2025-11-29 23:52:02.086 15662-15680 System.out              com.bitflow.finance                  I  [SBI Parser] Scanning 35 lines for header...
2025-11-29 23:52:02.086 15662-15680 System.out              com.bitflow.finance                  I  [SBI Parser] Searching for header in first 35 lines...
2025-11-29 23:52:02.086 15662-15680 System.out              com.bitflow.finance                  I  [SBI Parser] Line 0: 
2025-11-29 23:52:02.086 15662-15680 System.out              com.bitflow.finance                  I  [SBI Parser] Line 1: 
2025-11-29 23:52:02.086 15662-15680 System.out              com.bitflow.finance                  I  [SBI Parser] Line 2: 
2025-11-29 23:52:02.086 15662-15680 System.out              com.bitflow.finance                  I  [SBI Parser] Line 3: statement by period
2025-11-29 23:52:02.086 15662-15680 System.out              com.bitflow.finance                  I  [SBI Parser] Line 4: report date: 27-nov-2025
2025-11-29 23:52:02.086 15662-15680 System.out              com.bitflow.finance                  I  [SBI Parser] Line 5: account no:,,2302234754568211-inr,,,,
2025-11-29 23:52:02.086 15662-15680 System.out              com.bitflow.finance                  I  [SBI Parser] Line 6: opening balance:,,"1,379,475.12",,,,
2025-11-29 23:52:02.086 15662-15680 System.out              com.bitflow.finance                  I  [SBI Parser] Line 7: closing balance:,,"1,134,582.53",,,,
2025-11-29 23:52:02.086 15662-15680 System.out              com.bitflow.finance                  I  [SBI Parser] Line 8: details as at:,,27-nov-2025 19:06:52,,,,
2025-11-29 23:52:02.086 15662-15680 System.out              com.bitflow.finance                  I  [SBI Parser] Line 9: 
2025-11-29 23:52:02.086 15662-15680 System.out              com.bitflow.finance                  I  [SBI Parser] Line 10: trans date,value date,description/narration,chq./ref.no.,debit(dr.) inr,credit(cr.) inr,balance inr
2025-11-29 23:52:02.086 15662-15680 System.out              com.bitflow.finance                  I  [SBI Parser] Found header match at line 10 with keywords: [trans date, debit]
2025-11-29 23:52:02.086 15662-15680 System.out              com.bitflow.finance                  I  [SBI Parser] Found header at row 10
2025-11-29 23:52:02.087 15662-15680 System.out              com.bitflow.finance                  I  [SBI Parser] Header columns (7): Trans Date | Value Date | Description/Narration | Chq./Ref.No. | Debit(Dr.) INR | Credit(Cr.) INR | Balance INR
2025-11-29 23:52:02.087 15662-15680 System.out              com.bitflow.finance                  I  [SBI Parser] Column mapping: ColumnMapping(dateIndex=0, descriptionIndex=2, debitIndex=4, creditIndex=5, balanceIndex=6, referenceIndex=3)
2025-11-29 23:52:02.087 15662-15680 System.out              com.bitflow.finance                  I  [SBI Parser] Data row #0 has 7 columns:
2025-11-29 23:52:02.087 15662-15680 System.out              com.bitflow.finance                  I  [SBI Parser]   Col[0]DATE: '2025-04-20'
2025-11-29 23:52:02.087 15662-15680 System.out              com.bitflow.finance                  I  [SBI Parser]   Col[1]: '2025-04-20'
2025-11-29 23:52:02.087 15662-15680 System.out              com.bitflow.finance                  I  [SBI Parser]   Col[2]DESC: 'IMPS-511013930053 -VIPUL -SBIN0020661 -*******4350 -SALARY'
2025-11-29 23:52:02.087 15662-15680 System.out              com.bitflow.finance                  I  [SBI Parser]   Col[3]: '511013930053'
2025-11-29 23:52:02.087 15662-15680 System.out              com.bitflow.finance                  I  [SBI Parser]   Col[4]DEBIT: '36,000.00'
2025-11-29 23:52:02.087 15662-15680 System.out              com.bitflow.finance                  I  [SBI Parser]   Col[5]CREDIT: '-'
2025-11-29 23:52:02.087 15662-15680 System.out              com.bitflow.finance                  I  [SBI Parser]   Col[6]BALANCE: '1,343,475.12'
2025-11-29 23:52:02.089 15662-15680 System.out              com.bitflow.finance                  I  [SBI Parser] Row: debit='36,000.00'(36000.0), credit='-'(0.0), desc='IMPS-511013930053 -VIPUL -SBIN'
2025-11-29 23:52:02.089 15662-15680 System.out              com.bitflow.finance                  I  [SBI Parser] Data row #1 has 7 columns:
2025-11-29 23:52:02.089 15662-15680 System.out              com.bitflow.finance                  I  [SBI Parser]   Col[0]DATE: '2025-04-22'
2025-11-29 23:52:02.089 15662-15680 System.out              com.bitflow.finance                  I  [SBI Parser]   Col[1]: '2025-04-22'
2025-11-29 23:52:02.089 15662-15680 System.out              com.bitflow.finance                  I  [SBI Parser]   Col[2]DESC: 'VDE-6845-99999999   -ADOBE SYSTEMS SOFTWARE I 560087       IN'
2025-11-29 23:52:02.089 15662-15680 System.out              com.bitflow.finance                  I  [SBI Parser]   Col[3]: '511208760114'
2025-11-29 23:52:02.089 15662-15680 System.out              com.bitflow.finance                  I  [SBI Parser]   Col[4]DEBIT: '733.96'
2025-11-29 23:52:02.089 15662-15680 System.out              com.bitflow.finance                  I  [SBI Parser]   Col[5]CREDIT: '-'
2025-11-29 23:52:02.089 15662-15680 System.out              com.bitflow.finance                  I  [SBI Parser]   Col[6]BALANCE: '1,342,741.16'
2025-11-29 23:52:02.090 15662-15680 System.out              com.bitflow.finance                  I  [SBI Parser] Row: debit='733.96'(733.96), credit='-'(0.0), desc='VDE-6845-99999999   -ADOBE SYS'
2025-11-29 23:52:02.091 15662-15680 System.out              com.bitflow.finance                  I  [SBI Parser] Data row #2 has 7 columns:
2025-11-29 23:52:02.091 15662-15680 System.out              com.bitflow.finance                  I  [SBI Parser]   Col[0]DATE: '2025-04-26'
2025-11-29 23:52:02.091 15662-15680 System.out              com.bitflow.finance                  I  [SBI Parser]   Col[1]: '2025-04-26'
2025-11-29 23:52:02.091 15662-15680 System.out              com.bitflow.finance                  I  [SBI Parser]   Col[2]DESC: 'VDE-6845-99999999   -ADOBE SYSTEMS SOFTWARE I 560087       IN'
2025-11-29 23:52:02.091 15662-15680 System.out              com.bitflow.finance                  I  [SBI Parser]   Col[3]: '511617022896'
2025-11-29 23:52:02.091 15662-15680 System.out              com.bitflow.finance                  I  [SBI Parser]   Col[4]DEBIT: '733.96'
2025-11-29 23:52:02.091 15662-15680 System.out              com.bitflow.finance                  I  [SBI Parser]   Col[5]CREDIT: '-'
2025-11-29 23:52:02.091 15662-15680 System.out              com.bitflow.finance                  I  [SBI Parser]   Col[6]BALANCE: '1,342,007.20'
2025-11-29 23:52:02.091 15662-15680 System.out              com.bitflow.finance                  I  [SBI Parser] Row: debit='733.96'(733.96), credit='-'(0.0), desc='VDE-6845-99999999   -ADOBE SYS'
2025-11-29 23:52:02.092 15662-15680 System.out              com.bitflow.finance                  I  [SBI Parser] Row: debit='6,195.00'(6195.0), credit='-'(0.0), desc='VDE-6845-89051978   -TATA PLAY'
2025-11-29 23:52:02.093 15662-15680 System.out              com.bitflow.finance                  I  [SBI Parser] Row: debit='733.96'(733.96), credit='-'(0.0), desc='VDE-6845-99999999   -ADOBE SYS'
2025-11-29 23:52:02.094 15662-15680 System.out              com.bitflow.finance                  I  [SBI Parser] Row: debit='1,885.64'(1885.64), credit='-'(0.0), desc='VDE-6845-99999999   -AIRTEL PA'
2025-11-29 23:52:02.094 15662-15680 System.out              com.bitflow.finance                  I  [SBI Parser] Row: debit='733.96'(733.96), credit='-'(0.0), desc='VDE-6845-99999999   -ADOBE SYS'
2025-11-29 23:52:02.095 15662-15680 System.out              com.bitflow.finance                  I  [SBI Parser] Row: debit='2,021.81'(2021.81), credit='-'(0.0), desc='VIE-6845-840/2360-OPENAI *CHAT'
2025-11-29 23:52:02.096 15662-15680 System.out              com.bitflow.finance                  I  [SBI Parser] Row: debit='35.40'(35.4), credit='-'(0.0), desc='MARKUP- INT TXN AMT -23.6 31-M'
2025-11-29 23:52:02.096 15662-15680 System.out              com.bitflow.finance                  I  [SBI Parser] Row: debit='2,024.52'(2024.52), credit='-'(0.0), desc='VIE-6845-840/2360-OPENAI *CHAT'
2025-11-29 23:52:02.097 15662-15680 System.out              com.bitflow.finance                  I  [SBI Parser] Row: debit='35.40'(35.4), credit='-'(0.0), desc='MARKUP- INT TXN AMT -23.6 01-J'
2025-11-29 23:52:02.098 15662-15680 System.out              com.bitflow.finance                  I  [SBI Parser] Row: debit='1,839.66'(1839.66), credit='-'(0.0), desc='VDP-6845-42753458   -P225 PH K'
2025-11-29 23:52:02.099 15662-15680 System.out              com.bitflow.finance                  I  [SBI Parser] Row: debit='2,069.20'(2069.2), credit='-'(0.0), desc='VIE-6845-840/2360-OPENAI *CHAT'
2025-11-29 23:52:02.099 15662-15680 System.out              com.bitflow.finance                  I  [SBI Parser] Row: debit='36.58'(36.58), credit='-'(0.0), desc='MARKUP- INT TXN AMT -23.6 03-A'
2025-11-29 23:52:02.100 15662-15680 System.out              com.bitflow.finance                  I  [SBI Parser] Row: debit='6,195.00'(6195.0), credit='-'(0.0), desc='VDE-6845-89051977   -TATA PLAY'
2025-11-29 23:52:02.101 15662-15680 System.out              com.bitflow.finance                  I  [SBI Parser] Row: debit='399.00'(399.0), credit='-'(0.0), desc='VIE-6845-356/39900-OPENAI *CHA'
2025-11-29 23:52:02.101 15662-15680 System.out              com.bitflow.finance                  I  [SBI Parser] Row: debit='882.02'(882.02), credit='-'(0.0), desc='VIE-6845-840/1000-GITHUB, INC.'
2025-11-29 23:52:02.103 15662-15680 System.out              com.bitflow.finance                  I  [SBI Parser] Row: debit='134,900.00'(134900.0), credit='-'(0.0), desc='VDE-6845-89051742   -APPLE IND'
2025-11-29 23:52:02.103 15662-15680 System.out              com.bitflow.finance                  I  [SBI Parser] Row: debit='399.00'(399.0), credit='-'(0.0), desc='VIE-6845-356/39900-OPENAI *CHA'
2025-11-29 23:52:02.104 15662-15680 System.out              com.bitflow.finance                  I  [SBI Parser] Row: debit='41,324.54'(41324.54), credit='-'(0.0), desc='VDE-6845-70048510   -DISTRICT '
2025-11-29 23:52:02.104 15662-15680 System.out              com.bitflow.finance                  I  [SBI Parser] Row: debit='5,596.00'(5596.0), credit='-'(0.0), desc='VDE-6845-EB150370   -TATAPLAYF'
2025-11-29 23:52:02.105 15662-15680 System.out              com.bitflow.finance                  I  [SBI Parser] Row: debit='1,000.00'(1000.0), credit='-'(0.0), desc='VDP-6845-PM246064   -POONA HEA'
2025-11-29 23:52:02.105 15662-15680 System.out              com.bitflow.finance                  I  [SBI Parser] Parsed 22 transactions
2025-11-29 23:52:02.105 15662-15680 System.out              com.bitflow.finance                  I  [SBI Parser] 📊 File order: ASCENDING (oldest first)
2025-11-29 23:52:02.105 15662-15680 System.out              com.bitflow.finance                  I  [SBI Parser] ✓ Using LAST row balance: ₹1134582.53
2025-11-29 23:52:02.106 15662-15680 System.out              com.bitflow.finance                  I  [SBI Parser] Detected current balance: ₹1134582.53
2025-11-29 23:52:02.106 15662-15680 System.out              com.bitflow.finance                  I  [BackgroundImport] File: 27-Nov-2025_495985AccStmtDownloadReport.xls - Parsed 22 transactions
2025-11-29 23:52:02.106 15662-15680 System.out              com.bitflow.finance                  I  [BackgroundImport] File: 27-Nov-2025_495985AccStmtDownloadReport.xls - Detected balance: ₹1134582.53
2025-11-29 23:52:02.109 15662-15677 BLASTBufferQueue        com.bitflow.finance                  D  [VRI[MainActivity]#4](f:0,a:1) acquireNextBufferLocked size=1080x903 mFrameNumber=1 applyTransaction=true mTimestamp=111688801096195(auto) mPendingTransactions.size=0 graphicBufferId=67267777789986 transform=0
2025-11-29 23:52:02.112 15662-15680 System.out              com.bitflow.finance                  I  [TransactionRepository] Batch inserting 22 transactions
2025-11-29 23:52:02.118 15662-15680 System.out              com.bitflow.finance                  I  [TransactionRepository] Batch insert completed
2025-11-29 23:52:02.119 15662-15680 System.out              com.bitflow.finance                  I  [BackgroundImport] === BALANCE UPDATE ===
2025-11-29 23:52:02.119 15662-15680 System.out              com.bitflow.finance                  I  [BackgroundImport] Account ID: 1
2025-11-29 23:52:02.119 15662-15680 System.out              com.bitflow.finance                  I  [BackgroundImport] ✓ Using parser-detected balance: ₹1134582.53
2025-11-29 23:52:02.121 15662-15680 System.out              com.bitflow.finance                  I  [BackgroundImport] ✅ Account balance updated to: ₹1134582.53
2025-11-29 23:52:02.125 15662-15680 System.out              com.bitflow.finance                  I  [Parser Factory] Detected Excel file, converting to text...
2025-11-29 23:52:02.148 15662-15662 BLASTBufferQueue        com.bitflow.finance                  D  [VRI[MainActivity]#4](f:0,a:1) update width=1080 height=993 format=-2 mTransformHint=0
2025-11-29 23:52:02.149 15662-15677 Surface                 com.bitflow.finance                  D  Surface::disconnect
2025-11-29 23:52:02.162 15662-15677 BLASTBufferQueue        com.bitflow.finance                  D  [VRI[MainActivity]#4](f:0,a:2) producer disconnected before acquireNextBufferLocked
2025-11-29 23:52:02.194 15662-15662 BLASTBufferQueue        com.bitflow.finance                  D  [VRI[MainActivity]#4](f:0,a:2) update width=1080 height=903 format=-2 mTransformHint=0
2025-11-29 23:52:02.194 15662-15677 Surface                 com.bitflow.finance                  D  Surface::disconnect
2025-11-29 23:52:02.198 15662-15680 System.out              com.bitflow.finance                  I  [Excel Reader] Reading sheet: sheet1
2025-11-29 23:52:02.198 15662-15680 System.out              com.bitflow.finance                  I  [Excel Reader] Total rows: 161
2025-11-29 23:52:02.198 15662-15680 System.out              com.bitflow.finance                  I  [Excel Reader] Row 0: 
2025-11-29 23:52:02.198 15662-15680 System.out              com.bitflow.finance                  I  [Excel Reader] Row 1: 
2025-11-29 23:52:02.198 15662-15680 System.out              com.bitflow.finance                  I  [Excel Reader] Row 2: 
2025-11-29 23:52:02.198 15662-15680 System.out              com.bitflow.finance                  I  [Excel Reader] Row 3: STATEMENT BY PERIOD
2025-11-29 23:52:02.198 15662-15680 System.out              com.bitflow.finance                  I  [Excel Reader] Row 4: Report Date: 27-Nov-2025
2025-11-29 23:52:02.198 15662-15680 System.out              com.bitflow.finance                  I  [Excel Reader] Row 5: Account No:,,2302234754568211-INR,,,,
2025-11-29 23:52:02.198 15662-15680 System.out              com.bitflow.finance                  I  [Excel Reader] Row 6: Opening Balance:,,"3,228,941.73",,,,
2025-11-29 23:52:02.198 15662-15680 System.out              com.bitflow.finance                  I  [Excel Reader] Row 7: Closing Balance:,,"1,379,475.12",,,,
2025-11-29 23:52:02.198 15662-15680 System.out              com.bitflow.finance                  I  [Excel Reader] Row 8: Details as at:,,27-Nov-2025 19:06:19,,,,
2025-11-29 23:52:02.198 15662-15680 System.out              com.bitflow.finance                  I  [Excel Reader] Row 9: 
2025-11-29 23:52:02.199 15662-15680 System.out              com.bitflow.finance                  I  [Excel Reader] Row 10: Trans Date,Value Date,Description/Narration,Chq./Ref.No.,Debit(Dr.) INR,Credit(Cr.) INR,Balance INR
2025-11-29 23:52:02.199 15662-15680 System.out              com.bitflow.finance                  I  [Excel Reader] Row 11: 2024-04-01,2024-04-01,VDE-6845-OKHPFEH7   -WIX.COM 1108912441       +9141639393  IN-SI,409215001423,"5,097.60",-,"3,223,844.13"
2025-11-29 23:52:02.199 15662-15680 System.out              com.bitflow.finance                  I  [Excel Reader] Row 12: 2024-04-07,2024-04-07,IMPS-409816611861-RAHUL-SBIN0001857-XXXXXXX0932-SALARY,409816611861,"50,000.00",-,"3,173,844.13"
2025-11-29 23:52:02.199 15662-15680 System.out              com.bitflow.finance                  I  [Excel Reader] Row 13: 2024-04-07,2024-04-07,IMPS-409816611886-FAIZAN-KKBK0001915-XXXXXX1859-SALARY,409816611886,"22,500.00",-,"3,151,344.13"
2025-11-29 23:52:02.200 15662-15680 System.out              com.bitflow.finance                  I  [Excel Reader] Row 14: 2024-04-10,2024-04-10,IMPS-410122886145-SYED-BMCB0000029-XXXXXXXXXXX0739-MISCELLANEOUS,410122886145,"109,000.00",-,"3,042,344.13"
2025-11-29 23:52:02.200 15662-15680 System.out              com.bitflow.finance                  I  [Excel Reader] Row 15: 2024-04-13,2024-04-13,VDE-6845-89051900   -MICROSOFT INDIA CYBS SI  02240920005  IN,410302361377,170.43,-,"3,042,173.70"
2025-11-29 23:52:02.200 15662-15680 System.out              com.bitflow.finance                  I  [Excel Reader] Row 16: 2024-04-13,2024-04-13,IMPS-410421131355-PRATIK-SBIN0021197-XXXXXXX6964-SALARY OF VIPUL AND NAWAZ,410421131355,"30,000.00",-,"3,012,173.70"
2025-11-29 23:52:02.200 15662-15680 System.out              com.bitflow.finance                  I  [Excel Reader] Row 17: 2024-04-17,2024-04-17,VDE-6845-EB031182   -TATAPLAYFIBER            MUMBAI       IN,410812269528,"6,195.00",-,"3,005,978.70"
2025-11-29 23:52:02.200 15662-15680 System.out              com.bitflow.finance                  I  [Excel Reader] Row 18: 2024-04-20,2024-04-20,VDE-6845-99999999   -AIRTEL PAYMENTS BANK LTD 122015       IN,411109476744,"3,004.00",-,"3,002,974.70"
2025-11-29 23:52:02.200 15662-15680 System.out              com.bitflow.finance                  I  [Excel Reader] Row 19: 2024-04-24,2024-04-24,VDE-6845-78004389   -AMAZONRECHAG             MUMBAI       IN,411520240918,923.82,-,"3,002,050.88"
2025-11-29 23:52:02.202 15662-15677 BLASTBufferQueue        com.bitflow.finance                  D  [VRI[MainActivity]#4](f:0,a:3) producer disconnected before acquireNextBufferLocked
2025-11-29 23:52:02.208 15662-15680 System.out              com.bitflow.finance                  I  [Excel Reader] Read 161 lines from Excel
2025-11-29 23:52:02.208 15662-15680 System.out              com.bitflow.finance                  I  [Parser Factory] Read 161 lines for format detection
2025-11-29 23:52:02.229 15662-15680 System.out              com.bitflow.finance                  I  [Parser Factory] Matched SBI format with keywords: [trans date, debit] in header-like row
2025-11-29 23:52:02.229 15662-15680 System.out              com.bitflow.finance                  I  [Parser Factory]   Matched line: Trans Date,Value Date,Description/Narration,Chq./Ref.No.,Debit(Dr.) INR,Credit(Cr.) INR,Balance INR
2025-11-29 23:52:02.229 15662-15680 System.out              com.bitflow.finance                  I  [Parser Factory] Detected format: SBI
2025-11-29 23:52:02.230 15662-15680 System.out              com.bitflow.finance                  I  [SBI Parser] Scanning 160 lines for header...
2025-11-29 23:52:02.230 15662-15680 System.out              com.bitflow.finance                  I  [SBI Parser] Searching for header in first 40 lines...
2025-11-29 23:52:02.230 15662-15680 System.out              com.bitflow.finance                  I  [SBI Parser] Line 0: 
2025-11-29 23:52:02.230 15662-15680 System.out              com.bitflow.finance                  I  [SBI Parser] Line 1: 
2025-11-29 23:52:02.230 15662-15680 System.out              com.bitflow.finance                  I  [SBI Parser] Line 2: 
2025-11-29 23:52:02.230 15662-15680 System.out              com.bitflow.finance                  I  [SBI Parser] Line 3: statement by period
2025-11-29 23:52:02.230 15662-15680 System.out              com.bitflow.finance                  I  [SBI Parser] Line 4: report date: 27-nov-2025
2025-11-29 23:52:02.230 15662-15680 System.out              com.bitflow.finance                  I  [SBI Parser] Line 5: account no:,,2302234754568211-inr,,,,
2025-11-29 23:52:02.230 15662-15680 System.out              com.bitflow.finance                  I  [SBI Parser] Line 6: opening balance:,,"3,228,941.73",,,,
2025-11-29 23:52:02.230 15662-15680 System.out              com.bitflow.finance                  I  [SBI Parser] Line 7: closing balance:,,"1,379,475.12",,,,
2025-11-29 23:52:02.230 15662-15680 System.out              com.bitflow.finance                  I  [SBI Parser] Line 8: details as at:,,27-nov-2025 19:06:19,,,,
2025-11-29 23:52:02.230 15662-15680 System.out              com.bitflow.finance                  I  [SBI Parser] Line 9: 
2025-11-29 23:52:02.230 15662-15680 System.out              com.bitflow.finance                  I  [SBI Parser] Line 10: trans date,value date,description/narration,chq./ref.no.,debit(dr.) inr,credit(cr.) inr,balance inr
2025-11-29 23:52:02.230 15662-15680 System.out              com.bitflow.finance                  I  [SBI Parser] Found header match at line 10 with keywords: [trans date, debit]
2025-11-29 23:52:02.230 15662-15680 System.out              com.bitflow.finance                  I  [SBI Parser] Found header at row 10
2025-11-29 23:52:02.230 15662-15680 System.out              com.bitflow.finance                  I  [SBI Parser] Header columns (7): Trans Date | Value Date | Description/Narration | Chq./Ref.No. | Debit(Dr.) INR | Credit(Cr.) INR | Balance INR
2025-11-29 23:52:02.230 15662-15680 System.out              com.bitflow.finance                  I  [SBI Parser] Column mapping: ColumnMapping(dateIndex=0, descriptionIndex=2, debitIndex=4, creditIndex=5, balanceIndex=6, referenceIndex=3)
2025-11-29 23:52:02.231 15662-15680 System.out              com.bitflow.finance                  I  [SBI Parser] Data row #0 has 7 columns:
2025-11-29 23:52:02.231 15662-15680 System.out              com.bitflow.finance                  I  [SBI Parser]   Col[0]DATE: '2024-04-01'
2025-11-29 23:52:02.231 15662-15680 System.out              com.bitflow.finance                  I  [SBI Parser]   Col[1]: '2024-04-01'
2025-11-29 23:52:02.231 15662-15680 System.out              com.bitflow.finance                  I  [SBI Parser]   Col[2]DESC: 'VDE-6845-OKHPFEH7   -WIX.COM 1108912441       +9141639393  IN-SI'
2025-11-29 23:52:02.231 15662-15680 System.out              com.bitflow.finance                  I  [SBI Parser]   Col[3]: '409215001423'
2025-11-29 23:52:02.231 15662-15680 System.out              com.bitflow.finance                  I  [SBI Parser]   Col[4]DEBIT: '5,097.60'
2025-11-29 23:52:02.231 15662-15680 System.out              com.bitflow.finance                  I  [SBI Parser]   Col[5]CREDIT: '-'
2025-11-29 23:52:02.231 15662-15680 System.out              com.bitflow.finance                  I  [SBI Parser]   Col[6]BALANCE: '3,223,844.13'
2025-11-29 23:52:02.231 15662-15680 System.out              com.bitflow.finance                  I  [SBI Parser] Row: debit='5,097.60'(5097.6), credit='-'(0.0), desc='VDE-6845-OKHPFEH7   -WIX.COM 1'
2025-11-29 23:52:02.233 15662-15680 System.out              com.bitflow.finance                  I  [SBI Parser] Data row #1 has 7 columns:
2025-11-29 23:52:02.233 15662-15680 System.out              com.bitflow.finance                  I  [SBI Parser]   Col[0]DATE: '2024-04-07'
2025-11-29 23:52:02.233 15662-15680 System.out              com.bitflow.finance                  I  [SBI Parser]   Col[1]: '2024-04-07'
2025-11-29 23:52:02.233 15662-15680 System.out              com.bitflow.finance                  I  [SBI Parser]   Col[2]DESC: 'IMPS-409816611861-RAHUL-SBIN0001857-XXXXXXX0932-SALARY'
2025-11-29 23:52:02.233 15662-15680 System.out              com.bitflow.finance                  I  [SBI Parser]   Col[3]: '409816611861'
2025-11-29 23:52:02.233 15662-15680 System.out              com.bitflow.finance                  I  [SBI Parser]   Col[4]DEBIT: '50,000.00'
2025-11-29 23:52:02.233 15662-15680 System.out              com.bitflow.finance                  I  [SBI Parser]   Col[5]CREDIT: '-'
2025-11-29 23:52:02.233 15662-15680 System.out              com.bitflow.finance                  I  [SBI Parser]   Col[6]BALANCE: '3,173,844.13'
2025-11-29 23:52:02.234 15662-15680 System.out              com.bitflow.finance                  I  [SBI Parser] Row: debit='50,000.00'(50000.0), credit='-'(0.0), desc='IMPS-409816611861-RAHUL-SBIN00'
2025-11-29 23:52:02.234 15662-15680 System.out              com.bitflow.finance                  I  [SBI Parser] Data row #2 has 7 columns:
2025-11-29 23:52:02.235 15662-15680 System.out              com.bitflow.finance                  I  [SBI Parser]   Col[0]DATE: '2024-04-07'
2025-11-29 23:52:02.235 15662-15680 System.out              com.bitflow.finance                  I  [SBI Parser]   Col[1]: '2024-04-07'
2025-11-29 23:52:02.235 15662-15680 System.out              com.bitflow.finance                  I  [SBI Parser]   Col[2]DESC: 'IMPS-409816611886-FAIZAN-KKBK0001915-XXXXXX1859-SALARY'
2025-11-29 23:52:02.235 15662-15680 System.out              com.bitflow.finance                  I  [SBI Parser]   Col[3]: '409816611886'
2025-11-29 23:52:02.235 15662-15680 System.out              com.bitflow.finance                  I  [SBI Parser]   Col[4]DEBIT: '22,500.00'
2025-11-29 23:52:02.235 15662-15680 System.out              com.bitflow.finance                  I  [SBI Parser]   Col[5]CREDIT: '-'
2025-11-29 23:52:02.235 15662-15680 System.out              com.bitflow.finance                  I  [SBI Parser]   Col[6]BALANCE: '3,151,344.13'
2025-11-29 23:52:02.235 15662-15680 System.out              com.bitflow.finance                  I  [SBI Parser] Row: debit='22,500.00'(22500.0), credit='-'(0.0), desc='IMPS-409816611886-FAIZAN-KKBK0'
2025-11-29 23:52:02.236 15662-15680 System.out              com.bitflow.finance                  I  [SBI Parser] Row: debit='109,000.00'(109000.0), credit='-'(0.0), desc='IMPS-410122886145-SYED-BMCB000'
2025-11-29 23:52:02.238 15662-15680 System.out              com.bitflow.finance                  I  [SBI Parser] Row: debit='170.43'(170.43), credit='-'(0.0), desc='VDE-6845-89051900   -MICROSOFT'
2025-11-29 23:52:02.239 15662-15680 System.out              com.bitflow.finance                  I  [SBI Parser] Row: debit='30,000.00'(30000.0), credit='-'(0.0), desc='IMPS-410421131355-PRATIK-SBIN0'
2025-11-29 23:52:02.239 15662-15680 System.out              com.bitflow.finance                  I  [SBI Parser] Row: debit='6,195.00'(6195.0), credit='-'(0.0), desc='VDE-6845-EB031182   -TATAPLAYF'
2025-11-29 23:52:02.240 15662-15680 System.out              com.bitflow.finance                  I  [SBI Parser] Row: debit='3,004.00'(3004.0), credit='-'(0.0), desc='VDE-6845-99999999   -AIRTEL PA'
2025-11-29 23:52:02.240 15662-15680 System.out              com.bitflow.finance                  I  [SBI Parser] Row: debit='923.82'(923.82), credit='-'(0.0), desc='VDE-6845-78004389   -AMAZONREC'
2025-11-29 23:52:02.241 15662-15680 System.out              com.bitflow.finance                  I  [SBI Parser] Row: debit='1,693.78'(1693.78), credit='-'(0.0), desc='VIE-6845-840/2000-CHATGPT SUBS'
2025-11-29 23:52:02.241 15662-15680 System.out              com.bitflow.finance                  I  [SBI Parser] Row: debit='3,600.00'(3600.0), credit='-'(0.0), desc='VDP-6845-82220233   -BHAUSAHEB'
2025-11-29 23:52:02.242 15662-15680 System.out              com.bitflow.finance                  I  [SBI Parser] Row: debit='13,365.00'(13365.0), credit='-'(0.0), desc='VDE-6845-99999999   -CLEARTRIP'
2025-11-29 23:52:02.242 15662-15680 System.out              com.bitflow.finance                  I  [SBI Parser] Row: debit='12,000.00'(12000.0), credit='-'(0.0), desc='IMPS-413213871425-PRATIK-SBIN0'
2025-11-29 23:52:02.244 15662-15680 System.out              com.bitflow.finance                  I  [SBI Parser] Row: debit='22,500.00'(22500.0), credit='-'(0.0), desc='IMPS-413213871463-FAIZAN-KKBK0'
2025-11-29 23:52:02.245 15662-15680 System.out              com.bitflow.finance                  I  [SBI Parser] Row: debit='18,000.00'(18000.0), credit='-'(0.0), desc='IMPS-413221891911-PRATIK-SBIN0'
2025-11-29 23:52:02.246 15662-15680 System.out              com.bitflow.finance                  I  [SBI Parser] Row: debit='50,000.00'(50000.0), credit='-'(0.0), desc='IMPS-413317913591-RAHUL-SBIN00'
2025-11-29 23:52:02.247 15662-15680 System.out              com.bitflow.finance                  I  [SBI Parser] Row: debit='170.43'(170.43), credit='-'(0.0), desc='VDE-6845-89051900   -MICROSOFT'
2025-11-29 23:52:02.248 15662-15680 System.out              com.bitflow.finance                  I  [SBI Parser] Row: debit='5,056.00'(5056.0), credit='-'(0.0), desc='VDE-6845-99999999   -CLEARTRIP'
2025-11-29 23:52:02.249 15662-15680 System.out              com.bitflow.finance                  I  [SBI Parser] Row: debit='10,763.00'(10763.0), credit='-'(0.0), desc='VDE-6845-99999999   -CLEARTRIP'
2025-11-29 23:52:02.249 15662-15680 System.out              com.bitflow.finance                  I  [SBI Parser] Row: debit='-'(0.0), credit='1.00'(1.0), desc='IMPS-413422500102-TAPITS TECHN'
2025-11-29 23:52:02.250 15662-15680 System.out              com.bitflow.finance                  I  [SBI Parser] Row: debit='-'(0.0), credit='200.00'(200.0), desc='AU ROYALE BUSINESS CASHBACK - '
2025-11-29 23:52:02.250 15662-15680 System.out              com.bitflow.finance                  I  [SBI Parser] Row: debit='2.00'(2.0), credit='-'(0.0), desc='VDE-6845-89051772   -GOOGLE PL'
2025-11-29 23:52:02.251 15662-15680 System.out              com.bitflow.finance                  I  [SBI Parser] Row: debit='5,247.00'(5247.0), credit='-'(0.0), desc='VDE-6845-99999999   -CLEARTRIP'
2025-11-29 23:52:02.251 15662-15680 System.out              com.bitflow.finance                  I  [SBI Parser] Row: debit='-'(0.0), credit='2.00'(2.0), desc='REFUND-GOOGLE PLAY-220524'
2025-11-29 23:52:02.251 15662-15680 System.out              com.bitflow.finance                  I  [SBI Parser] Row: debit='13,069.00'(13069.0), credit='-'(0.0), desc='VDE-6845-99999999   -CLEARTRIP'
2025-11-29 23:52:02.252 15662-15680 System.out              com.bitflow.finance                  I  [SBI Parser] Row: debit='4,000.00'(4000.0), credit='-'(0.0), desc='VDE-6845-89052168   -GOOGLE PL'
2025-11-29 23:52:02.252 15662-15680 System.out              com.bitflow.finance                  I  [SBI Parser] Row: debit='6,230.00'(6230.0), credit='-'(0.0), desc='VDE-6845-87081873   -AMAZON PA'
2025-11-29 23:52:02.253 15662-15680 System.out              com.bitflow.finance                  I  [SBI Parser] Row: debit='4,708.00'(4708.0), credit='-'(0.0), desc='VDE-6845-89051631   -WWW AMAZO'
2025-11-29 23:52:02.253 15662-15680 System.out              com.bitflow.finance                  I  [SBI Parser] Row: debit='4,906.00'(4906.0), credit='-'(0.0), desc='VDE-6845-89051631   -WWW AMAZO'
2025-11-29 23:52:02.254 15662-15680 System.out              com.bitflow.finance                  I  [SBI Parser] Row: debit='3,359.00'(3359.0), credit='-'(0.0), desc='VDP-6845-21070410   -MY CAR PU'
2025-11-29 23:52:02.255 15662-15680 System.out              com.bitflow.finance                  I  [SBI Parser] Row: debit='-'(0.0), credit='3,359.00'(3359.0), desc='UPI/CR/415276134437/PRATIK KAL'
2025-11-29 23:52:02.255 15662-15680 System.out              com.bitflow.finance                  I  [SBI Parser] Row: debit='805.82'(805.82), credit='-'(0.0), desc='VDE-6845-78004389   -AMAZONREC'
2025-11-29 23:52:02.256 15662-15680 System.out              com.bitflow.finance                  I  [SBI Parser] Row: debit='13,826.29'(13826.29), credit='-'(0.0), desc='VDE-6845-87051458   -RAZ*IRCTC'
2025-11-29 23:52:02.256 15662-15680 System.out              com.bitflow.finance                  I  [SBI Parser] Row: debit='32,255.96'(32255.96), credit='-'(0.0), desc='VDE-6845-87051458   -RAZ*IRCTC'
2025-11-29 23:52:02.257 15662-15680 System.out              com.bitflow.finance                  I  [SBI Parser] Row: debit='31,910.34'(31910.34), credit='-'(0.0), desc='VDE-6845-87051458   -RAZ*IRCTC'
2025-11-29 23:52:02.258 15662-15680 System.out              com.bitflow.finance                  I  [SBI Parser] Row: debit='-'(0.0), credit='118.17'(118.17), desc='AU ROYALE BUSINESS CASHBACK AP'
2025-11-29 23:52:02.259 15662-15680 System.out              com.bitflow.finance                  I  [SBI Parser] Row: debit='-'(0.0), credit='32,255.96'(32255.96), desc='REFUND-RAZ*IRCTC-100624'
2025-11-29 23:52:02.260 15662-15680 System.out              com.bitflow.finance                  I  [SBI Parser] Row: debit='-'(0.0), credit='31,910.34'(31910.34), desc='REFUND-RAZ*IRCTC-110624'
2025-11-29 23:52:02.261 15662-15680 System.out              com.bitflow.finance                  I  [SBI Parser] Row: debit='170.43'(170.43), credit='-'(0.0), desc='VDE-6845-89051900   -MICROSOFT'
2025-11-29 23:52:02.261 15662-15680 System.out              com.bitflow.finance                  I  [SBI Parser] Row: debit='12,846.00'(12846.0), credit='-'(0.0), desc='VDP-6845-42592469   -LIFE STYL'
2025-11-29 23:52:02.262 15662-15680 System.out              com.bitflow.finance                  I  [SBI Parser] Row: debit='18,000.00'(18000.0), credit='-'(0.0), desc='IMPS-416722416997-PRATIK-SBIN0'
2025-11-29 23:52:02.262 15662-15680 System.out              com.bitflow.finance                  I  [SBI Parser] Row: debit='50,000.00'(50000.0), credit='-'(0.0), desc='IMPS-416722417010-RAHUL-SBIN00'
2025-11-29 23:52:02.263 15662-15680 System.out              com.bitflow.finance                  I  [SBI Parser] Row: debit='22,500.00'(22500.0), credit='-'(0.0), desc='IMPS-416722417011-FAIZAN-KKBK0'
2025-11-29 23:52:02.263 15662-15680 System.out              com.bitflow.finance                  I  [SBI Parser] Row: debit='923.82'(923.82), credit='-'(0.0), desc='VDE-6845-78004389   -AMAZONREC'
2025-11-29 23:52:02.264 15662-15680 System.out              com.bitflow.finance                  I  [SBI Parser] Row: debit='8,059.00'(8059.0), credit='-'(0.0), desc='VDP-6845-63307735   -BAVARIA M'
2025-11-29 23:52:02.264 15662-15680 System.out              com.bitflow.finance                  I  [SBI Parser] Row: debit='12,000.00'(12000.0), credit='-'(0.0), desc='IMPS-417115544997-PRATIK-SBIN0'
2025-11-29 23:52:02.265 15662-15680 System.out              com.bitflow.finance                  I  [SBI Parser] Row: debit='51,000.00'(51000.0), credit='-'(0.0), desc='VDP-6845-69126139   -AUTO TECH'
2025-11-29 23:52:02.265 15662-15680 System.out              com.bitflow.finance                  I  [SBI Parser] Row: debit='-'(0.0), credit='200.00'(200.0), desc='AU ROYALE BUSINESS CASHBACK - '
2025-11-29 23:52:02.266 15662-15680 System.out              com.bitflow.finance                  I  [SBI Parser] Row: debit='9,708.00'(9708.0), credit='-'(0.0), desc='VDE-6845-99999999   -CLEARTRIP'
2025-11-29 23:52:02.266 15662-15680 System.out              com.bitflow.finance                  I  [SBI Parser] Row: debit='17,798.00'(17798.0), credit='-'(0.0), desc='VDE-6845-99999999   -CLEARTRIP'
2025-11-29 23:52:02.267 15662-15680 System.out              com.bitflow.finance                  I  [SBI Parser] Row: debit='13,990.00'(13990.0), credit='-'(0.0), desc='VDE-6845-99999999   -CLEARTRIP'
2025-11-29 23:52:02.267 15662-15680 System.out              com.bitflow.finance                  I  [SBI Parser] Row: debit='3,000.00'(3000.0), credit='-'(0.0), desc='NDA-6845-S1ANNF39 -SERENE MEAD'
2025-11-29 23:52:02.268 15662-15680 System.out              com.bitflow.finance                  I  [SBI Parser] Row: debit='4,000.00'(4000.0), credit='-'(0.0), desc='VDP-6845-95028578   -BHARAT PE'
2025-11-29 23:52:02.269 15662-15680 System.out              com.bitflow.finance                  I  [SBI Parser] Row: debit='64,362.00'(64362.0), credit='-'(0.0), desc='VDP-6845-69126139   -AUTO TECH'
2025-11-29 23:52:02.270 15662-15680 System.out              com.bitflow.finance                  I  [SBI Parser] Row: debit='84,542.00'(84542.0), credit='-'(0.0), desc='VDE-6845-00000013   -SHRIRAM C'
2025-11-29 23:52:02.271 15662-15680 System.out              com.bitflow.finance                  I  [SBI Parser] Row: debit='7,290.00'(7290.0), credit='-'(0.0), desc='VDP-6845-82220233   -BHAUSAHEB'
2025-11-29 23:52:02.271 15662-15680 System.out              com.bitflow.finance                  I  [SBI Parser] Row: debit='3,650.00'(3650.0), credit='-'(0.0), desc='VDP-6845-82220233   -BHAUSAHEB'
2025-11-29 23:52:02.272 15662-15680 System.out              com.bitflow.finance                  I  [SBI Parser] Row: debit='50,000.00'(50000.0), credit='-'(0.0), desc='IMPS-419100383849-RAHUL-SBIN00'
2025-11-29 23:52:02.272 15662-15680 System.out              com.bitflow.finance                  I  [SBI Parser] Row: debit='18,000.00'(18000.0), credit='-'(0.0), desc='IMPS-419100383850-VIPUL-SBIN00'
2025-11-29 23:52:02.272 15662-15680 System.out              com.bitflow.finance                  I  [SBI Parser] Row: debit='22,500.00'(22500.0), credit='-'(0.0), desc='IMPS-419100383818-FAIZAN-KKBK0'
2025-11-29 23:52:02.273 15662-15680 System.out              com.bitflow.finance                  I  [SBI Parser] Row: debit='-'(0.0), credit='22,500.00'(22500.0), desc='RETURN IMPS-419100383818-FAIZA'
2025-11-29 23:52:02.273 15662-15680 System.out              com.bitflow.finance                  I  [SBI Parser] Row: debit='15,000.00'(15000.0), credit='-'(0.0), desc='IMPS-419100383871-CHRISTIANA M'
2025-11-29 23:52:02.274 15662-15680 System.out              com.bitflow.finance                  I  [SBI Parser] Row: debit='30,000.00'(30000.0), credit='-'(0.0), desc='IMPS-419100383875-VIJAYA-SBIN0'
2025-11-29 23:52:02.275 15662-15680 System.out              com.bitflow.finance                  I  [SBI Parser] Row: debit='12,000.00'(12000.0), credit='-'(0.0), desc='IMPS-419100383890-NAWAZ-KKBK00'
2025-11-29 23:52:02.275 15662-15680 System.out              com.bitflow.finance                  I  [SBI Parser] Row: debit='-'(0.0), credit='12,000.00'(12000.0), desc='RETURN IMPS-419100383890-NAWAZ'
2025-11-29 23:52:02.275 15662-15680 System.out              com.bitflow.finance                  I  [SBI Parser] Row: debit='114,000.00'(114000.0), credit='-'(0.0), desc='IMPS-419100383904-DEEPALI KALI'
2025-11-29 23:52:02.276 15662-15680 System.out              com.bitflow.finance                  I  [SBI Parser] Row: debit='170.43'(170.43), credit='-'(0.0), desc='VDE-6845-89051900   -MICROSOFT'
2025-11-29 23:52:02.276 15662-15680 System.out              com.bitflow.finance                  I  [SBI Parser] Row: debit='6,195.00'(6195.0), credit='-'(0.0), desc='VDE-6845-EB031182   -TATAPLAYF'
2025-11-29 23:52:02.277 15662-15680 System.out              com.bitflow.finance                  I  [SBI Parser] Row: debit='700.00'(700.0), credit='-'(0.0), desc='VDE-6845-PZ029349   -EASEBUZZ '
2025-11-29 23:52:02.277 15662-15680 System.out              com.bitflow.finance                  I  [SBI Parser] Row: debit='-'(0.0), credit='675.22'(675.22), desc='NEFT CR-YESB42043281562-EASEBU'
2025-11-29 23:52:02.278 15662-15680 System.out              com.bitflow.finance                  I  [SBI Parser] Row: debit='12,000.00'(12000.0), credit='-'(0.0), desc='IMPS-420621031720-NAWAZ-KKBK00'
2025-11-29 23:52:02.278 15662-15680 System.out              com.bitflow.finance                  I  [SBI Parser] Row: debit='22,500.00'(22500.0), credit='-'(0.0), desc='IMPS-420621031768-FAIZAN-KKBK0'
2025-11-29 23:52:02.279 15662-15680 System.out              com.bitflow.finance                  I  [SBI Parser] Row: debit='49,000.00'(49000.0), credit='-'(0.0), desc='IMPS-420621031777-YASHIKA-BKID'
2025-11-29 23:52:02.279 15662-15680 System.out              com.bitflow.finance                  I  [SBI Parser] Row: debit='42,000.00'(42000.0), credit='-'(0.0), desc='IMPS-420621031779-KUNAL CHAUDH'
2025-11-29 23:52:02.280 15662-15680 System.out              com.bitflow.finance                  I  [SBI Parser] Row: debit='59,000.00'(59000.0), credit='-'(0.0), desc='VDE-6845-100011AO   -RAZ*GLASS'
2025-11-29 23:52:02.280 15662-15680 System.out              com.bitflow.finance                  I  [SBI Parser] Row: debit='2,013.14'(2013.14), credit='-'(0.0), desc='VIE-6845-840/2360-OPENAI *CHAT'
2025-11-29 23:52:02.281 15662-15680 System.out              com.bitflow.finance                  I  [SBI Parser] Row: debit='6,195.00'(6195.0), credit='-'(0.0), desc='VDE-6845-89051977   -TATA PLAY'
2025-11-29 23:52:02.281 15662-15680 System.out              com.bitflow.finance                  I  [SBI Parser] Row: debit='713.89'(713.89), credit='-'(0.0), desc='VDE-6845-78004389   -AMAZONREC'
2025-11-29 23:52:02.282 15662-15680 System.out              com.bitflow.finance                  I  [SBI Parser] Row: debit='12,000.00'(12000.0), credit='-'(0.0), desc='IMPS-423821327383-NAWAZ-KKBK00'
2025-11-29 23:52:02.282 15662-15680 System.out              com.bitflow.finance                  I  [SBI Parser] Row: debit='18,000.00'(18000.0), credit='-'(0.0), desc='IMPS-423821327403-VIPUL-SBIN00'
2025-11-29 23:52:02.283 15662-15680 System.out              com.bitflow.finance                  I  [SBI Parser] Row: debit='50,000.00'(50000.0), credit='-'(0.0), desc='IMPS-423821327420-RAHUL-SBIN00'
2025-11-29 23:52:02.283 15662-15680 System.out              com.bitflow.finance                  I  [SBI Parser] Row: debit='100,000.00'(100000.0), credit='-'(0.0), desc='IMPS-423921359364-PRATIK-SBIN0'
2025-11-29 23:52:02.283 15662-15680 System.out              com.bitflow.finance                  I  [SBI Parser] Row: debit='1,678.70'(1678.7), credit='-'(0.0), desc='VIE-6845-840/2000-OPENAI *CHAT'
2025-11-29 23:52:02.284 15662-15680 System.out              com.bitflow.finance                  I  [SBI Parser] Row: debit='4,027.69'(4027.69), credit='-'(0.0), desc='VIE-6845-840/4800-WRITEHUMAN.A'
2025-11-29 23:52:02.284 15662-15680 System.out              com.bitflow.finance                  I  [SBI Parser] Row: debit='3,927.00'(3927.0), credit='-'(0.0), desc='VDP-6845-82220233   -BHAUSAHEB'
2025-11-29 23:52:02.284 15662-15680 System.out              com.bitflow.finance                  I  [SBI Parser] Row: debit='70.80'(70.8), credit='-'(0.0), desc='MARK UP FEE ON INT TXN OF AMT '
2025-11-29 23:52:02.284 15662-15680 System.out              com.bitflow.finance                  I  [SBI Parser] Row: debit='646.00'(646.0), credit='-'(0.0), desc='VDP-6845-00068578   -MS REGAL '
2025-11-29 23:52:02.285 15662-15680 System.out              com.bitflow.finance                  I  [SBI Parser] Row: debit='-'(0.0), credit='646.00'(646.0), desc='UPI/CR/425218187296/PRATIK KAL'
2025-11-29 23:52:02.285 15662-15680 System.out              com.bitflow.finance                  I  [SBI Parser] Row: debit='129,900.00'(129900.0), credit='-'(0.0), desc='VDE-6845-89051742   -APPLE IND'
2025-11-29 23:52:02.286 15662-15680 System.out              com.bitflow.finance                  I  [SBI Parser] Row: debit='340.86'(340.86), credit='-'(0.0), desc='VDE-6845-89051900   -MICROSOFT'
2025-11-29 23:52:02.286 15662-15680 System.out              com.bitflow.finance                  I  [SBI Parser] Row: debit='735.00'(735.0), credit='-'(0.0), desc='VDE-6845-10001A4C   -RAZ*SAGE '
2025-11-29 23:52:02.286 15662-15680 System.out              com.bitflow.finance                  I  [SBI Parser] Row: debit='-'(0.0), credit='700.00'(700.0), desc='REFUND-RAZ*SAGE VISTA GLOBAL P'
2025-11-29 23:52:02.287 15662-15680 System.out              com.bitflow.finance                  I  [SBI Parser] Row: debit='50,000.00'(50000.0), credit='-'(0.0), desc='IMPS-426717520775-RAHUL-SBIN00'
2025-11-29 23:52:02.287 15662-15680 System.out              com.bitflow.finance                  I  [SBI Parser] Row: debit='18,000.00'(18000.0), credit='-'(0.0), desc='IMPS-426717520814-VIPUL-SBIN00'
2025-11-29 23:52:02.288 15662-15680 System.out              com.bitflow.finance                  I  [SBI Parser] Row: debit='-'(0.0), credit='12.95'(12.95), desc='NEFT CR-AXISCN0753996163-RAZOR'
2025-11-29 23:52:02.288 15662-15680 System.out              com.bitflow.finance                  I  [SBI Parser] Row: debit='12,901.00'(12901.0), credit='-'(0.0), desc='VDP-6845-MH130667   -GARVE CAR'
2025-11-29 23:52:02.288 15662-15680 System.out              com.bitflow.finance                  I  [SBI Parser] Row: debit='64,099.00'(64099.0), credit='-'(0.0), desc='VDE-6845-70028859   -FLIPKART '
2025-11-29 23:52:02.289 15662-15680 System.out              com.bitflow.finance                  I  [SBI Parser] Row: debit='2,111.00'(2111.0), credit='-'(0.0), desc='VDE-6845-87081873   -AMAZON PA'
2025-11-29 23:52:02.289 15662-15680 System.out              com.bitflow.finance                  I  [SBI Parser] Row: debit='1,976.19'(1976.19), credit='-'(0.0), desc='VIE-6845-840/2360-OPENAI *CHAT'
2025-11-29 23:52:02.290 15662-15680 System.out              com.bitflow.finance                  I  [SBI Parser] Row: debit='-'(0.0), credit='7.61'(7.61), desc='NEFT CR-AXISCN0761182608-RAZOR'
2025-11-29 23:52:02.290 15662-15680 System.out              com.bitflow.finance                  I  [SBI Parser] Row: debit='35.40'(35.4), credit='-'(0.0), desc='MARK UP FEE ON INT TXN OF AMT '
2025-11-29 23:52:02.291 15662-15680 System.out              com.bitflow.finance                  I  [SBI Parser] Row: debit='14,800.00'(14800.0), credit='-'(0.0), desc='VDP-6845-PR304138   -KRISHNA M'
2025-11-29 23:52:02.291 15662-15680 System.out              com.bitflow.finance                  I  [SBI Parser] Row: debit='170.43'(170.43), credit='-'(0.0), desc='VDE-6845-89051900   -MICROSOFT'
2025-11-29 23:52:02.291 15662-15680 System.out              com.bitflow.finance                  I  [SBI Parser] Row: debit='735.00'(735.0), credit='-'(0.0), desc='VDE-6845-10001A4C   -RAZ*SAGE '
2025-11-29 23:52:02.292 15662-15680 System.out              com.bitflow.finance                  I  [SBI Parser] Row: debit='-'(0.0), credit='1,403.84'(1403.84), desc='NEFT CR-AXISCN0777753946-RAZOR'
2025-11-29 23:52:02.293 15662-15680 System.out              com.bitflow.finance                  I  [SBI Parser] Row: debit='18,000.00'(18000.0), credit='-'(0.0), desc='IMPS-428915431034-VIPUL-SBIN00'
2025-11-29 23:52:02.294 15662-15680 System.out              com.bitflow.finance                  I  [SBI Parser] Row: debit='50,000.00'(50000.0), credit='-'(0.0), desc='IMPS-428915431092-RAHUL-SBIN00'
2025-11-29 23:52:02.294 15662-15680 System.out              com.bitflow.finance                  I  [SBI Parser] Row: debit='12,000.00'(12000.0), credit='-'(0.0), desc='IMPS-428915431125-NAWAZ-KKBK00'
2025-11-29 23:52:02.295 15662-15680 System.out              com.bitflow.finance                  I  [SBI Parser] Row: debit='733.96'(733.96), credit='-'(0.0), desc='VDE-6845-99999999   -ADOBE SYS'
2025-11-29 23:52:02.295 15662-15680 System.out              com.bitflow.finance                  I  [SBI Parser] Row: debit='833.07'(833.07), credit='-'(0.0), desc='VDE-6845-78004389   -AMAZONREC'
2025-11-29 23:52:02.295 15662-15680 System.out              com.bitflow.finance                  I  [SBI Parser] Row: debit='1,663.46'(1663.46), credit='-'(0.0), desc='VDE-6845-PU002732   -FACEBOOK '
2025-11-29 23:52:02.296 15662-15680 System.out              com.bitflow.finance                  I  [SBI Parser] Row: debit='5,000.00'(5000.0), credit='-'(0.0), desc='VDE-6845-PU002732   -FACEBOOK '
2025-11-29 23:52:02.296 15662-15680 System.out              com.bitflow.finance                  I  [SBI Parser] Row: debit='1,985.46'(1985.46), credit='-'(0.0), desc='VIE-6845-840/2360-OPENAI *CHAT'
2025-11-29 23:52:02.297 15662-15680 System.out              com.bitflow.finance                  I  [SBI Parser] Row: debit='540.86'(540.86), credit='-'(0.0), desc='VDE-6845-89051843   -FACEBOOK '
2025-11-29 23:52:02.297 15662-15680 System.out              com.bitflow.finance                  I  [SBI Parser] Row: debit='35.40'(35.4), credit='-'(0.0), desc='MARK UP FEE ON INT TXN OF AMT '
2025-11-29 23:52:02.297 15662-15680 System.out              com.bitflow.finance                  I  [SBI Parser] Row: debit='426.62'(426.62), credit='-'(0.0), desc='VDE-6845-89051843   -FACEBOOK '
2025-11-29 23:52:02.298 15662-15680 System.out              com.bitflow.finance                  I  [SBI Parser] Row: debit='3,282.54'(3282.54), credit='-'(0.0), desc='VDE-6845-78004202   -AMAZONAWS'
2025-11-29 23:52:02.298 15662-15680 System.out              com.bitflow.finance                  I  [SBI Parser] Row: debit='3,398.89'(3398.89), credit='-'(0.0), desc='VDE-6845-78004202   -AMAZONAWS'
2025-11-29 23:52:02.298 15662-15680 System.out              com.bitflow.finance                  I  [SBI Parser] Row: debit='170.43'(170.43), credit='-'(0.0), desc='VDE-6845-89051900   -MICROSOFT'
2025-11-29 23:52:02.299 15662-15680 System.out              com.bitflow.finance                  I  [SBI Parser] Row: debit='6,195.00'(6195.0), credit='-'(0.0), desc='VDE-6845-89051978   -TATA PLAY'
2025-11-29 23:52:02.299 15662-15680 System.out              com.bitflow.finance                  I  [SBI Parser] Row: debit='733.96'(733.96), credit='-'(0.0), desc='VDE-6845-99999999   -ADOBE SYS'
2025-11-29 23:52:02.300 15662-15680 System.out              com.bitflow.finance                  I  [SBI Parser] Row: debit='735.00'(735.0), credit='-'(0.0), desc='VDE-6845-10001A4C   -RAZ*SAGE '
2025-11-29 23:52:02.300 15662-15680 System.out              com.bitflow.finance                  I  [SBI Parser] Row: debit='-'(0.0), credit='712.95'(712.95), desc='NEFT CR-AXISCN0829080855-RAZOR'
2025-11-29 23:52:02.300 15662-15680 System.out              com.bitflow.finance                  I  [SBI Parser] Row: debit='1,785.32'(1785.32), credit='-'(0.0), desc='VDE-6845-78004389   -AMAZONREC'
2025-11-29 23:52:02.301 15662-15680 System.out              com.bitflow.finance                  I  [SBI Parser] Row: debit='170.43'(170.43), credit='-'(0.0), desc='VDE-6845-89051900   -MICROSOFT'
2025-11-29 23:52:02.301 15662-15680 System.out              com.bitflow.finance                  I  [SBI Parser] Row: debit='2,005.88'(2005.88), credit='-'(0.0), desc='VIE-6845-840/2360-OPENAI *CHAT'
2025-11-29 23:52:02.302 15662-15680 System.out              com.bitflow.finance                  I  [SBI Parser] Row: debit='733.96'(733.96), credit='-'(0.0), desc='VDE-6845-99999999   -ADOBE SYS'
2025-11-29 23:52:02.303 15662-15680 System.out              com.bitflow.finance                  I  [SBI Parser] Row: debit='35.40'(35.4), credit='-'(0.0), desc='MARK UP FEE ON INT TXN OF AMT '
2025-11-29 23:52:02.303 15662-15680 System.out              com.bitflow.finance                  I  [SBI Parser] Row: debit='733.96'(733.96), credit='-'(0.0), desc='VDE-6845-99999999   -ADOBE SYS'
2025-11-29 23:52:02.304 15662-15680 System.out              com.bitflow.finance                  I  [SBI Parser] Row: debit='170.43'(170.43), credit='-'(0.0), desc='VDE-6845-89051900   -MICROSOFT'
2025-11-29 23:52:02.304 15662-15680 System.out              com.bitflow.finance                  I  [SBI Parser] Row: debit='733.96'(733.96), credit='-'(0.0), desc='VDE-6845-99999999   -ADOBE SYS'
2025-11-29 23:52:02.305 15662-15680 System.out              com.bitflow.finance                  I  [SBI Parser] Row: debit='2,043.79'(2043.79), credit='-'(0.0), desc='VIE-6845-840/2360-OPENAI *CHAT'
2025-11-29 23:52:02.305 15662-15680 System.out              com.bitflow.finance                  I  [SBI Parser] Row: debit='36.58'(36.58), credit='-'(0.0), desc='MARKUP- INT TXN AMT -23.6 21-J'
2025-11-29 23:52:02.306 15662-15680 System.out              com.bitflow.finance                  I  [SBI Parser] Row: debit='733.96'(733.96), credit='-'(0.0), desc='VDE-6845-99999999   -ADOBE SYS'
2025-11-29 23:52:02.306 15662-15680 System.out              com.bitflow.finance                  I  [SBI Parser] Row: debit='824.82'(824.82), credit='-'(0.0), desc='VDE-6845-99999999   -AIRTEL PA'
2025-11-29 23:52:02.306 15662-15680 System.out              com.bitflow.finance                  I  [SBI Parser] Row: debit='1,475.00'(1475.0), credit='-'(0.0), desc='VDE-6845-00006478   -ASSOCIATI'
2025-11-29 23:52:02.307 15662-15680 System.out              com.bitflow.finance                  I  [SBI Parser] Row: debit='171.10'(171.1), credit='-'(0.0), desc='VDE-6845-89051900   -MICROSOFT'
2025-11-29 23:52:02.307 15662-15680 System.out              com.bitflow.finance                  I  [SBI Parser] Row: debit='6,195.00'(6195.0), credit='-'(0.0), desc='VDE-6845-89051978   -TATA PLAY'
2025-11-29 23:52:02.307 15662-15680 System.out              com.bitflow.finance                  I  [SBI Parser] Row: debit='733.96'(733.96), credit='-'(0.0), desc='VDE-6845-99999999   -ADOBE SYS'
2025-11-29 23:52:02.308 15662-15680 System.out              com.bitflow.finance                  I  [SBI Parser] Row: debit='733.96'(733.96), credit='-'(0.0), desc='VDE-6845-99999999   -ADOBE SYS'
2025-11-29 23:52:02.308 15662-15680 System.out              com.bitflow.finance                  I  [SBI Parser] Row: debit='3,321.59'(3321.59), credit='-'(0.0), desc='VDE-6845-78004202   -AMAZONAWS'
2025-11-29 23:52:02.309 15662-15680 System.out              com.bitflow.finance                  I  [SBI Parser] Row: debit='3,480.37'(3480.37), credit='-'(0.0), desc='VDE-6845-78004202   -AMAZONAWS'
2025-11-29 23:52:02.310 15662-15680 System.out              com.bitflow.finance                  I  [SBI Parser] Row: debit='3,451.92'(3451.92), credit='-'(0.0), desc='VDE-6845-78004202   -AMAZONAWS'
2025-11-29 23:52:02.310 15662-15680 System.out              com.bitflow.finance                  I  [SBI Parser] Row: debit='959.34'(959.34), credit='-'(0.0), desc='VDE-6845-99999999   -AIRTEL PA'
2025-11-29 23:52:02.311 15662-15680 System.out              com.bitflow.finance                  I  [SBI Parser] Row: debit='2,062.52'(2062.52), credit='-'(0.0), desc='VIE-6845-840/2360-OPENAI *CHAT'
2025-11-29 23:52:02.311 15662-15680 System.out              com.bitflow.finance                  I  [SBI Parser] Row: debit='36.58'(36.58), credit='-'(0.0), desc='MARKUP- INT TXN AMT -23.6 12-M'
2025-11-29 23:52:02.312 15662-15680 System.out              com.bitflow.finance                  I  [SBI Parser] Row: debit='733.96'(733.96), credit='-'(0.0), desc='VDE-6845-99999999   -ADOBE SYS'
2025-11-29 23:52:02.312 15662-15680 System.out              com.bitflow.finance                  I  [SBI Parser] Row: debit='733.96'(733.96), credit='-'(0.0), desc='VDE-6845-99999999   -ADOBE SYS'
2025-11-29 23:52:02.312 15662-15680 System.out              com.bitflow.finance                  I  [SBI Parser] Parsed 148 transactions
2025-11-29 23:52:02.313 15662-15680 System.out              com.bitflow.finance                  I  [SBI Parser] 📊 File order: ASCENDING (oldest first)
2025-11-29 23:52:02.313 15662-15680 System.out              com.bitflow.finance                  I  [SBI Parser] ✓ Using LAST row balance: ₹1379475.12
2025-11-29 23:52:02.313 15662-15680 System.out              com.bitflow.finance                  I  [SBI Parser] Detected current balance: ₹1379475.12
2025-11-29 23:52:02.313 15662-15680 System.out              com.bitflow.finance                  I  [BackgroundImport] File: 27-Nov-2025_495979AccStmtDownloadReport.xls - Parsed 148 transactions
2025-11-29 23:52:02.313 15662-15680 System.out              com.bitflow.finance                  I  [BackgroundImport] File: 27-Nov-2025_495979AccStmtDownloadReport.xls - Detected balance: ₹1379475.12
2025-11-29 23:52:02.320 15662-15680 System.out              com.bitflow.finance                  I  [TransactionRepository] Batch inserting 148 transactions
2025-11-29 23:52:02.334 15662-15680 System.out              com.bitflow.finance                  I  [TransactionRepository] Batch insert completed
2025-11-29 23:52:02.334 15662-15680 System.out              com.bitflow.finance                  I  [BackgroundImport] === BALANCE UPDATE ===
2025-11-29 23:52:02.334 15662-15680 System.out              com.bitflow.finance                  I  [BackgroundImport] Account ID: 1
2025-11-29 23:52:02.334 15662-15680 System.out              com.bitflow.finance                  I  [BackgroundImport] ✓ Using parser-detected balance: ₹1379475.12
2025-11-29 23:52:02.336 15662-15680 System.out              com.bitflow.finance                  I  [BackgroundImport] ✅ Account balance updated to: ₹1379475.12
2025-11-29 23:52:02.339 15662-15680 System.out              com.bitflow.finance                  I  [Parser Factory] Detected Excel file, converting to text...
2025-11-29 23:52:02.361 15662-15662 BLASTBufferQueue        com.bitflow.finance                  D  [VRI[MainActivity]#4](f:0,a:3) update width=1080 height=993 format=-2 mTransformHint=0
2025-11-29 23:52:02.362 15662-15677 Surface                 com.bitflow.finance                  D  Surface::disconnect
2025-11-29 23:52:02.373 15662-15677 BLASTBufferQueue        com.bitflow.finance                  D  [VRI[MainActivity]#4](f:0,a:4) producer disconnected before acquireNextBufferLocked
2025-11-29 23:52:02.388 15662-15680 System.out              com.bitflow.finance                  I  [Excel Reader] Reading sheet: sheet1
2025-11-29 23:52:02.388 15662-15680 System.out              com.bitflow.finance                  I  [Excel Reader] Total rows: 115
2025-11-29 23:52:02.388 15662-15680 System.out              com.bitflow.finance                  I  [Excel Reader] Row 0: 
2025-11-29 23:52:02.388 15662-15680 System.out              com.bitflow.finance                  I  [Excel Reader] Row 1: 
2025-11-29 23:52:02.388 15662-15680 System.out              com.bitflow.finance                  I  [Excel Reader] Row 2: 
2025-11-29 23:52:02.388 15662-15680 System.out              com.bitflow.finance                  I  [Excel Reader] Row 3: STATEMENT BY PERIOD
2025-11-29 23:52:02.388 15662-15680 System.out              com.bitflow.finance                  I  [Excel Reader] Row 4: Report Date: 27-Nov-2025
2025-11-29 23:52:02.388 15662-15680 System.out              com.bitflow.finance                  I  [Excel Reader] Row 5: Account No:,,2302234754568211-INR,,,,
2025-11-29 23:52:02.388 15662-15680 System.out              com.bitflow.finance                  I  [Excel Reader] Row 6: Opening Balance:,,0.00,,,,
2025-11-29 23:52:02.388 15662-15680 System.out              com.bitflow.finance                  I  [Excel Reader] Row 7: Closing Balance:,,"3,228,941.73",,,,
2025-11-29 23:52:02.388 15662-15680 System.out              com.bitflow.finance                  I  [Excel Reader] Row 8: Details as at:,,27-Nov-2025 19:05:19,,,,
2025-11-29 23:52:02.388 15662-15680 System.out              com.bitflow.finance                  I  [Excel Reader] Row 9: 
2025-11-29 23:52:02.388 15662-15680 System.out              com.bitflow.finance                  I  [Excel Reader] Row 10: Trans Date,Value Date,Description/Narration,Chq./Ref.No.,Debit(Dr.) INR,Credit(Cr.) INR,Balance INR
2025-11-29 23:52:02.388 15662-15680 System.out              com.bitflow.finance                  I  [Excel Reader] Row 11: 2023-12-14,2023-12-14,IMPS-334811260052-SYED SHAMIM RAZVI-CBIN0280678-******0111-INVESTMENT,2334801742637001,-,"1,000.00","1,000.00"
2025-11-29 23:52:02.388 15662-15680 System.out              com.bitflow.finance                  I  [Excel Reader] Row 12: 2023-12-14,2023-12-14,RTGS CR-CBINR52023121410015645-SYED-CBIN0280678-///////////////////////////////////-SAGE VISTA GLOBAL PRIVATE LIMITED,CBINR52023121410015645,-,"500,000.00","501,000.00"
2025-11-29 23:52:02.389 15662-15680 System.out              com.bitflow.finance                  I  [Excel Reader] Row 13: 2023-12-14,2023-12-15,BY CLG IDB 14/12/2023 AURANGABAD  KHATIB,000000521363,-,"500,000.00","1,001,000.00"
2025-11-29 23:52:02.389 15662-15680 System.out              com.bitflow.finance                  I  [Excel Reader] Row 14: 2023-12-14,2023-12-15,BY CLG BOM 14/12/2023 AURANGABAD  SAMINA,000000212421,-,"500,000.00","1,501,000.00"
2025-11-29 23:52:02.389 15662-15680 System.out              com.bitflow.finance                  I  [Excel Reader] Row 15: 2023-12-14,2023-12-15,BY CLG SRC 14/12/2023 AURANGABAD  KHATIB,000000018448,-,"300,000.00","1,801,000.00"
2025-11-29 23:52:02.389 15662-15680 System.out              com.bitflow.finance                  I  [Excel Reader] Row 16: 2023-12-17,2023-12-17,NEFT CR-1216I28437418581-SANKET KALIDAS CHAVAN-IBKL0NEFT01-SL//,1216i28437418581,-,"200,000.00","2,001,000.00"
2025-11-29 23:52:02.389 15662-15680 System.out              com.bitflow.finance                  I  [Excel Reader] Row 17: 2023-12-18,2023-12-18,RTGS CR-CBINR52023121810015720-SYED-CBIN0280678-///////////////////////////////////-SAGE VISTA GLOBAL PRIVATE LIMITED,CBINR52023121810015720,-,"500,000.00","2,501,000.00"
2025-11-29 23:52:02.389 15662-15680 System.out              com.bitflow.finance                  I  [Excel Reader] Row 18: 2023-12-18,2023-12-18,RTGS CR-BMCBR52023121800000325-SYED SHAMIM RAZVI ABDUL MATEEN RAZV-BMCB0000029-URGENT-SAGE VISTA GLOBAL PRIVATE LIMITED,BMCBR52023121800000325,-,"1,000,000.00","3,501,000.00"
2025-11-29 23:52:02.389 15662-15680 System.out              com.bitflow.finance                  I  [Excel Reader] Row 19: 2023-12-18,2023-12-19,BY CLG SBI 18/12/2023 PUNE  PRATIK,000000171107,-,"2,500,000.00","6,001,000.00"
2025-11-29 23:52:02.395 15662-15680 System.out              com.bitflow.finance                  I  [Excel Reader] Read 115 lines from Excel
2025-11-29 23:52:02.395 15662-15680 System.out              com.bitflow.finance                  I  [Parser Factory] Read 115 lines for format detection
2025-11-29 23:52:02.399 15662-15680 System.out              com.bitflow.finance                  I  [Parser Factory] Matched SBI format with keywords: [trans date, debit] in header-like row
2025-11-29 23:52:02.399 15662-15680 System.out              com.bitflow.finance                  I  [Parser Factory]   Matched line: Trans Date,Value Date,Description/Narration,Chq./Ref.No.,Debit(Dr.) INR,Credit(Cr.) INR,Balance INR
2025-11-29 23:52:02.399 15662-15680 System.out              com.bitflow.finance                  I  [Parser Factory] Detected format: SBI
2025-11-29 23:52:02.400 15662-15680 System.out              com.bitflow.finance                  I  [SBI Parser] Scanning 114 lines for header...
2025-11-29 23:52:02.400 15662-15680 System.out              com.bitflow.finance                  I  [SBI Parser] Searching for header in first 40 lines...
2025-11-29 23:52:02.400 15662-15680 System.out              com.bitflow.finance                  I  [SBI Parser] Line 0: 
2025-11-29 23:52:02.400 15662-15680 System.out              com.bitflow.finance                  I  [SBI Parser] Line 1: 
2025-11-29 23:52:02.400 15662-15680 System.out              com.bitflow.finance                  I  [SBI Parser] Line 2: 
2025-11-29 23:52:02.400 15662-15680 System.out              com.bitflow.finance                  I  [SBI Parser] Line 3: statement by period
2025-11-29 23:52:02.400 15662-15680 System.out              com.bitflow.finance                  I  [SBI Parser] Line 4: report date: 27-nov-2025
2025-11-29 23:52:02.400 15662-15680 System.out              com.bitflow.finance                  I  [SBI Parser] Line 5: account no:,,2302234754568211-inr,,,,
2025-11-29 23:52:02.401 15662-15680 System.out              com.bitflow.finance                  I  [SBI Parser] Line 6: opening balance:,,0.00,,,,
2025-11-29 23:52:02.401 15662-15680 System.out              com.bitflow.finance                  I  [SBI Parser] Line 7: closing balance:,,"3,228,941.73",,,,
2025-11-29 23:52:02.401 15662-15680 System.out              com.bitflow.finance                  I  [SBI Parser] Line 8: details as at:,,27-nov-2025 19:05:19,,,,
2025-11-29 23:52:02.402 15662-15680 System.out              com.bitflow.finance                  I  [SBI Parser] Line 9: 
2025-11-29 23:52:02.402 15662-15680 System.out              com.bitflow.finance                  I  [SBI Parser] Line 10: trans date,value date,description/narration,chq./ref.no.,debit(dr.) inr,credit(cr.) inr,balance inr
2025-11-29 23:52:02.402 15662-15680 System.out              com.bitflow.finance                  I  [SBI Parser] Found header match at line 10 with keywords: [trans date, debit]
2025-11-29 23:52:02.402 15662-15680 System.out              com.bitflow.finance                  I  [SBI Parser] Found header at row 10
2025-11-29 23:52:02.402 15662-15680 System.out              com.bitflow.finance                  I  [SBI Parser] Header columns (7): Trans Date | Value Date | Description/Narration | Chq./Ref.No. | Debit(Dr.) INR | Credit(Cr.) INR | Balance INR
2025-11-29 23:52:02.402 15662-15680 System.out              com.bitflow.finance                  I  [SBI Parser] Column mapping: ColumnMapping(dateIndex=0, descriptionIndex=2, debitIndex=4, creditIndex=5, balanceIndex=6, referenceIndex=3)
2025-11-29 23:52:02.402 15662-15680 System.out              com.bitflow.finance                  I  [SBI Parser] Data row #0 has 7 columns:
2025-11-29 23:52:02.402 15662-15680 System.out              com.bitflow.finance                  I  [SBI Parser]   Col[0]DATE: '2023-12-14'
2025-11-29 23:52:02.402 15662-15680 System.out              com.bitflow.finance                  I  [SBI Parser]   Col[1]: '2023-12-14'
2025-11-29 23:52:02.402 15662-15680 System.out              com.bitflow.finance                  I  [SBI Parser]   Col[2]DESC: 'IMPS-334811260052-SYED SHAMIM RAZVI-CBIN0280678-******0111-INVESTMENT'
2025-11-29 23:52:02.402 15662-15680 System.out              com.bitflow.finance                  I  [SBI Parser]   Col[3]: '2334801742637001'
2025-11-29 23:52:02.402 15662-15680 System.out              com.bitflow.finance                  I  [SBI Parser]   Col[4]DEBIT: '-'
2025-11-29 23:52:02.402 15662-15680 System.out              com.bitflow.finance                  I  [SBI Parser]   Col[5]CREDIT: '1,000.00'
2025-11-29 23:52:02.402 15662-15680 System.out              com.bitflow.finance                  I  [SBI Parser]   Col[6]BALANCE: '1,000.00'
2025-11-29 23:52:02.402 15662-15662 BLASTBufferQueue        com.bitflow.finance                  D  [VRI[MainActivity]#4](f:0,a:3) update width=1080 height=903 format=-2 mTransformHint=0
2025-11-29 23:52:02.403 15662-15680 System.out              com.bitflow.finance                  I  [SBI Parser] Row: debit='-'(0.0), credit='1,000.00'(1000.0), desc='IMPS-334811260052-SYED SHAMIM '
2025-11-29 23:52:02.403 15662-15680 System.out              com.bitflow.finance                  I  [SBI Parser] Data row #1 has 7 columns:
2025-11-29 23:52:02.403 15662-15680 System.out              com.bitflow.finance                  I  [SBI Parser]   Col[0]DATE: '2023-12-14'
2025-11-29 23:52:02.403 15662-15677 Surface                 com.bitflow.finance                  D  Surface::disconnect
2025-11-29 23:52:02.403 15662-15680 System.out              com.bitflow.finance                  I  [SBI Parser]   Col[1]: '2023-12-14'
2025-11-29 23:52:02.403 15662-15680 System.out              com.bitflow.finance                  I  [SBI Parser]   Col[2]DESC: 'RTGS CR-CBINR52023121410015645-SYED-CBIN0280678-///////////////////////////////////-SAGE VISTA GLOBAL PRIVATE LIMITED'
2025-11-29 23:52:02.403 15662-15680 System.out              com.bitflow.finance                  I  [SBI Parser]   Col[3]: 'CBINR52023121410015645'
2025-11-29 23:52:02.403 15662-15680 System.out              com.bitflow.finance                  I  [SBI Parser]   Col[4]DEBIT: '-'
2025-11-29 23:52:02.403 15662-15680 System.out              com.bitflow.finance                  I  [SBI Parser]   Col[5]CREDIT: '500,000.00'
2025-11-29 23:52:02.403 15662-15680 System.out              com.bitflow.finance                  I  [SBI Parser]   Col[6]BALANCE: '501,000.00'
2025-11-29 23:52:02.403 15662-15680 System.out              com.bitflow.finance                  I  [SBI Parser] Row: debit='-'(0.0), credit='500,000.00'(500000.0), desc='RTGS CR-CBINR52023121410015645'
2025-11-29 23:52:02.403 15662-15680 System.out              com.bitflow.finance                  I  [SBI Parser] Data row #2 has 7 columns:
2025-11-29 23:52:02.404 15662-15680 System.out              com.bitflow.finance                  I  [SBI Parser]   Col[0]DATE: '2023-12-14'
2025-11-29 23:52:02.404 15662-15680 System.out              com.bitflow.finance                  I  [SBI Parser]   Col[1]: '2023-12-15'
2025-11-29 23:52:02.404 15662-15680 System.out              com.bitflow.finance                  I  [SBI Parser]   Col[2]DESC: 'BY CLG IDB 14/12/2023 AURANGABAD  KHATIB'
2025-11-29 23:52:02.404 15662-15680 System.out              com.bitflow.finance                  I  [SBI Parser]   Col[3]: '000000521363'
2025-11-29 23:52:02.404 15662-15680 System.out              com.bitflow.finance                  I  [SBI Parser]   Col[4]DEBIT: '-'
2025-11-29 23:52:02.404 15662-15680 System.out              com.bitflow.finance                  I  [SBI Parser]   Col[5]CREDIT: '500,000.00'
2025-11-29 23:52:02.404 15662-15680 System.out              com.bitflow.finance                  I  [SBI Parser]   Col[6]BALANCE: '1,001,000.00'
2025-11-29 23:52:02.404 15662-15680 System.out              com.bitflow.finance                  I  [SBI Parser] Row: debit='-'(0.0), credit='500,000.00'(500000.0), desc='BY CLG IDB 14/12/2023 AURANGAB'
2025-11-29 23:52:02.404 15662-15680 System.out              com.bitflow.finance                  I  [SBI Parser] Row: debit='-'(0.0), credit='500,000.00'(500000.0), desc='BY CLG BOM 14/12/2023 AURANGAB'
2025-11-29 23:52:02.405 15662-15680 System.out              com.bitflow.finance                  I  [SBI Parser] Row: debit='-'(0.0), credit='300,000.00'(300000.0), desc='BY CLG SRC 14/12/2023 AURANGAB'
2025-11-29 23:52:02.405 15662-15680 System.out              com.bitflow.finance                  I  [SBI Parser] Row: debit='-'(0.0), credit='200,000.00'(200000.0), desc='NEFT CR-1216I28437418581-SANKE'
2025-11-29 23:52:02.405 15662-15680 System.out              com.bitflow.finance                  I  [SBI Parser] Row: debit='-'(0.0), credit='500,000.00'(500000.0), desc='RTGS CR-CBINR52023121810015720'
2025-11-29 23:52:02.406 15662-15680 System.out              com.bitflow.finance                  I  [SBI Parser] Row: debit='-'(0.0), credit='1,000,000.00'(1000000.0), desc='RTGS CR-BMCBR52023121800000325'
2025-11-29 23:52:02.406 15662-15680 System.out              com.bitflow.finance                  I  [SBI Parser] Row: debit='-'(0.0), credit='2,500,000.00'(2500000.0), desc='BY CLG SBI 18/12/2023 PUNE  PR'
2025-11-29 23:52:02.406 15662-15680 System.out              com.bitflow.finance                  I  [SBI Parser] Row: debit='-'(0.0), credit='500,000.00'(500000.0), desc='RTGS CR-BMCBR52023121900000328'
2025-11-29 23:52:02.407 15662-15680 System.out              com.bitflow.finance                  I  [SBI Parser] Row: debit='-'(0.0), credit='500,000.00'(500000.0), desc='BY CLG IDB 20/12/2023 AURANGAB'
2025-11-29 23:52:02.407 15662-15680 System.out              com.bitflow.finance                  I  [SBI Parser] Row: debit='-'(0.0), credit='200,000.00'(200000.0), desc='IMPS-335422148040-SANKET KALID'
2025-11-29 23:52:02.407 15662-15680 System.out              com.bitflow.finance                  I  [SBI Parser] Row: debit='-'(0.0), credit='2,100,000.00'(2100000.0), desc='RTGS CR-IBKLR92023122100022303'
2025-11-29 23:52:02.408 15662-15680 System.out              com.bitflow.finance                  I  [SBI Parser] Row: debit='-'(0.0), credit='700,000.00'(700000.0), desc='BY CLG BOM 20/12/2023 AURANGAB'
2025-11-29 23:52:02.408 15662-15680 System.out              com.bitflow.finance                  I  [SBI Parser] Row: debit='2.00'(2.0), credit='-'(0.0), desc='VDE-6845-89051985   -GOOGLE CL'
2025-11-29 23:52:02.408 15662-15680 System.out              com.bitflow.finance                  I  [SBI Parser] Row: debit='2.00'(2.0), credit='-'(0.0), desc='VDE-6845-89051985   -GOOGLE CL'
2025-11-29 23:52:02.409 15662-15680 System.out              com.bitflow.finance                  I  [SBI Parser] Row: debit='2.00'(2.0), credit='-'(0.0), desc='VDE-6845-89051985   -GOOGLE CL'
2025-11-29 23:52:02.409 15662-15680 System.out              com.bitflow.finance                  I  [SBI Parser] Row: debit='5.00'(5.0), credit='-'(0.0), desc='VDE-6845-87032546   -PHO*PHONE'
2025-11-29 23:52:02.411 15662-15680 System.out              com.bitflow.finance                  I  [SBI Parser] Row: debit='-'(0.0), credit='5.00'(5.0), desc='REFUND-PHO*PHONEPE RECHARGE-27'
2025-11-29 23:52:02.411 15662-15680 System.out              com.bitflow.finance                  I  [SBI Parser] Row: debit='36,000.00'(36000.0), credit='-'(0.0), desc='IMPS-336220341732-RAHUL-SBIN00'
2025-11-29 23:52:02.412 15662-15680 System.out              com.bitflow.finance                  I  [SBI Parser] Row: debit='8,700.00'(8700.0), credit='-'(0.0), desc='IMPS-336221346866-PRATIK-SBIN0'
2025-11-29 23:52:02.412 15662-15680 System.out              com.bitflow.finance                  I  [SBI Parser] Row: debit='113,600.00'(113600.0), credit='-'(0.0), desc='IMPS-336222346925-S GUHAN-ICIC'
2025-11-29 23:52:02.413 15662-15680 System.out              com.bitflow.finance                  I  [SBI Parser] Row: debit='-'(0.0), credit='1.00'(1.0), desc='IMPS-336328114425-APIBANKING-R'
2025-11-29 23:52:02.413 15662-15677 BLASTBufferQueue        com.bitflow.finance                  D  [VRI[MainActivity]#4](f:0,a:4) producer disconnected before acquireNextBufferLocked
2025-11-29 23:52:02.413 15662-15680 System.out              com.bitflow.finance                  I  [SBI Parser] Row: debit='-'(0.0), credit='1.00'(1.0), desc='IMPS-400210630268-KARZA TECH A'
2025-11-29 23:52:02.413 15662-15680 System.out              com.bitflow.finance                  I  [SBI Parser] Row: debit='22,999.00'(22999.0), credit='-'(0.0), desc='VDE-6845-99999999   -COMFORT G'
2025-11-29 23:52:02.414 15662-15680 System.out              com.bitflow.finance                  I  [SBI Parser] Row: debit='5,310.00'(5310.0), credit='-'(0.0), desc='VDE-6845-70028903   -TATA PLAY'
2025-11-29 23:52:02.414 15662-15680 System.out              com.bitflow.finance                  I  [SBI Parser] Row: debit='50,000.00'(50000.0), credit='-'(0.0), desc='IMPS-400414927790-VINAY-SBIN00'
2025-11-29 23:52:02.415 15662-15680 System.out              com.bitflow.finance                  I  [SBI Parser] Row: debit='100,000.00'(100000.0), credit='-'(0.0), desc='IMPS-400414927869-ADITYA S-HDF'
2025-11-29 23:52:02.415 15662-15680 System.out              com.bitflow.finance                  I  [SBI Parser] Row: debit='100,000.00'(100000.0), credit='-'(0.0), desc='IMPS-400510991753-SUSHAMA-BKID'
2025-11-29 23:52:02.416 15662-15680 System.out              com.bitflow.finance                  I  [SBI Parser] Row: debit='-'(0.0), credit='2.00'(2.0), desc='REFUND-GOOGLE CLOUD-030124'
2025-11-29 23:52:02.417 15662-15680 System.out              com.bitflow.finance                  I  [SBI Parser] Row: debit='-'(0.0), credit='2.00'(2.0), desc='REFUND-GOOGLE CLOUD-030124'
2025-11-29 23:52:02.417 15662-15680 System.out              com.bitflow.finance                  I  [SBI Parser] Row: debit='-'(0.0), credit='2.00'(2.0), desc='REFUND-GOOGLE CLOUD-030124'
2025-11-29 23:52:02.417 15662-15680 System.out              com.bitflow.finance                  I  [SBI Parser] Row: debit='3.00'(3.0), credit='-'(0.0), desc='VDE-6845-89051842   -FACEBOOK '
2025-11-29 23:52:02.418 15662-15680 System.out              com.bitflow.finance                  I  [SBI Parser] Row: debit='-'(0.0), credit='3.00'(3.0), desc='REFUND-FACEBOOK-070124'
2025-11-29 23:52:02.418 15662-15680 System.out              com.bitflow.finance                  I  [SBI Parser] Row: debit='19,200.00'(19200.0), credit='-'(0.0), desc='VIE-6845-356/1920000-FLUTTERFL'
2025-11-29 23:52:02.418 15662-15680 System.out              com.bitflow.finance                  I  [SBI Parser] Row: debit='28,304.10'(28304.1), credit='-'(0.0), desc='VDE-6845-87081873   -AMAZON PA'
2025-11-29 23:52:02.419 15662-15680 System.out              com.bitflow.finance                  I  [SBI Parser] Row: debit='28,183.00'(28183.0), credit='-'(0.0), desc='VDE-6845-87081873   -AMAZON PA'
2025-11-29 23:52:02.419 15662-15680 System.out              com.bitflow.finance                  I  [SBI Parser] Row: debit='124,500.00'(124500.0), credit='-'(0.0), desc='VDP-6845-61809014   -DCC INFOT'
2025-11-29 23:52:02.419 15662-15680 System.out              com.bitflow.finance                  I  [SBI Parser] Row: debit='40,000.00'(40000.0), credit='-'(0.0), desc='VDP-6845-61809014   -DCC INFOT'
2025-11-29 23:52:02.420 15662-15680 System.out              com.bitflow.finance                  I  [SBI Parser] Row: debit='50,000.00'(50000.0), credit='-'(0.0), desc='IMPS-401122503556-THITAME-CBIN'
2025-11-29 23:52:02.420 15662-15680 System.out              com.bitflow.finance                  I  [SBI Parser] Row: debit='33,152.00'(33152.0), credit='-'(0.0), desc='VDE-6845-87021552   -IND*AMAZO'
2025-11-29 23:52:02.422 15662-15680 System.out              com.bitflow.finance                  I  [SBI Parser] Row: debit='3,403.00'(3403.0), credit='-'(0.0), desc='VDE-6845-70014008   -ACTCORP  '
2025-11-29 23:52:02.422 15662-15680 System.out              com.bitflow.finance                  I  [SBI Parser] Row: debit='14,360.00'(14360.0), credit='-'(0.0), desc='IMPS-401214547777-PRATIK-SBIN0'
2025-11-29 23:52:02.423 15662-15680 System.out              com.bitflow.finance                  I  [SBI Parser] Row: debit='5,702.00'(5702.0), credit='-'(0.0), desc='VDE-6845-UTIS2I01   -RELEASEMY'
2025-11-29 23:52:02.423 15662-15680 System.out              com.bitflow.finance                  I  [SBI Parser] Row: debit='8,434.57'(8434.57), credit='-'(0.0), desc='VIE-6845-840/9999-CASTR.IO - L'
2025-11-29 23:52:02.424 15662-15680 System.out              com.bitflow.finance                  I  [SBI Parser] Row: debit='2,829.00'(2829.0), credit='-'(0.0), desc='VDE-6845-UTIS2I04   -AIRTEL   '
2025-11-29 23:52:02.424 15662-15680 System.out              com.bitflow.finance                  I  [SBI Parser] Row: debit='62,713.00'(62713.0), credit='-'(0.0), desc='VDP-6845-61696444   -UNICORN I'
2025-11-29 23:52:02.425 15662-15680 System.out              com.bitflow.finance                  I  [SBI Parser] Row: debit='1,534.00'(1534.0), credit='-'(0.0), desc='VDE-6845-UNIYQ9MM   -ZOOM.US +'
2025-11-29 23:52:02.425 15662-15680 System.out              com.bitflow.finance                  I  [SBI Parser] Row: debit='1,534.00'(1534.0), credit='-'(0.0), desc='VDE-6845-UNIYQ9MM   -ZOOM.US +'
2025-11-29 23:52:02.425 15662-15680 System.out              com.bitflow.finance                  I  [SBI Parser] Row: debit='20,000.00'(20000.0), credit='-'(0.0), desc='VDE-6845-78004115   -GOOGLESER'
2025-11-29 23:52:02.426 15662-15680 System.out              com.bitflow.finance                  I  [SBI Parser] Row: debit='500,000.00'(500000.0), credit='-'(0.0), desc='IMPS-402218369322-SUSHAMA-BKID'
2025-11-29 23:52:02.426 15662-15680 System.out              com.bitflow.finance                  I  [SBI Parser] Row: debit='500,000.00'(500000.0), credit='-'(0.0), desc='IMPS-402218369555-SUSHAMA-BKID'
2025-11-29 23:52:02.427 15662-15680 System.out              com.bitflow.finance                  I  [SBI Parser] Row: debit='500,000.00'(500000.0), credit='-'(0.0), desc='IMPS-402218369625-SANKET CHAVA'
2025-11-29 23:52:02.427 15662-15680 System.out              com.bitflow.finance                  I  [SBI Parser] Row: debit='8,464.00'(8464.0), credit='-'(0.0), desc='IMPS-402218370340-AP BALAJEEVA'
2025-11-29 23:52:02.427 15662-15680 System.out              com.bitflow.finance                  I  [SBI Parser] Row: debit='15,000.00'(15000.0), credit='-'(0.0), desc='IMPS-402218370404-RAHUL-SBIN00'
2025-11-29 23:52:02.428 15662-15680 System.out              com.bitflow.finance                  I  [SBI Parser] Row: debit='1,000,000.00'(1000000.0), credit='-'(0.0), desc='APPLICATION AND WEBSITE'
2025-11-29 23:52:02.428 15662-15680 System.out              com.bitflow.finance                  I  [SBI Parser] Row: debit='1,688.84'(1688.84), credit='-'(0.0), desc='VIE-6845-840/2000-CHATGPT SUBS'
2025-11-29 23:52:02.428 15662-15680 System.out              com.bitflow.finance                  I  [SBI Parser] Row: debit='225,000.00'(225000.0), credit='-'(0.0), desc='IMPS-402623695133-SYED-BMCB000'
2025-11-29 23:52:02.429 15662-15680 System.out              com.bitflow.finance                  I  [SBI Parser] Row: debit='700,000.00'(700000.0), credit='-'(0.0), desc='NEFT DR-N026242022050202-SAMIN'
2025-11-29 23:52:02.429 15662-15680 System.out              com.bitflow.finance                  I  [SBI Parser] Row: debit='50,000.00'(50000.0), credit='-'(0.0), desc='IMPS-402714728384-PRATIK-SBIN0'
2025-11-29 23:52:02.429 15662-15680 System.out              com.bitflow.finance                  I  [SBI Parser] Row: debit='5,719.00'(5719.0), credit='-'(0.0), desc='VDE-6845-00001787   -AMAZON PA'
2025-11-29 23:52:02.430 15662-15680 System.out              com.bitflow.finance                  I  [SBI Parser] Row: debit='15,500.00'(15500.0), credit='-'(0.0), desc='VDE-6845-70034807   -CLEARTRIP'
2025-11-29 23:52:02.430 15662-15680 System.out              com.bitflow.finance                  I  [SBI Parser] Row: debit='2.00'(2.0), credit='-'(0.0), desc='VDE-6845-78004202   -AMAZONAWS'
2025-11-29 23:52:02.430 15662-15680 System.out              com.bitflow.finance                  I  [SBI Parser] Row: debit='-'(0.0), credit='4,971.49'(4971.49), desc='NEFT CR-N030242854973297-EASEB'
2025-11-29 23:52:02.431 15662-15680 System.out              com.bitflow.finance                  I  [SBI Parser] Row: debit='-'(0.0), credit='2.00'(2.0), desc='REFUND-AMAZON WEB SERVICES-290'
2025-11-29 23:52:02.431 15662-15680 System.out              com.bitflow.finance                  I  [SBI Parser] Row: debit='45,000.00'(45000.0), credit='-'(0.0), desc='IMPS-403222188891-RAHUL-SBIN00'
2025-11-29 23:52:02.431 15662-15680 System.out              com.bitflow.finance                  I  [SBI Parser] Row: debit='50,000.00'(50000.0), credit='-'(0.0), desc='IMPS-403516440868-VINAY-SBIN00'
2025-11-29 23:52:02.432 15662-15680 System.out              com.bitflow.finance                  I  [SBI Parser] Row: debit='800,000.00'(800000.0), credit='-'(0.0), desc='MISCELLANEOUS'
2025-11-29 23:52:02.432 15662-15680 System.out              com.bitflow.finance                  I  [SBI Parser] Row: debit='700,000.00'(700000.0), credit='-'(0.0), desc='MISCELLANEOUS'
2025-11-29 23:52:02.433 15662-15680 System.out              com.bitflow.finance                  I  [SBI Parser] Row: debit='2.00'(2.0), credit='-'(0.0), desc='VDE-6845-89051899   -MICROSOFT'
2025-11-29 23:52:02.433 15662-15680 System.out              com.bitflow.finance                  I  [SBI Parser] Row: debit='7,500.00'(7500.0), credit='-'(0.0), desc='IMPS-404015882496-FAIZAN-KKBK0'
2025-11-29 23:52:02.433 15662-15680 System.out              com.bitflow.finance                  I  [SBI Parser] Row: debit='9,000.00'(9000.0), credit='-'(0.0), desc='IMPS-404015882918-VIPUL-SBIN00'
2025-11-29 23:52:02.433 15662-15680 System.out              com.bitflow.finance                  I  [SBI Parser] Row: debit='11,700.00'(11700.0), credit='-'(0.0), desc='IMPS-404015883121-SWASTIK-HDFC'
2025-11-29 23:52:02.434 15662-15680 System.out              com.bitflow.finance                  I  [SBI Parser] Row: debit='-'(0.0), credit='2.00'(2.0), desc='REFUND-MICROSOFT INDIA-090224'
2025-11-29 23:52:02.434 15662-15680 System.out              com.bitflow.finance                  I  [SBI Parser] Row: debit='4,912.00'(4912.0), credit='-'(0.0), desc='VDE-6845-70017496   -CLEARTRIP'
2025-11-29 23:52:02.435 15662-15680 System.out              com.bitflow.finance                  I  [SBI Parser] Row: debit='10,700.00'(10700.0), credit='-'(0.0), desc='IMPS-404309097649-RAHUL-SBIN00'
2025-11-29 23:52:02.435 15662-15680 System.out              com.bitflow.finance                  I  [SBI Parser] Row: debit='30,000.00'(30000.0), credit='-'(0.0), desc='IMPS-404309098814-PRASHANT-SBI'
2025-11-29 23:52:02.435 15662-15680 System.out              com.bitflow.finance                  I  [SBI Parser] Row: debit='170.43'(170.43), credit='-'(0.0), desc='VDE-6845-89051900   -MICROSOFT'
2025-11-29 23:52:02.436 15662-15680 System.out              com.bitflow.finance                  I  [SBI Parser] Row: debit='16,378.91'(16378.91), credit='-'(0.0), desc='VDE-6845-99999999   -AIRBNB PA'
2025-11-29 23:52:02.436 15662-15680 System.out              com.bitflow.finance                  I  [SBI Parser] Row: debit='10,000.00'(10000.0), credit='-'(0.0), desc='VDP-6845-63307745   -BAVARIA M'
2025-11-29 23:52:02.436 15662-15680 System.out              com.bitflow.finance                  I  [SBI Parser] Row: debit='64,240.00'(64240.0), credit='-'(0.0), desc='IMPS-404722501185-S GUHAN-ICIC'
2025-11-29 23:52:02.437 15662-15680 System.out              com.bitflow.finance                  I  [SBI Parser] Row: debit='8,429.74'(8429.74), credit='-'(0.0), desc='VIE-6845-840/9999-CASTR.IO - L'
2025-11-29 23:52:02.437 15662-15680 System.out              com.bitflow.finance                  I  [SBI Parser] Row: debit='177,500.00'(177500.0), credit='-'(0.0), desc='IMPS-405522131094-PRATIK-SBIN0'
2025-11-29 23:52:02.437 15662-15680 System.out              com.bitflow.finance                  I  [SBI Parser] Row: debit='197,500.00'(197500.0), credit='-'(0.0), desc='IMPS-406012494192-PRATIK-SBIN0'
2025-11-29 23:52:02.438 15662-15680 System.out              com.bitflow.finance                  I  [SBI Parser] Row: debit='-'(0.0), credit='200.00'(200.0), desc='AU ROYALE BUSINESS CASHBACK - '
2025-11-29 23:52:02.438 15662-15680 System.out              com.bitflow.finance                  I  [SBI Parser] Row: debit='106,028.00'(106028.0), credit='-'(0.0), desc='VDE-6845-70025595   -RAZORPAY '
2025-11-29 23:52:02.438 15662-15680 System.out              com.bitflow.finance                  I  [SBI Parser] Row: debit='1,000.00'(1000.0), credit='-'(0.0), desc='VDE-6845-99999999   -PHONEPE  '
2025-11-29 23:52:02.439 15662-15680 System.out              com.bitflow.finance                  I  [SBI Parser] Row: debit='50,000.00'(50000.0), credit='-'(0.0), desc='IMPS-406619151925-RAHUL-SBIN00'
2025-11-29 23:52:02.439 15662-15680 System.out              com.bitflow.finance                  I  [SBI Parser] Row: debit='5,000.00'(5000.0), credit='-'(0.0), desc='IMPS-406619151974-PRATIK-SBIN0'
2025-11-29 23:52:02.439 15662-15680 System.out              com.bitflow.finance                  I  [SBI Parser] Row: debit='22,500.00'(22500.0), credit='-'(0.0), desc='IMPS-406619152042-FAIZAN-KKBK0'
2025-11-29 23:52:02.439 15662-15680 System.out              com.bitflow.finance                  I  [SBI Parser] Row: debit='18,000.00'(18000.0), credit='-'(0.0), desc='IMPS-406619152059-PRATIK-SBIN0'
2025-11-29 23:52:02.440 15662-15680 System.out              com.bitflow.finance                  I  [SBI Parser] Row: debit='170.43'(170.43), credit='-'(0.0), desc='VDE-6845-89051900   -MICROSOFT'
2025-11-29 23:52:02.440 15662-15680 System.out              com.bitflow.finance                  I  [SBI Parser] Row: debit='1,685.27'(1685.27), credit='-'(0.0), desc='VIE-6845-840/2000-CHATGPT SUBS'
2025-11-29 23:52:02.441 15662-15680 System.out              com.bitflow.finance                  I  [SBI Parser] Row: debit='2.00'(2.0), credit='-'(0.0), desc='VDP-6845-42490717   -BANGALORE'
2025-11-29 23:52:02.441 15662-15680 System.out              com.bitflow.finance                  I  [SBI Parser] Row: debit='8,425.47'(8425.47), credit='-'(0.0), desc='VIE-6845-840/9999-CASTR.IO - L'
2025-11-29 23:52:02.441 15662-15680 System.out              com.bitflow.finance                  I  [SBI Parser] Row: debit='87,813.00'(87813.0), credit='-'(0.0), desc='VDP-6845-63307745   -BAVARIA M'
2025-11-29 23:52:02.442 15662-15680 System.out              com.bitflow.finance                  I  [SBI Parser] Row: debit='12,536.00'(12536.0), credit='-'(0.0), desc='VDE-6845-99999999   -CLEARTRIP'
2025-11-29 23:52:02.442 15662-15680 System.out              com.bitflow.finance                  I  [SBI Parser] Row: debit='-'(0.0), credit='50,000.00'(50000.0), desc='IMPS-408720885246-PRATIK KALID'
2025-11-29 23:52:02.442 15662-15680 System.out              com.bitflow.finance                  I  [SBI Parser] Row: debit='-'(0.0), credit='37,813.00'(37813.0), desc='UPI/CR/408824039070/PRATIK KAL'
2025-11-29 23:52:02.443 15662-15680 System.out              com.bitflow.finance                  I  [SBI Parser] Row: debit='-'(0.0), credit='200.00'(200.0), desc='AU ROYALE BUSINESS CASHBACK - '
2025-11-29 23:52:02.444 15662-15680 System.out              com.bitflow.finance                  I  [SBI Parser] Row: debit='8,758.00'(8758.0), credit='-'(0.0), desc='VDE-6845-UTIS2I01   -CLEARTRIP'
2025-11-29 23:52:02.444 15662-15680 System.out              com.bitflow.finance                  I  [SBI Parser] Parsed 101 transactions
2025-11-29 23:52:02.444 15662-15680 System.out              com.bitflow.finance                  I  [SBI Parser] 📊 File order: ASCENDING (oldest first)
2025-11-29 23:52:02.444 15662-15680 System.out              com.bitflow.finance                  I  [SBI Parser] ✓ Using LAST row balance: ₹3228941.73
2025-11-29 23:52:02.444 15662-15680 System.out              com.bitflow.finance                  I  [SBI Parser] Detected current balance: ₹3228941.73
2025-11-29 23:52:02.444 15662-15680 System.out              com.bitflow.finance                  I  [BackgroundImport] File: 27-Nov-2025_495933AccStmtDownloadReport.xls - Parsed 101 transactions
2025-11-29 23:52:02.444 15662-15680 System.out              com.bitflow.finance                  I  [BackgroundImport] File: 27-Nov-2025_495933AccStmtDownloadReport.xls - Detected balance: ₹3228941.73
2025-11-29 23:52:02.469 15662-15680 System.out              com.bitflow.finance                  I  [TransactionRepository] Batch inserting 101 transactions
2025-11-29 23:52:02.481 15662-15683 System.out              com.bitflow.finance                  I  [TransactionRepository] Batch insert completed
2025-11-29 23:52:02.481 15662-15683 System.out              com.bitflow.finance                  I  [BackgroundImport] === BALANCE UPDATE ===
2025-11-29 23:52:02.481 15662-15683 System.out              com.bitflow.finance                  I  [BackgroundImport] Account ID: 1
2025-11-29 23:52:02.481 15662-15683 System.out              com.bitflow.finance                  I  [BackgroundImport] ✓ Using parser-detected balance: ₹3228941.73
2025-11-29 23:52:02.482 15662-15662 BLASTBufferQueue        com.bitflow.finance                  D  [VRI[MainActivity]#4](f:0,a:3) update width=1080 height=971 format=-2 mTransformHint=0
2025-11-29 23:52:02.483 15662-15677 Surface                 com.bitflow.finance                  D  Surface::disconnect
2025-11-29 23:52:02.484 15662-15680 System.out              com.bitflow.finance                  I  [BackgroundImport] ✅ Account balance updated to: ₹3228941.73
2025-11-29 23:52:02.492 15662-15677 BLASTBufferQueue        com.bitflow.finance                  D  [VRI[MainActivity]#4](f:0,a:4) producer disconnected before acquireNextBufferLocked
2025-11-29 23:52:02.515 15662-15662 BLASTBufferQueue        com.bitflow.finance                  D  [VRI[MainActivity]#4](f:0,a:3) update width=1080 height=1107 format=-2 mTransformHint=0
2025-11-29 23:52:02.515 15662-15677 Surface                 com.bitflow.finance                  D  Surface::disconnect
2025-11-29 23:52:02.526 15662-15677 BLASTBufferQueue        com.bitflow.finance                  D  [VRI[MainActivity]#4](f:0,a:4) producer disconnected before acquireNextBufferLocked
2025-11-29 23:52:02.527 15662-15662 System.out              com.bitflow.finance                  I  [ImportViewModel] Import complete: 271 imported, 0 duplicates
2025-11-29 23:52:03.575 15662-15662 WindowOnBackDispatcher  com.bitflow.finance                  W  sendCancelIfRunning: isInProgress=false callback=android.view.ViewRootImpl$$ExternalSyntheticLambda12@140ca5a
2025-11-29 23:52:03.583 15662-15677 Surface                 com.bitflow.finance                  D  Surface::disconnect
2025-11-29 23:52:03.583 15662-15677 HWUI                    com.bitflow.finance                  D  endAllActiveAnimators on 0xb40000751d83a430 (UnprojectedRipple) with handle 0xb40000747d852b60
2025-11-29 23:52:03.590 15662-15672 BLASTBufferQueue        com.bitflow.finance                  D  [VRI[MainActivity]#4](f:0,a:3) destructor()
2025-11-29 23:52:03.590 15662-15672 BufferQueueConsumer     com.bitflow.finance                  D  [com.bitflow.finance/com.bitflow.finance.ui.MainActivity#14729(BLAST Consumer)pid:15662](id:3d2e00000004,api:0,p:-1,c:15662) disconnect
2025-11-29 23:52:05.081 15662-15662 ScrollIdentify          com.bitflow.finance                  I  on fling
2025-11-29 23:52:05.361 15662-15662 System.out              com.bitflow.finance                  I  [HomeViewModel] Accounts count: 1
2025-11-29 23:52:05.361 15662-15662 System.out              com.bitflow.finance                  I  [HomeViewModel] Transactions count: 271
2025-11-29 23:52:06.058 15662-15667 bitflow.finance         com.bitflow.finance                  W  Cleared Reference was only reachable from finalizer (only reported once)
2025-11-29 23:52:06.088 15662-15668 JavaBinder              com.bitflow.finance                  W  BinderProxy is being destroyed but the application did not call unlinkToDeath to unlink all of its death recipients beforehand.  Releasing leaked death recipient: android.window.ImeOnBackInvokedDispatcher$3
2025-11-29 23:52:06.088 15662-15668 BpBinder                com.bitflow.finance                  I  onLastStrongRef automatically unlinking death recipients: 
2025-11-29 23:52:12.684 15662-15662 WindowOnBackDispatcher  com.bitflow.finance                  W  OnBackInvokedCallback is not enabled for the application.
                                                                                                    Set 'android:enableOnBackInvokedCallback="true"' in the application manifest.
2025-11-29 23:52:13.921 15662-15662 BufferQueueConsumer     com.bitflow.finance                  D  [](id:3d2e00000005,api:0,p:-1,c:15662) connect: controlledByApp=false
2025-11-29 23:52:13.922 15662-15662 BLASTBufferQueue        com.bitflow.finance                  D  [VRI[Pop-up window]#5](f:0,a:0) constructor()
2025-11-29 23:52:13.922 15662-15662 BLASTBufferQueue        com.bitflow.finance                  D  [VRI[Pop-up window]#5](f:0,a:0) update width=1189 height=271 format=-3 mTransformHint=0
2025-11-29 23:52:13.934 15662-15677 BLASTBufferQueue        com.bitflow.finance                  D  [VRI[Pop-up window]#5](f:0,a:1) acquireNextBufferLocked size=1189x271 mFrameNumber=1 applyTransaction=true mTimestamp=111700625958042(auto) mPendingTransactions.size=0 graphicBufferId=67267777790004 transform=0
2025-11-29 23:52:14.502 15662-15662 WindowOnBackDispatcher  com.bitflow.finance                  W  sendCancelIfRunning: isInProgress=false callback=android.view.ViewRootImpl$$ExternalSyntheticLambda12@14444dd
2025-11-29 23:52:14.506 15662-15677 Surface                 com.bitflow.finance                  D  Surface::disconnect
2025-11-29 23:52:14.507 15662-15677 HWUI                    com.bitflow.finance                  D  endAllActiveAnimators on 0xb40000751d7fc4d0 (UnprojectedRipple) with handle 0xb40000747d82b3b0
2025-11-29 23:52:14.521 15662-15784 BLASTBufferQueue        com.bitflow.finance                  D  [VRI[Pop-up window]#5](f:0,a:3) destructor()
2025-11-29 23:52:14.521 15662-15784 BufferQueueConsumer     com.bitflow.finance                  D  [Pop-up window#14752(BLAST Consumer)pid:15662](id:3d2e00000005,api:0,p:-1,c:15662) disconnect
2025-11-29 23:52:15.467 15662-15662 VRI[MainActivity]       com.bitflow.finance                  D  visibilityChanged oldVisibility=true newVisibility=false
2025-11-29 23:52:15.476 15662-15677 Surface                 com.bitflow.finance                  D  Surface::disconnect
2025-11-29 23:52:15.476 15662-15677 HWUI                    com.bitflow.finance                  D  endAllActiveAnimators on 0xb40000751d7a9d20 (UnprojectedRipple) with handle 0xb40000747d8238b0
2025-11-29 23:52:15.487 15662-15671 BLASTBufferQueue        com.bitflow.finance                  D  [VRI[MainActivity]#3](f:0,a:3) destructor()
2025-11-29 23:52:15.487 15662-15671 BufferQueueConsumer     com.bitflow.finance                  D  [com.bitflow.finance/com.bitflow.finance.ui.MainActivity#14728(BLAST Consumer)pid:15662](id:3d2e00000003,api:0,p:-1,c:15662) disconnect
2025-11-29 23:52:17.346 15662-15662 WindowOnBackDispatcher  com.bitflow.finance                  W  OnBackInvokedCallback is not enabled for the application.
                                                                                                    Set 'android:enableOnBackInvokedCallback="true"' in the application manifest.
2025-11-29 23:52:17.347 15662-15662 System.out              com.bitflow.finance                  I  [ImportViewModel] Selected account: 1 - AU
2025-11-29 23:52:17.370 15662-15662 System.out              com.bitflow.finance                  I  [ImportViewModel] Opening 3 files
2025-11-29 23:52:17.376 15662-15662 System.out              com.bitflow.finance                  I  [ImportViewModel] Opened: 27-Nov-2025_495985AccStmtDownloadReport.xls
2025-11-29 23:52:17.381 15662-15662 System.out              com.bitflow.finance                  I  [ImportViewModel] Opened: 27-Nov-2025_495979AccStmtDownloadReport.xls
2025-11-29 23:52:17.387 15662-15662 System.out              com.bitflow.finance                  I  [ImportViewModel] Opened: 27-Nov-2025_495933AccStmtDownloadReport.xls
2025-11-29 23:52:17.387 15662-15662 System.out              com.bitflow.finance                  I  [ImportViewModel] Starting background import for 3 files
2025-11-29 23:52:17.388 15662-15680 System.out              com.bitflow.finance                  I  [Parser Factory] Detected Excel file, converting to text...
2025-11-29 23:52:17.403 15662-15680 System.out              com.bitflow.finance                  I  [Excel Reader] Reading sheet: sheet1
2025-11-29 23:52:17.403 15662-15680 System.out              com.bitflow.finance                  I  [Excel Reader] Total rows: 36
2025-11-29 23:52:17.403 15662-15680 System.out              com.bitflow.finance                  I  [Excel Reader] Row 0: 
2025-11-29 23:52:17.403 15662-15680 System.out              com.bitflow.finance                  I  [Excel Reader] Row 1: 
2025-11-29 23:52:17.403 15662-15680 System.out              com.bitflow.finance                  I  [Excel Reader] Row 2: 
2025-11-29 23:52:17.403 15662-15680 System.out              com.bitflow.finance                  I  [Excel Reader] Row 3: STATEMENT BY PERIOD
2025-11-29 23:52:17.403 15662-15680 System.out              com.bitflow.finance                  I  [Excel Reader] Row 4: Report Date: 27-Nov-2025
2025-11-29 23:52:17.403 15662-15680 System.out              com.bitflow.finance                  I  [Excel Reader] Row 5: Account No:,,2302234754568211-INR,,,,
2025-11-29 23:52:17.403 15662-15680 System.out              com.bitflow.finance                  I  [Excel Reader] Row 6: Opening Balance:,,"1,379,475.12",,,,
2025-11-29 23:52:17.403 15662-15680 System.out              com.bitflow.finance                  I  [Excel Reader] Row 7: Closing Balance:,,"1,134,582.53",,,,
2025-11-29 23:52:17.403 15662-15680 System.out              com.bitflow.finance                  I  [Excel Reader] Row 8: Details as at:,,27-Nov-2025 19:06:52,,,,
2025-11-29 23:52:17.403 15662-15680 System.out              com.bitflow.finance                  I  [Excel Reader] Row 9: 
2025-11-29 23:52:17.403 15662-15680 System.out              com.bitflow.finance                  I  [Excel Reader] Row 10: Trans Date,Value Date,Description/Narration,Chq./Ref.No.,Debit(Dr.) INR,Credit(Cr.) INR,Balance INR
2025-11-29 23:52:17.403 15662-15680 System.out              com.bitflow.finance                  I  [Excel Reader] Row 11: 2025-04-20,2025-04-20,IMPS-511013930053 -VIPUL -SBIN0020661 -*******4350 -SALARY,511013930053,"36,000.00",-,"1,343,475.12"
2025-11-29 23:52:17.404 15662-15680 System.out              com.bitflow.finance                  I  [Excel Reader] Row 12: 2025-04-22,2025-04-22,VDE-6845-99999999   -ADOBE SYSTEMS SOFTWARE I 560087       IN,511208760114,733.96,-,"1,342,741.16"
2025-11-29 23:52:17.404 15662-15680 System.out              com.bitflow.finance                  I  [Excel Reader] Row 13: 2025-04-26,2025-04-26,VDE-6845-99999999   -ADOBE SYSTEMS SOFTWARE I 560087       IN,511617022896,733.96,-,"1,342,007.20"
2025-11-29 23:52:17.404 15662-15680 System.out              com.bitflow.finance                  I  [Excel Reader] Row 14: 2025-05-16,2025-05-16,VDE-6845-89051978   -TATA PLAY LIMITED CYBS SI2240920005   IN,513504735855,"6,195.00",-,"1,335,812.20"
2025-11-29 23:52:17.404 15662-15680 System.out              com.bitflow.finance                  I  [Excel Reader] Row 15: 2025-05-20,2025-05-20,VDE-6845-99999999   -ADOBE SYSTEMS SOFTWARE I 560087       IN,514008876170,733.96,-,"1,335,078.24"
2025-11-29 23:52:17.404 15662-15680 System.out              com.bitflow.finance                  I  [Excel Reader] Row 16: 2025-05-23,2025-05-23,VDE-6845-99999999   -AIRTEL PAYMENTS BANK LTD 122015       IN,514201720875,"1,885.64",-,"1,333,192.60"
2025-11-29 23:52:17.404 15662-15680 System.out              com.bitflow.finance                  I  [Excel Reader] Row 17: 2025-05-25,2025-05-25,VDE-6845-99999999   -ADOBE SYSTEMS SOFTWARE I 560087       IN,514511625048,733.96,-,"1,332,458.64"
2025-11-29 23:52:17.404 15662-15680 System.out              com.bitflow.finance                  I  [Excel Reader] Row 18: 2025-05-31,2025-05-31,VIE-6845-840/2360-OPENAI *CHATGPT SUBSCR   +14158799686 US,515108799395,"2,021.81",-,"1,330,436.83"
2025-11-29 23:52:17.404 15662-15680 System.out              com.bitflow.finance                  I  [Excel Reader] Row 19: 2025-06-02,2025-06-02,MARKUP- INT TXN AMT -23.6 31-MAY-25,-,35.40,-,"1,330,401.43"
2025-11-29 23:52:17.404 15662-15662 WindowOnBackDispatcher  com.bitflow.finance                  W  OnBackInvokedCallback is not enabled for the application.
                                                                                                    Set 'android:enableOnBackInvokedCallback="true"' in the application manifest.
2025-11-29 23:52:17.405 15662-15680 System.out              com.bitflow.finance                  I  [Excel Reader] Read 36 lines from Excel
2025-11-29 23:52:17.405 15662-15680 System.out              com.bitflow.finance                  I  [Parser Factory] Read 36 lines for format detection
2025-11-29 23:52:17.406 15662-15680 System.out              com.bitflow.finance                  I  [Parser Factory] Matched SBI format with keywords: [trans date, debit] in header-like row
2025-11-29 23:52:17.406 15662-15680 System.out              com.bitflow.finance                  I  [Parser Factory]   Matched line: Trans Date,Value Date,Description/Narration,Chq./Ref.No.,Debit(Dr.) INR,Credit(Cr.) INR,Balance INR
2025-11-29 23:52:17.406 15662-15680 System.out              com.bitflow.finance                  I  [Parser Factory] Detected format: SBI
2025-11-29 23:52:17.406 15662-15680 System.out              com.bitflow.finance                  I  [SBI Parser] Scanning 35 lines for header...
2025-11-29 23:52:17.406 15662-15680 System.out              com.bitflow.finance                  I  [SBI Parser] Searching for header in first 35 lines...
2025-11-29 23:52:17.406 15662-15680 System.out              com.bitflow.finance                  I  [SBI Parser] Line 0: 
2025-11-29 23:52:17.406 15662-15680 System.out              com.bitflow.finance                  I  [SBI Parser] Line 1: 
2025-11-29 23:52:17.406 15662-15680 System.out              com.bitflow.finance                  I  [SBI Parser] Line 2: 
2025-11-29 23:52:17.406 15662-15680 System.out              com.bitflow.finance                  I  [SBI Parser] Line 3: statement by period
2025-11-29 23:52:17.406 15662-15680 System.out              com.bitflow.finance                  I  [SBI Parser] Line 4: report date: 27-nov-2025
2025-11-29 23:52:17.406 15662-15680 System.out              com.bitflow.finance                  I  [SBI Parser] Line 5: account no:,,2302234754568211-inr,,,,
2025-11-29 23:52:17.406 15662-15680 System.out              com.bitflow.finance                  I  [SBI Parser] Line 6: opening balance:,,"1,379,475.12",,,,
2025-11-29 23:52:17.406 15662-15680 System.out              com.bitflow.finance                  I  [SBI Parser] Line 7: closing balance:,,"1,134,582.53",,,,
2025-11-29 23:52:17.406 15662-15680 System.out              com.bitflow.finance                  I  [SBI Parser] Line 8: details as at:,,27-nov-2025 19:06:52,,,,
2025-11-29 23:52:17.406 15662-15680 System.out              com.bitflow.finance                  I  [SBI Parser] Line 9: 
2025-11-29 23:52:17.406 15662-15680 System.out              com.bitflow.finance                  I  [SBI Parser] Line 10: trans date,value date,description/narration,chq./ref.no.,debit(dr.) inr,credit(cr.) inr,balance inr
2025-11-29 23:52:17.406 15662-15680 System.out              com.bitflow.finance                  I  [SBI Parser] Found header match at line 10 with keywords: [trans date, debit]
2025-11-29 23:52:17.406 15662-15680 System.out              com.bitflow.finance                  I  [SBI Parser] Found header at row 10
2025-11-29 23:52:17.407 15662-15680 System.out              com.bitflow.finance                  I  [SBI Parser] Header columns (7): Trans Date | Value Date | Description/Narration | Chq./Ref.No. | Debit(Dr.) INR | Credit(Cr.) INR | Balance INR
2025-11-29 23:52:17.407 15662-15680 System.out              com.bitflow.finance                  I  [SBI Parser] Column mapping: ColumnMapping(dateIndex=0, descriptionIndex=2, debitIndex=4, creditIndex=5, balanceIndex=6, referenceIndex=3)
2025-11-29 23:52:17.407 15662-15680 System.out              com.bitflow.finance                  I  [SBI Parser] Data row #0 has 7 columns:
2025-11-29 23:52:17.407 15662-15680 System.out              com.bitflow.finance                  I  [SBI Parser]   Col[0]DATE: '2025-04-20'
2025-11-29 23:52:17.407 15662-15680 System.out              com.bitflow.finance                  I  [SBI Parser]   Col[1]: '2025-04-20'
2025-11-29 23:52:17.407 15662-15680 System.out              com.bitflow.finance                  I  [SBI Parser]   Col[2]DESC: 'IMPS-511013930053 -VIPUL -SBIN0020661 -*******4350 -SALARY'
2025-11-29 23:52:17.407 15662-15680 System.out              com.bitflow.finance                  I  [SBI Parser]   Col[3]: '511013930053'
2025-11-29 23:52:17.407 15662-15680 System.out              com.bitflow.finance                  I  [SBI Parser]   Col[4]DEBIT: '36,000.00'
2025-11-29 23:52:17.407 15662-15680 System.out              com.bitflow.finance                  I  [SBI Parser]   Col[5]CREDIT: '-'
2025-11-29 23:52:17.407 15662-15680 System.out              com.bitflow.finance                  I  [SBI Parser]   Col[6]BALANCE: '1,343,475.12'
2025-11-29 23:52:17.407 15662-15680 System.out              com.bitflow.finance                  I  [SBI Parser] Row: debit='36,000.00'(36000.0), credit='-'(0.0), desc='IMPS-511013930053 -VIPUL -SBIN'
2025-11-29 23:52:17.407 15662-15680 System.out              com.bitflow.finance                  I  [SBI Parser] Data row #1 has 7 columns:
2025-11-29 23:52:17.407 15662-15680 System.out              com.bitflow.finance                  I  [SBI Parser]   Col[0]DATE: '2025-04-22'
2025-11-29 23:52:17.407 15662-15680 System.out              com.bitflow.finance                  I  [SBI Parser]   Col[1]: '2025-04-22'
2025-11-29 23:52:17.407 15662-15680 System.out              com.bitflow.finance                  I  [SBI Parser]   Col[2]DESC: 'VDE-6845-99999999   -ADOBE SYSTEMS SOFTWARE I 560087       IN'
2025-11-29 23:52:17.407 15662-15680 System.out              com.bitflow.finance                  I  [SBI Parser]   Col[3]: '511208760114'
2025-11-29 23:52:17.407 15662-15680 System.out              com.bitflow.finance                  I  [SBI Parser]   Col[4]DEBIT: '733.96'
2025-11-29 23:52:17.407 15662-15680 System.out              com.bitflow.finance                  I  [SBI Parser]   Col[5]CREDIT: '-'
2025-11-29 23:52:17.407 15662-15680 System.out              com.bitflow.finance                  I  [SBI Parser]   Col[6]BALANCE: '1,342,741.16'
2025-11-29 23:52:17.408 15662-15680 System.out              com.bitflow.finance                  I  [SBI Parser] Row: debit='733.96'(733.96), credit='-'(0.0), desc='VDE-6845-99999999   -ADOBE SYS'
2025-11-29 23:52:17.408 15662-15680 System.out              com.bitflow.finance                  I  [SBI Parser] Data row #2 has 7 columns:
2025-11-29 23:52:17.408 15662-15680 System.out              com.bitflow.finance                  I  [SBI Parser]   Col[0]DATE: '2025-04-26'
2025-11-29 23:52:17.408 15662-15680 System.out              com.bitflow.finance                  I  [SBI Parser]   Col[1]: '2025-04-26'
2025-11-29 23:52:17.408 15662-15680 System.out              com.bitflow.finance                  I  [SBI Parser]   Col[2]DESC: 'VDE-6845-99999999   -ADOBE SYSTEMS SOFTWARE I 560087       IN'
2025-11-29 23:52:17.408 15662-15680 System.out              com.bitflow.finance                  I  [SBI Parser]   Col[3]: '511617022896'
2025-11-29 23:52:17.408 15662-15680 System.out              com.bitflow.finance                  I  [SBI Parser]   Col[4]DEBIT: '733.96'
2025-11-29 23:52:17.408 15662-15680 System.out              com.bitflow.finance                  I  [SBI Parser]   Col[5]CREDIT: '-'
2025-11-29 23:52:17.408 15662-15680 System.out              com.bitflow.finance                  I  [SBI Parser]   Col[6]BALANCE: '1,342,007.20'
2025-11-29 23:52:17.408 15662-15680 System.out              com.bitflow.finance                  I  [SBI Parser] Row: debit='733.96'(733.96), credit='-'(0.0), desc='VDE-6845-99999999   -ADOBE SYS'
2025-11-29 23:52:17.408 15662-15680 System.out              com.bitflow.finance                  I  [SBI Parser] Row: debit='6,195.00'(6195.0), credit='-'(0.0), desc='VDE-6845-89051978   -TATA PLAY'
2025-11-29 23:52:17.409 15662-15680 System.out              com.bitflow.finance                  I  [SBI Parser] Row: debit='733.96'(733.96), credit='-'(0.0), desc='VDE-6845-99999999   -ADOBE SYS'
2025-11-29 23:52:17.409 15662-15680 System.out              com.bitflow.finance                  I  [SBI Parser] Row: debit='1,885.64'(1885.64), credit='-'(0.0), desc='VDE-6845-99999999   -AIRTEL PA'
2025-11-29 23:52:17.409 15662-15680 System.out              com.bitflow.finance                  I  [SBI Parser] Row: debit='733.96'(733.96), credit='-'(0.0), desc='VDE-6845-99999999   -ADOBE SYS'
2025-11-29 23:52:17.409 15662-15680 System.out              com.bitflow.finance                  I  [SBI Parser] Row: debit='2,021.81'(2021.81), credit='-'(0.0), desc='VIE-6845-840/2360-OPENAI *CHAT'
2025-11-29 23:52:17.410 15662-15680 System.out              com.bitflow.finance                  I  [SBI Parser] Row: debit='35.40'(35.4), credit='-'(0.0), desc='MARKUP- INT TXN AMT -23.6 31-M'
2025-11-29 23:52:17.410 15662-15680 System.out              com.bitflow.finance                  I  [SBI Parser] Row: debit='2,024.52'(2024.52), credit='-'(0.0), desc='VIE-6845-840/2360-OPENAI *CHAT'
2025-11-29 23:52:17.410 15662-15680 System.out              com.bitflow.finance                  I  [SBI Parser] Row: debit='35.40'(35.4), credit='-'(0.0), desc='MARKUP- INT TXN AMT -23.6 01-J'
2025-11-29 23:52:17.411 15662-15680 System.out              com.bitflow.finance                  I  [SBI Parser] Row: debit='1,839.66'(1839.66), credit='-'(0.0), desc='VDP-6845-42753458   -P225 PH K'
2025-11-29 23:52:17.411 15662-15680 System.out              com.bitflow.finance                  I  [SBI Parser] Row: debit='2,069.20'(2069.2), credit='-'(0.0), desc='VIE-6845-840/2360-OPENAI *CHAT'
2025-11-29 23:52:17.411 15662-15680 System.out              com.bitflow.finance                  I  [SBI Parser] Row: debit='36.58'(36.58), credit='-'(0.0), desc='MARKUP- INT TXN AMT -23.6 03-A'
2025-11-29 23:52:17.411 15662-15680 System.out              com.bitflow.finance                  I  [SBI Parser] Row: debit='6,195.00'(6195.0), credit='-'(0.0), desc='VDE-6845-89051977   -TATA PLAY'
2025-11-29 23:52:17.412 15662-15680 System.out              com.bitflow.finance                  I  [SBI Parser] Row: debit='399.00'(399.0), credit='-'(0.0), desc='VIE-6845-356/39900-OPENAI *CHA'
2025-11-29 23:52:17.412 15662-15680 System.out              com.bitflow.finance                  I  [SBI Parser] Row: debit='882.02'(882.02), credit='-'(0.0), desc='VIE-6845-840/1000-GITHUB, INC.'
2025-11-29 23:52:17.412 15662-15680 System.out              com.bitflow.finance                  I  [SBI Parser] Row: debit='134,900.00'(134900.0), credit='-'(0.0), desc='VDE-6845-89051742   -APPLE IND'
2025-11-29 23:52:17.413 15662-15680 System.out              com.bitflow.finance                  I  [SBI Parser] Row: debit='399.00'(399.0), credit='-'(0.0), desc='VIE-6845-356/39900-OPENAI *CHA'
2025-11-29 23:52:17.413 15662-15680 System.out              com.bitflow.finance                  I  [SBI Parser] Row: debit='41,324.54'(41324.54), credit='-'(0.0), desc='VDE-6845-70048510   -DISTRICT '
2025-11-29 23:52:17.413 15662-15680 System.out              com.bitflow.finance                  I  [SBI Parser] Row: debit='5,596.00'(5596.0), credit='-'(0.0), desc='VDE-6845-EB150370   -TATAPLAYF'
2025-11-29 23:52:17.413 15662-15680 System.out              com.bitflow.finance                  I  [SBI Parser] Row: debit='1,000.00'(1000.0), credit='-'(0.0), desc='VDP-6845-PM246064   -POONA HEA'
2025-11-29 23:52:17.414 15662-15680 System.out              com.bitflow.finance                  I  [SBI Parser] Parsed 22 transactions
2025-11-29 23:52:17.414 15662-15680 System.out              com.bitflow.finance                  I  [SBI Parser] 📊 File order: ASCENDING (oldest first)
2025-11-29 23:52:17.414 15662-15680 System.out              com.bitflow.finance                  I  [SBI Parser] ✓ Using LAST row balance: ₹1134582.53
2025-11-29 23:52:17.414 15662-15680 System.out              com.bitflow.finance                  I  [SBI Parser] Detected current balance: ₹1134582.53
2025-11-29 23:52:17.414 15662-15680 System.out              com.bitflow.finance                  I  [BackgroundImport] File: 27-Nov-2025_495985AccStmtDownloadReport.xls - Parsed 22 transactions
2025-11-29 23:52:17.414 15662-15680 System.out              com.bitflow.finance                  I  [BackgroundImport] File: 27-Nov-2025_495985AccStmtDownloadReport.xls - Detected balance: ₹1134582.53
2025-11-29 23:52:17.417 15662-15662 BufferQueueConsumer     com.bitflow.finance                  D  [](id:3d2e00000006,api:0,p:-1,c:15662) connect: controlledByApp=false
2025-11-29 23:52:17.418 15662-15662 BLASTBufferQueue        com.bitflow.finance                  D  [VRI[MainActivity]#6](f:0,a:0) constructor()
2025-11-29 23:52:17.418 15662-15662 BLASTBufferQueue        com.bitflow.finance                  D  [VRI[MainActivity]#6](f:0,a:0) update width=1220 height=2712 format=-1 mTransformHint=0
2025-11-29 23:52:17.434 15662-15677 BLASTBufferQueue        com.bitflow.finance                  D  [VRI[MainActivity]#6](f:0,a:1) acquireNextBufferLocked size=1220x2712 mFrameNumber=1 applyTransaction=true mTimestamp=111704126113427(auto) mPendingTransactions.size=0 graphicBufferId=67267777790015 transform=0
2025-11-29 23:52:17.450 15662-15680 System.out              com.bitflow.finance                  I  [Parser Factory] Detected Excel file, converting to text...
2025-11-29 23:52:17.460 15662-15662 BufferQueueConsumer     com.bitflow.finance                  D  [](id:3d2e00000007,api:0,p:-1,c:15662) connect: controlledByApp=false
2025-11-29 23:52:17.460 15662-15662 BLASTBufferQueue        com.bitflow.finance                  D  [VRI[MainActivity]#7](f:0,a:0) constructor()
2025-11-29 23:52:17.460 15662-15662 BLASTBufferQueue        com.bitflow.finance                  D  [VRI[MainActivity]#7](f:0,a:0) update width=1080 height=903 format=-2 mTransformHint=0
2025-11-29 23:52:17.472 15662-15677 BLASTBufferQueue        com.bitflow.finance                  D  [VRI[MainActivity]#7](f:0,a:1) acquireNextBufferLocked size=1080x903 mFrameNumber=1 applyTransaction=true mTimestamp=111704163975273(auto) mPendingTransactions.size=0 graphicBufferId=67267777790022 transform=0
2025-11-29 23:52:17.505 15662-15680 System.out              com.bitflow.finance                  I  [Excel Reader] Reading sheet: sheet1
2025-11-29 23:52:17.505 15662-15680 System.out              com.bitflow.finance                  I  [Excel Reader] Total rows: 161
2025-11-29 23:52:17.505 15662-15680 System.out              com.bitflow.finance                  I  [Excel Reader] Row 0: 
2025-11-29 23:52:17.505 15662-15680 System.out              com.bitflow.finance                  I  [Excel Reader] Row 1: 
2025-11-29 23:52:17.505 15662-15680 System.out              com.bitflow.finance                  I  [Excel Reader] Row 2: 
2025-11-29 23:52:17.505 15662-15680 System.out              com.bitflow.finance                  I  [Excel Reader] Row 3: STATEMENT BY PERIOD
2025-11-29 23:52:17.505 15662-15680 System.out              com.bitflow.finance                  I  [Excel Reader] Row 4: Report Date: 27-Nov-2025
2025-11-29 23:52:17.505 15662-15680 System.out              com.bitflow.finance                  I  [Excel Reader] Row 5: Account No:,,2302234754568211-INR,,,,
2025-11-29 23:52:17.505 15662-15680 System.out              com.bitflow.finance                  I  [Excel Reader] Row 6: Opening Balance:,,"3,228,941.73",,,,
2025-11-29 23:52:17.505 15662-15680 System.out              com.bitflow.finance                  I  [Excel Reader] Row 7: Closing Balance:,,"1,379,475.12",,,,
2025-11-29 23:52:17.505 15662-15680 System.out              com.bitflow.finance                  I  [Excel Reader] Row 8: Details as at:,,27-Nov-2025 19:06:19,,,,
2025-11-29 23:52:17.505 15662-15680 System.out              com.bitflow.finance                  I  [Excel Reader] Row 9: 
2025-11-29 23:52:17.505 15662-15680 System.out              com.bitflow.finance                  I  [Excel Reader] Row 10: Trans Date,Value Date,Description/Narration,Chq./Ref.No.,Debit(Dr.) INR,Credit(Cr.) INR,Balance INR
2025-11-29 23:52:17.506 15662-15680 System.out              com.bitflow.finance                  I  [Excel Reader] Row 11: 2024-04-01,2024-04-01,VDE-6845-OKHPFEH7   -WIX.COM 1108912441       +9141639393  IN-SI,409215001423,"5,097.60",-,"3,223,844.13"
2025-11-29 23:52:17.506 15662-15680 System.out              com.bitflow.finance                  I  [Excel Reader] Row 12: 2024-04-07,2024-04-07,IMPS-409816611861-RAHUL-SBIN0001857-XXXXXXX0932-SALARY,409816611861,"50,000.00",-,"3,173,844.13"
2025-11-29 23:52:17.507 15662-15680 System.out              com.bitflow.finance                  I  [Excel Reader] Row 13: 2024-04-07,2024-04-07,IMPS-409816611886-FAIZAN-KKBK0001915-XXXXXX1859-SALARY,409816611886,"22,500.00",-,"3,151,344.13"
2025-11-29 23:52:17.507 15662-15680 System.out              com.bitflow.finance                  I  [Excel Reader] Row 14: 2024-04-10,2024-04-10,IMPS-410122886145-SYED-BMCB0000029-XXXXXXXXXXX0739-MISCELLANEOUS,410122886145,"109,000.00",-,"3,042,344.13"
2025-11-29 23:52:17.508 15662-15680 System.out              com.bitflow.finance                  I  [Excel Reader] Row 15: 2024-04-13,2024-04-13,VDE-6845-89051900   -MICROSOFT INDIA CYBS SI  02240920005  IN,410302361377,170.43,-,"3,042,173.70"
2025-11-29 23:52:17.509 15662-15680 System.out              com.bitflow.finance                  I  [Excel Reader] Row 16: 2024-04-13,2024-04-13,IMPS-410421131355-PRATIK-SBIN0021197-XXXXXXX6964-SALARY OF VIPUL AND NAWAZ,410421131355,"30,000.00",-,"3,012,173.70"
2025-11-29 23:52:17.509 15662-15680 System.out              com.bitflow.finance                  I  [Excel Reader] Row 17: 2024-04-17,2024-04-17,VDE-6845-EB031182   -TATAPLAYFIBER            MUMBAI       IN,410812269528,"6,195.00",-,"3,005,978.70"
2025-11-29 23:52:17.509 15662-15680 System.out              com.bitflow.finance                  I  [Excel Reader] Row 18: 2024-04-20,2024-04-20,VDE-6845-99999999   -AIRTEL PAYMENTS BANK LTD 122015       IN,411109476744,"3,004.00",-,"3,002,974.70"
2025-11-29 23:52:17.510 15662-15680 System.out              com.bitflow.finance                  I  [Excel Reader] Row 19: 2024-04-24,2024-04-24,VDE-6845-78004389   -AMAZONRECHAG             MUMBAI       IN,411520240918,923.82,-,"3,002,050.88"
2025-11-29 23:52:17.524 15662-15680 System.out              com.bitflow.finance                  I  [Excel Reader] Read 161 lines from Excel
2025-11-29 23:52:17.524 15662-15680 System.out              com.bitflow.finance                  I  [Parser Factory] Read 161 lines for format detection
2025-11-29 23:52:17.529 15662-15680 System.out              com.bitflow.finance                  I  [Parser Factory] Matched SBI format with keywords: [trans date, debit] in header-like row
2025-11-29 23:52:17.529 15662-15680 System.out              com.bitflow.finance                  I  [Parser Factory]   Matched line: Trans Date,Value Date,Description/Narration,Chq./Ref.No.,Debit(Dr.) INR,Credit(Cr.) INR,Balance INR
2025-11-29 23:52:17.529 15662-15680 System.out              com.bitflow.finance                  I  [Parser Factory] Detected format: SBI
2025-11-29 23:52:17.530 15662-15680 System.out              com.bitflow.finance                  I  [SBI Parser] Scanning 160 lines for header...
2025-11-29 23:52:17.530 15662-15680 System.out              com.bitflow.finance                  I  [SBI Parser] Searching for header in first 40 lines...
2025-11-29 23:52:17.530 15662-15680 System.out              com.bitflow.finance                  I  [SBI Parser] Line 0: 
2025-11-29 23:52:17.530 15662-15680 System.out              com.bitflow.finance                  I  [SBI Parser] Line 1: 
2025-11-29 23:52:17.530 15662-15680 System.out              com.bitflow.finance                  I  [SBI Parser] Line 2: 
2025-11-29 23:52:17.530 15662-15680 System.out              com.bitflow.finance                  I  [SBI Parser] Line 3: statement by period
2025-11-29 23:52:17.530 15662-15680 System.out              com.bitflow.finance                  I  [SBI Parser] Line 4: report date: 27-nov-2025
2025-11-29 23:52:17.530 15662-15680 System.out              com.bitflow.finance                  I  [SBI Parser] Line 5: account no:,,2302234754568211-inr,,,,
2025-11-29 23:52:17.530 15662-15680 System.out              com.bitflow.finance                  I  [SBI Parser] Line 6: opening balance:,,"3,228,941.73",,,,
2025-11-29 23:52:17.530 15662-15680 System.out              com.bitflow.finance                  I  [SBI Parser] Line 7: closing balance:,,"1,379,475.12",,,,
2025-11-29 23:52:17.530 15662-15680 System.out              com.bitflow.finance                  I  [SBI Parser] Line 8: details as at:,,27-nov-2025 19:06:19,,,,
2025-11-29 23:52:17.530 15662-15680 System.out              com.bitflow.finance                  I  [SBI Parser] Line 9: 
2025-11-29 23:52:17.530 15662-15680 System.out              com.bitflow.finance                  I  [SBI Parser] Line 10: trans date,value date,description/narration,chq./ref.no.,debit(dr.) inr,credit(cr.) inr,balance inr
2025-11-29 23:52:17.530 15662-15680 System.out              com.bitflow.finance                  I  [SBI Parser] Found header match at line 10 with keywords: [trans date, debit]
2025-11-29 23:52:17.530 15662-15680 System.out              com.bitflow.finance                  I  [SBI Parser] Found header at row 10
2025-11-29 23:52:17.530 15662-15680 System.out              com.bitflow.finance                  I  [SBI Parser] Header columns (7): Trans Date | Value Date | Description/Narration | Chq./Ref.No. | Debit(Dr.) INR | Credit(Cr.) INR | Balance INR
2025-11-29 23:52:17.530 15662-15680 System.out              com.bitflow.finance                  I  [SBI Parser] Column mapping: ColumnMapping(dateIndex=0, descriptionIndex=2, debitIndex=4, creditIndex=5, balanceIndex=6, referenceIndex=3)
2025-11-29 23:52:17.530 15662-15680 System.out              com.bitflow.finance                  I  [SBI Parser] Data row #0 has 7 columns:
2025-11-29 23:52:17.530 15662-15680 System.out              com.bitflow.finance                  I  [SBI Parser]   Col[0]DATE: '2024-04-01'
2025-11-29 23:52:17.530 15662-15680 System.out              com.bitflow.finance                  I  [SBI Parser]   Col[1]: '2024-04-01'
2025-11-29 23:52:17.530 15662-15680 System.out              com.bitflow.finance                  I  [SBI Parser]   Col[2]DESC: 'VDE-6845-OKHPFEH7   -WIX.COM 1108912441       +9141639393  IN-SI'
2025-11-29 23:52:17.530 15662-15680 System.out              com.bitflow.finance                  I  [SBI Parser]   Col[3]: '409215001423'
2025-11-29 23:52:17.530 15662-15680 System.out              com.bitflow.finance                  I  [SBI Parser]   Col[4]DEBIT: '5,097.60'
2025-11-29 23:52:17.530 15662-15680 System.out              com.bitflow.finance                  I  [SBI Parser]   Col[5]CREDIT: '-'
2025-11-29 23:52:17.530 15662-15680 System.out              com.bitflow.finance                  I  [SBI Parser]   Col[6]BALANCE: '3,223,844.13'
2025-11-29 23:52:17.531 15662-15680 System.out              com.bitflow.finance                  I  [SBI Parser] Row: debit='5,097.60'(5097.6), credit='-'(0.0), desc='VDE-6845-OKHPFEH7   -WIX.COM 1'
2025-11-29 23:52:17.531 15662-15680 System.out              com.bitflow.finance                  I  [SBI Parser] Data row #1 has 7 columns:
2025-11-29 23:52:17.531 15662-15680 System.out              com.bitflow.finance                  I  [SBI Parser]   Col[0]DATE: '2024-04-07'
2025-11-29 23:52:17.531 15662-15680 System.out              com.bitflow.finance                  I  [SBI Parser]   Col[1]: '2024-04-07'
2025-11-29 23:52:17.531 15662-15680 System.out              com.bitflow.finance                  I  [SBI Parser]   Col[2]DESC: 'IMPS-409816611861-RAHUL-SBIN0001857-XXXXXXX0932-SALARY'
2025-11-29 23:52:17.531 15662-15680 System.out              com.bitflow.finance                  I  [SBI Parser]   Col[3]: '409816611861'
2025-11-29 23:52:17.531 15662-15680 System.out              com.bitflow.finance                  I  [SBI Parser]   Col[4]DEBIT: '50,000.00'
2025-11-29 23:52:17.531 15662-15680 System.out              com.bitflow.finance                  I  [SBI Parser]   Col[5]CREDIT: '-'
2025-11-29 23:52:17.531 15662-15680 System.out              com.bitflow.finance                  I  [SBI Parser]   Col[6]BALANCE: '3,173,844.13'
2025-11-29 23:52:17.531 15662-15680 System.out              com.bitflow.finance                  I  [SBI Parser] Row: debit='50,000.00'(50000.0), credit='-'(0.0), desc='IMPS-409816611861-RAHUL-SBIN00'
2025-11-29 23:52:17.531 15662-15680 System.out              com.bitflow.finance                  I  [SBI Parser] Data row #2 has 7 columns:
2025-11-29 23:52:17.531 15662-15680 System.out              com.bitflow.finance                  I  [SBI Parser]   Col[0]DATE: '2024-04-07'
2025-11-29 23:52:17.531 15662-15680 System.out              com.bitflow.finance                  I  [SBI Parser]   Col[1]: '2024-04-07'
2025-11-29 23:52:17.531 15662-15680 System.out              com.bitflow.finance                  I  [SBI Parser]   Col[2]DESC: 'IMPS-409816611886-FAIZAN-KKBK0001915-XXXXXX1859-SALARY'
2025-11-29 23:52:17.531 15662-15680 System.out              com.bitflow.finance                  I  [SBI Parser]   Col[3]: '409816611886'
2025-11-29 23:52:17.531 15662-15680 System.out              com.bitflow.finance                  I  [SBI Parser]   Col[4]DEBIT: '22,500.00'
2025-11-29 23:52:17.531 15662-15680 System.out              com.bitflow.finance                  I  [SBI Parser]   Col[5]CREDIT: '-'
2025-11-29 23:52:17.531 15662-15680 System.out              com.bitflow.finance                  I  [SBI Parser]   Col[6]BALANCE: '3,151,344.13'
2025-11-29 23:52:17.532 15662-15680 System.out              com.bitflow.finance                  I  [SBI Parser] Row: debit='22,500.00'(22500.0), credit='-'(0.0), desc='IMPS-409816611886-FAIZAN-KKBK0'
2025-11-29 23:52:17.532 15662-15680 System.out              com.bitflow.finance                  I  [SBI Parser] Row: debit='109,000.00'(109000.0), credit='-'(0.0), desc='IMPS-410122886145-SYED-BMCB000'
2025-11-29 23:52:17.532 15662-15680 System.out              com.bitflow.finance                  I  [SBI Parser] Row: debit='170.43'(170.43), credit='-'(0.0), desc='VDE-6845-89051900   -MICROSOFT'
2025-11-29 23:52:17.533 15662-15680 System.out              com.bitflow.finance                  I  [SBI Parser] Row: debit='30,000.00'(30000.0), credit='-'(0.0), desc='IMPS-410421131355-PRATIK-SBIN0'
2025-11-29 23:52:17.533 15662-15680 System.out              com.bitflow.finance                  I  [SBI Parser] Row: debit='6,195.00'(6195.0), credit='-'(0.0), desc='VDE-6845-EB031182   -TATAPLAYF'
2025-11-29 23:52:17.533 15662-15680 System.out              com.bitflow.finance                  I  [SBI Parser] Row: debit='3,004.00'(3004.0), credit='-'(0.0), desc='VDE-6845-99999999   -AIRTEL PA'
2025-11-29 23:52:17.533 15662-15680 System.out              com.bitflow.finance                  I  [SBI Parser] Row: debit='923.82'(923.82), credit='-'(0.0), desc='VDE-6845-78004389   -AMAZONREC'
2025-11-29 23:52:17.534 15662-15680 System.out              com.bitflow.finance                  I  [SBI Parser] Row: debit='1,693.78'(1693.78), credit='-'(0.0), desc='VIE-6845-840/2000-CHATGPT SUBS'
2025-11-29 23:52:17.534 15662-15680 System.out              com.bitflow.finance                  I  [SBI Parser] Row: debit='3,600.00'(3600.0), credit='-'(0.0), desc='VDP-6845-82220233   -BHAUSAHEB'
2025-11-29 23:52:17.534 15662-15680 System.out              com.bitflow.finance                  I  [SBI Parser] Row: debit='13,365.00'(13365.0), credit='-'(0.0), desc='VDE-6845-99999999   -CLEARTRIP'
2025-11-29 23:52:17.534 15662-15680 System.out              com.bitflow.finance                  I  [SBI Parser] Row: debit='12,000.00'(12000.0), credit='-'(0.0), desc='IMPS-413213871425-PRATIK-SBIN0'
2025-11-29 23:52:17.535 15662-15680 System.out              com.bitflow.finance                  I  [SBI Parser] Row: debit='22,500.00'(22500.0), credit='-'(0.0), desc='IMPS-413213871463-FAIZAN-KKBK0'
2025-11-29 23:52:17.535 15662-15680 System.out              com.bitflow.finance                  I  [SBI Parser] Row: debit='18,000.00'(18000.0), credit='-'(0.0), desc='IMPS-413221891911-PRATIK-SBIN0'
2025-11-29 23:52:17.535 15662-15680 System.out              com.bitflow.finance                  I  [SBI Parser] Row: debit='50,000.00'(50000.0), credit='-'(0.0), desc='IMPS-413317913591-RAHUL-SBIN00'
2025-11-29 23:52:17.535 15662-15680 System.out              com.bitflow.finance                  I  [SBI Parser] Row: debit='170.43'(170.43), credit='-'(0.0), desc='VDE-6845-89051900   -MICROSOFT'
2025-11-29 23:52:17.536 15662-15680 System.out              com.bitflow.finance                  I  [SBI Parser] Row: debit='5,056.00'(5056.0), credit='-'(0.0), desc='VDE-6845-99999999   -CLEARTRIP'
2025-11-29 23:52:17.536 15662-15680 System.out              com.bitflow.finance                  I  [SBI Parser] Row: debit='10,763.00'(10763.0), credit='-'(0.0), desc='VDE-6845-99999999   -CLEARTRIP'
2025-11-29 23:52:17.536 15662-15680 System.out              com.bitflow.finance                  I  [SBI Parser] Row: debit='-'(0.0), credit='1.00'(1.0), desc='IMPS-413422500102-TAPITS TECHN'
2025-11-29 23:52:17.537 15662-15680 System.out              com.bitflow.finance                  I  [SBI Parser] Row: debit='-'(0.0), credit='200.00'(200.0), desc='AU ROYALE BUSINESS CASHBACK - '
2025-11-29 23:52:17.537 15662-15680 System.out              com.bitflow.finance                  I  [SBI Parser] Row: debit='2.00'(2.0), credit='-'(0.0), desc='VDE-6845-89051772   -GOOGLE PL'
2025-11-29 23:52:17.537 15662-15680 System.out              com.bitflow.finance                  I  [SBI Parser] Row: debit='5,247.00'(5247.0), credit='-'(0.0), desc='VDE-6845-99999999   -CLEARTRIP'
2025-11-29 23:52:17.539 15662-15680 System.out              com.bitflow.finance                  I  [SBI Parser] Row: debit='-'(0.0), credit='2.00'(2.0), desc='REFUND-GOOGLE PLAY-220524'
2025-11-29 23:52:17.539 15662-15680 System.out              com.bitflow.finance                  I  [SBI Parser] Row: debit='13,069.00'(13069.0), credit='-'(0.0), desc='VDE-6845-99999999   -CLEARTRIP'
2025-11-29 23:52:17.539 15662-15680 System.out              com.bitflow.finance                  I  [SBI Parser] Row: debit='4,000.00'(4000.0), credit='-'(0.0), desc='VDE-6845-89052168   -GOOGLE PL'
2025-11-29 23:52:17.541 15662-15680 System.out              com.bitflow.finance                  I  [SBI Parser] Row: debit='6,230.00'(6230.0), credit='-'(0.0), desc='VDE-6845-87081873   -AMAZON PA'
2025-11-29 23:52:17.541 15662-15680 System.out              com.bitflow.finance                  I  [SBI Parser] Row: debit='4,708.00'(4708.0), credit='-'(0.0), desc='VDE-6845-89051631   -WWW AMAZO'
2025-11-29 23:52:17.542 15662-15680 System.out              com.bitflow.finance                  I  [SBI Parser] Row: debit='4,906.00'(4906.0), credit='-'(0.0), desc='VDE-6845-89051631   -WWW AMAZO'
2025-11-29 23:52:17.542 15662-15680 System.out              com.bitflow.finance                  I  [SBI Parser] Row: debit='3,359.00'(3359.0), credit='-'(0.0), desc='VDP-6845-21070410   -MY CAR PU'
2025-11-29 23:52:17.542 15662-15680 System.out              com.bitflow.finance                  I  [SBI Parser] Row: debit='-'(0.0), credit='3,359.00'(3359.0), desc='UPI/CR/415276134437/PRATIK KAL'
2025-11-29 23:52:17.543 15662-15680 System.out              com.bitflow.finance                  I  [SBI Parser] Row: debit='805.82'(805.82), credit='-'(0.0), desc='VDE-6845-78004389   -AMAZONREC'
2025-11-29 23:52:17.543 15662-15680 System.out              com.bitflow.finance                  I  [SBI Parser] Row: debit='13,826.29'(13826.29), credit='-'(0.0), desc='VDE-6845-87051458   -RAZ*IRCTC'
2025-11-29 23:52:17.543 15662-15680 System.out              com.bitflow.finance                  I  [SBI Parser] Row: debit='32,255.96'(32255.96), credit='-'(0.0), desc='VDE-6845-87051458   -RAZ*IRCTC'
2025-11-29 23:52:17.544 15662-15680 System.out              com.bitflow.finance                  I  [SBI Parser] Row: debit='31,910.34'(31910.34), credit='-'(0.0), desc='VDE-6845-87051458   -RAZ*IRCTC'
2025-11-29 23:52:17.544 15662-15680 System.out              com.bitflow.finance                  I  [SBI Parser] Row: debit='-'(0.0), credit='118.17'(118.17), desc='AU ROYALE BUSINESS CASHBACK AP'
2025-11-29 23:52:17.544 15662-15680 System.out              com.bitflow.finance                  I  [SBI Parser] Row: debit='-'(0.0), credit='32,255.96'(32255.96), desc='REFUND-RAZ*IRCTC-100624'
2025-11-29 23:52:17.545 15662-15680 System.out              com.bitflow.finance                  I  [SBI Parser] Row: debit='-'(0.0), credit='31,910.34'(31910.34), desc='REFUND-RAZ*IRCTC-110624'
2025-11-29 23:52:17.545 15662-15680 System.out              com.bitflow.finance                  I  [SBI Parser] Row: debit='170.43'(170.43), credit='-'(0.0), desc='VDE-6845-89051900   -MICROSOFT'
2025-11-29 23:52:17.545 15662-15680 System.out              com.bitflow.finance                  I  [SBI Parser] Row: debit='12,846.00'(12846.0), credit='-'(0.0), desc='VDP-6845-42592469   -LIFE STYL'
2025-11-29 23:52:17.545 15662-15680 System.out              com.bitflow.finance                  I  [SBI Parser] Row: debit='18,000.00'(18000.0), credit='-'(0.0), desc='IMPS-416722416997-PRATIK-SBIN0'
2025-11-29 23:52:17.546 15662-15680 System.out              com.bitflow.finance                  I  [SBI Parser] Row: debit='50,000.00'(50000.0), credit='-'(0.0), desc='IMPS-416722417010-RAHUL-SBIN00'
2025-11-29 23:52:17.546 15662-15680 System.out              com.bitflow.finance                  I  [SBI Parser] Row: debit='22,500.00'(22500.0), credit='-'(0.0), desc='IMPS-416722417011-FAIZAN-KKBK0'
2025-11-29 23:52:17.546 15662-15680 System.out              com.bitflow.finance                  I  [SBI Parser] Row: debit='923.82'(923.82), credit='-'(0.0), desc='VDE-6845-78004389   -AMAZONREC'
2025-11-29 23:52:17.546 15662-15680 System.out              com.bitflow.finance                  I  [SBI Parser] Row: debit='8,059.00'(8059.0), credit='-'(0.0), desc='VDP-6845-63307735   -BAVARIA M'
2025-11-29 23:52:17.547 15662-15680 System.out              com.bitflow.finance                  I  [SBI Parser] Row: debit='12,000.00'(12000.0), credit='-'(0.0), desc='IMPS-417115544997-PRATIK-SBIN0'
2025-11-29 23:52:17.547 15662-15680 System.out              com.bitflow.finance                  I  [SBI Parser] Row: debit='51,000.00'(51000.0), credit='-'(0.0), desc='VDP-6845-69126139   -AUTO TECH'
2025-11-29 23:52:17.547 15662-15680 System.out              com.bitflow.finance                  I  [SBI Parser] Row: debit='-'(0.0), credit='200.00'(200.0), desc='AU ROYALE BUSINESS CASHBACK - '
2025-11-29 23:52:17.548 15662-15680 System.out              com.bitflow.finance                  I  [SBI Parser] Row: debit='9,708.00'(9708.0), credit='-'(0.0), desc='VDE-6845-99999999   -CLEARTRIP'
2025-11-29 23:52:17.548 15662-15680 System.out              com.bitflow.finance                  I  [SBI Parser] Row: debit='17,798.00'(17798.0), credit='-'(0.0), desc='VDE-6845-99999999   -CLEARTRIP'
2025-11-29 23:52:17.548 15662-15680 System.out              com.bitflow.finance                  I  [SBI Parser] Row: debit='13,990.00'(13990.0), credit='-'(0.0), desc='VDE-6845-99999999   -CLEARTRIP'
2025-11-29 23:52:17.548 15662-15680 System.out              com.bitflow.finance                  I  [SBI Parser] Row: debit='3,000.00'(3000.0), credit='-'(0.0), desc='NDA-6845-S1ANNF39 -SERENE MEAD'
2025-11-29 23:52:17.549 15662-15680 System.out              com.bitflow.finance                  I  [SBI Parser] Row: debit='4,000.00'(4000.0), credit='-'(0.0), desc='VDP-6845-95028578   -BHARAT PE'
2025-11-29 23:52:17.549 15662-15680 System.out              com.bitflow.finance                  I  [SBI Parser] Row: debit='64,362.00'(64362.0), credit='-'(0.0), desc='VDP-6845-69126139   -AUTO TECH'
2025-11-29 23:52:17.550 15662-15680 System.out              com.bitflow.finance                  I  [SBI Parser] Row: debit='84,542.00'(84542.0), credit='-'(0.0), desc='VDE-6845-00000013   -SHRIRAM C'
2025-11-29 23:52:17.550 15662-15680 System.out              com.bitflow.finance                  I  [SBI Parser] Row: debit='7,290.00'(7290.0), credit='-'(0.0), desc='VDP-6845-82220233   -BHAUSAHEB'
2025-11-29 23:52:17.550 15662-15680 System.out              com.bitflow.finance                  I  [SBI Parser] Row: debit='3,650.00'(3650.0), credit='-'(0.0), desc='VDP-6845-82220233   -BHAUSAHEB'
2025-11-29 23:52:17.550 15662-15680 System.out              com.bitflow.finance                  I  [SBI Parser] Row: debit='50,000.00'(50000.0), credit='-'(0.0), desc='IMPS-419100383849-RAHUL-SBIN00'
2025-11-29 23:52:17.551 15662-15680 System.out              com.bitflow.finance                  I  [SBI Parser] Row: debit='18,000.00'(18000.0), credit='-'(0.0), desc='IMPS-419100383850-VIPUL-SBIN00'
2025-11-29 23:52:17.552 15662-15680 System.out              com.bitflow.finance                  I  [SBI Parser] Row: debit='22,500.00'(22500.0), credit='-'(0.0), desc='IMPS-419100383818-FAIZAN-KKBK0'
2025-11-29 23:52:17.552 15662-15680 System.out              com.bitflow.finance                  I  [SBI Parser] Row: debit='-'(0.0), credit='22,500.00'(22500.0), desc='RETURN IMPS-419100383818-FAIZA'
2025-11-29 23:52:17.553 15662-15680 System.out              com.bitflow.finance                  I  [SBI Parser] Row: debit='15,000.00'(15000.0), credit='-'(0.0), desc='IMPS-419100383871-CHRISTIANA M'
2025-11-29 23:52:17.553 15662-15680 System.out              com.bitflow.finance                  I  [SBI Parser] Row: debit='30,000.00'(30000.0), credit='-'(0.0), desc='IMPS-419100383875-VIJAYA-SBIN0'
2025-11-29 23:52:17.553 15662-15680 System.out              com.bitflow.finance                  I  [SBI Parser] Row: debit='12,000.00'(12000.0), credit='-'(0.0), desc='IMPS-419100383890-NAWAZ-KKBK00'
2025-11-29 23:52:17.554 15662-15680 System.out              com.bitflow.finance                  I  [SBI Parser] Row: debit='-'(0.0), credit='12,000.00'(12000.0), desc='RETURN IMPS-419100383890-NAWAZ'
2025-11-29 23:52:17.554 15662-15680 System.out              com.bitflow.finance                  I  [SBI Parser] Row: debit='114,000.00'(114000.0), credit='-'(0.0), desc='IMPS-419100383904-DEEPALI KALI'
2025-11-29 23:52:17.554 15662-15680 System.out              com.bitflow.finance                  I  [SBI Parser] Row: debit='170.43'(170.43), credit='-'(0.0), desc='VDE-6845-89051900   -MICROSOFT'
2025-11-29 23:52:17.554 15662-15680 System.out              com.bitflow.finance                  I  [SBI Parser] Row: debit='6,195.00'(6195.0), credit='-'(0.0), desc='VDE-6845-EB031182   -TATAPLAYF'
2025-11-29 23:52:17.555 15662-15680 System.out              com.bitflow.finance                  I  [SBI Parser] Row: debit='700.00'(700.0), credit='-'(0.0), desc='VDE-6845-PZ029349   -EASEBUZZ '
2025-11-29 23:52:17.555 15662-15680 System.out              com.bitflow.finance                  I  [SBI Parser] Row: debit='-'(0.0), credit='675.22'(675.22), desc='NEFT CR-YESB42043281562-EASEBU'
2025-11-29 23:52:17.555 15662-15680 System.out              com.bitflow.finance                  I  [SBI Parser] Row: debit='12,000.00'(12000.0), credit='-'(0.0), desc='IMPS-420621031720-NAWAZ-KKBK00'
2025-11-29 23:52:17.555 15662-15680 System.out              com.bitflow.finance                  I  [SBI Parser] Row: debit='22,500.00'(22500.0), credit='-'(0.0), desc='IMPS-420621031768-FAIZAN-KKBK0'
2025-11-29 23:52:17.556 15662-15680 System.out              com.bitflow.finance                  I  [SBI Parser] Row: debit='49,000.00'(49000.0), credit='-'(0.0), desc='IMPS-420621031777-YASHIKA-BKID'
2025-11-29 23:52:17.556 15662-15680 System.out              com.bitflow.finance                  I  [SBI Parser] Row: debit='42,000.00'(42000.0), credit='-'(0.0), desc='IMPS-420621031779-KUNAL CHAUDH'
2025-11-29 23:52:17.556 15662-15680 System.out              com.bitflow.finance                  I  [SBI Parser] Row: debit='59,000.00'(59000.0), credit='-'(0.0), desc='VDE-6845-100011AO   -RAZ*GLASS'
2025-11-29 23:52:17.557 15662-15680 System.out              com.bitflow.finance                  I  [SBI Parser] Row: debit='2,013.14'(2013.14), credit='-'(0.0), desc='VIE-6845-840/2360-OPENAI *CHAT'
2025-11-29 23:52:17.557 15662-15680 System.out              com.bitflow.finance                  I  [SBI Parser] Row: debit='6,195.00'(6195.0), credit='-'(0.0), desc='VDE-6845-89051977   -TATA PLAY'
2025-11-29 23:52:17.557 15662-15680 System.out              com.bitflow.finance                  I  [SBI Parser] Row: debit='713.89'(713.89), credit='-'(0.0), desc='VDE-6845-78004389   -AMAZONREC'
2025-11-29 23:52:17.557 15662-15680 System.out              com.bitflow.finance                  I  [SBI Parser] Row: debit='12,000.00'(12000.0), credit='-'(0.0), desc='IMPS-423821327383-NAWAZ-KKBK00'
2025-11-29 23:52:17.558 15662-15680 System.out              com.bitflow.finance                  I  [SBI Parser] Row: debit='18,000.00'(18000.0), credit='-'(0.0), desc='IMPS-423821327403-VIPUL-SBIN00'
2025-11-29 23:52:17.558 15662-15680 System.out              com.bitflow.finance                  I  [SBI Parser] Row: debit='50,000.00'(50000.0), credit='-'(0.0), desc='IMPS-423821327420-RAHUL-SBIN00'
2025-11-29 23:52:17.558 15662-15680 System.out              com.bitflow.finance                  I  [SBI Parser] Row: debit='100,000.00'(100000.0), credit='-'(0.0), desc='IMPS-423921359364-PRATIK-SBIN0'
2025-11-29 23:52:17.559 15662-15680 System.out              com.bitflow.finance                  I  [SBI Parser] Row: debit='1,678.70'(1678.7), credit='-'(0.0), desc='VIE-6845-840/2000-OPENAI *CHAT'
2025-11-29 23:52:17.559 15662-15680 System.out              com.bitflow.finance                  I  [SBI Parser] Row: debit='4,027.69'(4027.69), credit='-'(0.0), desc='VIE-6845-840/4800-WRITEHUMAN.A'
2025-11-29 23:52:17.559 15662-15680 System.out              com.bitflow.finance                  I  [SBI Parser] Row: debit='3,927.00'(3927.0), credit='-'(0.0), desc='VDP-6845-82220233   -BHAUSAHEB'
2025-11-29 23:52:17.559 15662-15680 System.out              com.bitflow.finance                  I  [SBI Parser] Row: debit='70.80'(70.8), credit='-'(0.0), desc='MARK UP FEE ON INT TXN OF AMT '
2025-11-29 23:52:17.560 15662-15680 System.out              com.bitflow.finance                  I  [SBI Parser] Row: debit='646.00'(646.0), credit='-'(0.0), desc='VDP-6845-00068578   -MS REGAL '
2025-11-29 23:52:17.560 15662-15680 System.out              com.bitflow.finance                  I  [SBI Parser] Row: debit='-'(0.0), credit='646.00'(646.0), desc='UPI/CR/425218187296/PRATIK KAL'
2025-11-29 23:52:17.560 15662-15680 System.out              com.bitflow.finance                  I  [SBI Parser] Row: debit='129,900.00'(129900.0), credit='-'(0.0), desc='VDE-6845-89051742   -APPLE IND'
2025-11-29 23:52:17.561 15662-15680 System.out              com.bitflow.finance                  I  [SBI Parser] Row: debit='340.86'(340.86), credit='-'(0.0), desc='VDE-6845-89051900   -MICROSOFT'
2025-11-29 23:52:17.561 15662-15680 System.out              com.bitflow.finance                  I  [SBI Parser] Row: debit='735.00'(735.0), credit='-'(0.0), desc='VDE-6845-10001A4C   -RAZ*SAGE '
2025-11-29 23:52:17.561 15662-15680 System.out              com.bitflow.finance                  I  [SBI Parser] Row: debit='-'(0.0), credit='700.00'(700.0), desc='REFUND-RAZ*SAGE VISTA GLOBAL P'
2025-11-29 23:52:17.561 15662-15680 System.out              com.bitflow.finance                  I  [SBI Parser] Row: debit='50,000.00'(50000.0), credit='-'(0.0), desc='IMPS-426717520775-RAHUL-SBIN00'
2025-11-29 23:52:17.562 15662-15680 System.out              com.bitflow.finance                  I  [SBI Parser] Row: debit='18,000.00'(18000.0), credit='-'(0.0), desc='IMPS-426717520814-VIPUL-SBIN00'
2025-11-29 23:52:17.562 15662-15680 System.out              com.bitflow.finance                  I  [SBI Parser] Row: debit='-'(0.0), credit='12.95'(12.95), desc='NEFT CR-AXISCN0753996163-RAZOR'
2025-11-29 23:52:17.562 15662-15680 System.out              com.bitflow.finance                  I  [SBI Parser] Row: debit='12,901.00'(12901.0), credit='-'(0.0), desc='VDP-6845-MH130667   -GARVE CAR'
2025-11-29 23:52:17.562 15662-15680 System.out              com.bitflow.finance                  I  [SBI Parser] Row: debit='64,099.00'(64099.0), credit='-'(0.0), desc='VDE-6845-70028859   -FLIPKART '
2025-11-29 23:52:17.563 15662-15680 System.out              com.bitflow.finance                  I  [SBI Parser] Row: debit='2,111.00'(2111.0), credit='-'(0.0), desc='VDE-6845-87081873   -AMAZON PA'
2025-11-29 23:52:17.563 15662-15680 System.out              com.bitflow.finance                  I  [SBI Parser] Row: debit='1,976.19'(1976.19), credit='-'(0.0), desc='VIE-6845-840/2360-OPENAI *CHAT'
2025-11-29 23:52:17.563 15662-15680 System.out              com.bitflow.finance                  I  [SBI Parser] Row: debit='-'(0.0), credit='7.61'(7.61), desc='NEFT CR-AXISCN0761182608-RAZOR'
2025-11-29 23:52:17.564 15662-15680 System.out              com.bitflow.finance                  I  [SBI Parser] Row: debit='35.40'(35.4), credit='-'(0.0), desc='MARK UP FEE ON INT TXN OF AMT '
2025-11-29 23:52:17.564 15662-15680 System.out              com.bitflow.finance                  I  [SBI Parser] Row: debit='14,800.00'(14800.0), credit='-'(0.0), desc='VDP-6845-PR304138   -KRISHNA M'
2025-11-29 23:52:17.565 15662-15680 System.out              com.bitflow.finance                  I  [SBI Parser] Row: debit='170.43'(170.43), credit='-'(0.0), desc='VDE-6845-89051900   -MICROSOFT'
2025-11-29 23:52:17.565 15662-15680 System.out              com.bitflow.finance                  I  [SBI Parser] Row: debit='735.00'(735.0), credit='-'(0.0), desc='VDE-6845-10001A4C   -RAZ*SAGE '
2025-11-29 23:52:17.565 15662-15680 System.out              com.bitflow.finance                  I  [SBI Parser] Row: debit='-'(0.0), credit='1,403.84'(1403.84), desc='NEFT CR-AXISCN0777753946-RAZOR'
2025-11-29 23:52:17.566 15662-15680 System.out              com.bitflow.finance                  I  [SBI Parser] Row: debit='18,000.00'(18000.0), credit='-'(0.0), desc='IMPS-428915431034-VIPUL-SBIN00'
2025-11-29 23:52:17.566 15662-15680 System.out              com.bitflow.finance                  I  [SBI Parser] Row: debit='50,000.00'(50000.0), credit='-'(0.0), desc='IMPS-428915431092-RAHUL-SBIN00'
2025-11-29 23:52:17.566 15662-15680 System.out              com.bitflow.finance                  I  [SBI Parser] Row: debit='12,000.00'(12000.0), credit='-'(0.0), desc='IMPS-428915431125-NAWAZ-KKBK00'
2025-11-29 23:52:17.566 15662-15680 System.out              com.bitflow.finance                  I  [SBI Parser] Row: debit='733.96'(733.96), credit='-'(0.0), desc='VDE-6845-99999999   -ADOBE SYS'
2025-11-29 23:52:17.566 15662-15680 System.out              com.bitflow.finance                  I  [SBI Parser] Row: debit='833.07'(833.07), credit='-'(0.0), desc='VDE-6845-78004389   -AMAZONREC'
2025-11-29 23:52:17.567 15662-15680 System.out              com.bitflow.finance                  I  [SBI Parser] Row: debit='1,663.46'(1663.46), credit='-'(0.0), desc='VDE-6845-PU002732   -FACEBOOK '
2025-11-29 23:52:17.567 15662-15680 System.out              com.bitflow.finance                  I  [SBI Parser] Row: debit='5,000.00'(5000.0), credit='-'(0.0), desc='VDE-6845-PU002732   -FACEBOOK '
2025-11-29 23:52:17.567 15662-15680 System.out              com.bitflow.finance                  I  [SBI Parser] Row: debit='1,985.46'(1985.46), credit='-'(0.0), desc='VIE-6845-840/2360-OPENAI *CHAT'
2025-11-29 23:52:17.567 15662-15680 System.out              com.bitflow.finance                  I  [SBI Parser] Row: debit='540.86'(540.86), credit='-'(0.0), desc='VDE-6845-89051843   -FACEBOOK '
2025-11-29 23:52:17.568 15662-15680 System.out              com.bitflow.finance                  I  [SBI Parser] Row: debit='35.40'(35.4), credit='-'(0.0), desc='MARK UP FEE ON INT TXN OF AMT '
2025-11-29 23:52:17.568 15662-15680 System.out              com.bitflow.finance                  I  [SBI Parser] Row: debit='426.62'(426.62), credit='-'(0.0), desc='VDE-6845-89051843   -FACEBOOK '
2025-11-29 23:52:17.568 15662-15680 System.out              com.bitflow.finance                  I  [SBI Parser] Row: debit='3,282.54'(3282.54), credit='-'(0.0), desc='VDE-6845-78004202   -AMAZONAWS'
2025-11-29 23:52:17.568 15662-15680 System.out              com.bitflow.finance                  I  [SBI Parser] Row: debit='3,398.89'(3398.89), credit='-'(0.0), desc='VDE-6845-78004202   -AMAZONAWS'
2025-11-29 23:52:17.569 15662-15680 System.out              com.bitflow.finance                  I  [SBI Parser] Row: debit='170.43'(170.43), credit='-'(0.0), desc='VDE-6845-89051900   -MICROSOFT'
2025-11-29 23:52:17.569 15662-15680 System.out              com.bitflow.finance                  I  [SBI Parser] Row: debit='6,195.00'(6195.0), credit='-'(0.0), desc='VDE-6845-89051978   -TATA PLAY'
2025-11-29 23:52:17.569 15662-15680 System.out              com.bitflow.finance                  I  [SBI Parser] Row: debit='733.96'(733.96), credit='-'(0.0), desc='VDE-6845-99999999   -ADOBE SYS'
2025-11-29 23:52:17.569 15662-15680 System.out              com.bitflow.finance                  I  [SBI Parser] Row: debit='735.00'(735.0), credit='-'(0.0), desc='VDE-6845-10001A4C   -RAZ*SAGE '
2025-11-29 23:52:17.570 15662-15680 System.out              com.bitflow.finance                  I  [SBI Parser] Row: debit='-'(0.0), credit='712.95'(712.95), desc='NEFT CR-AXISCN0829080855-RAZOR'
2025-11-29 23:52:17.570 15662-15680 System.out              com.bitflow.finance                  I  [SBI Parser] Row: debit='1,785.32'(1785.32), credit='-'(0.0), desc='VDE-6845-78004389   -AMAZONREC'
2025-11-29 23:52:17.570 15662-15680 System.out              com.bitflow.finance                  I  [SBI Parser] Row: debit='170.43'(170.43), credit='-'(0.0), desc='VDE-6845-89051900   -MICROSOFT'
2025-11-29 23:52:17.571 15662-15680 System.out              com.bitflow.finance                  I  [SBI Parser] Row: debit='2,005.88'(2005.88), credit='-'(0.0), desc='VIE-6845-840/2360-OPENAI *CHAT'
2025-11-29 23:52:17.571 15662-15680 System.out              com.bitflow.finance                  I  [SBI Parser] Row: debit='733.96'(733.96), credit='-'(0.0), desc='VDE-6845-99999999   -ADOBE SYS'
2025-11-29 23:52:17.571 15662-15680 System.out              com.bitflow.finance                  I  [SBI Parser] Row: debit='35.40'(35.4), credit='-'(0.0), desc='MARK UP FEE ON INT TXN OF AMT '
2025-11-29 23:52:17.571 15662-15680 System.out              com.bitflow.finance                  I  [SBI Parser] Row: debit='733.96'(733.96), credit='-'(0.0), desc='VDE-6845-99999999   -ADOBE SYS'
2025-11-29 23:52:17.572 15662-15680 System.out              com.bitflow.finance                  I  [SBI Parser] Row: debit='170.43'(170.43), credit='-'(0.0), desc='VDE-6845-89051900   -MICROSOFT'
2025-11-29 23:52:17.572 15662-15680 System.out              com.bitflow.finance                  I  [SBI Parser] Row: debit='733.96'(733.96), credit='-'(0.0), desc='VDE-6845-99999999   -ADOBE SYS'
2025-11-29 23:52:17.572 15662-15680 System.out              com.bitflow.finance                  I  [SBI Parser] Row: debit='2,043.79'(2043.79), credit='-'(0.0), desc='VIE-6845-840/2360-OPENAI *CHAT'
2025-11-29 23:52:17.573 15662-15680 System.out              com.bitflow.finance                  I  [SBI Parser] Row: debit='36.58'(36.58), credit='-'(0.0), desc='MARKUP- INT TXN AMT -23.6 21-J'
2025-11-29 23:52:17.573 15662-15680 System.out              com.bitflow.finance                  I  [SBI Parser] Row: debit='733.96'(733.96), credit='-'(0.0), desc='VDE-6845-99999999   -ADOBE SYS'
2025-11-29 23:52:17.573 15662-15680 System.out              com.bitflow.finance                  I  [SBI Parser] Row: debit='824.82'(824.82), credit='-'(0.0), desc='VDE-6845-99999999   -AIRTEL PA'
2025-11-29 23:52:17.574 15662-15680 System.out              com.bitflow.finance                  I  [SBI Parser] Row: debit='1,475.00'(1475.0), credit='-'(0.0), desc='VDE-6845-00006478   -ASSOCIATI'
2025-11-29 23:52:17.574 15662-15680 System.out              com.bitflow.finance                  I  [SBI Parser] Row: debit='171.10'(171.1), credit='-'(0.0), desc='VDE-6845-89051900   -MICROSOFT'
2025-11-29 23:52:17.574 15662-15680 System.out              com.bitflow.finance                  I  [SBI Parser] Row: debit='6,195.00'(6195.0), credit='-'(0.0), desc='VDE-6845-89051978   -TATA PLAY'
2025-11-29 23:52:17.574 15662-15680 System.out              com.bitflow.finance                  I  [SBI Parser] Row: debit='733.96'(733.96), credit='-'(0.0), desc='VDE-6845-99999999   -ADOBE SYS'
2025-11-29 23:52:17.575 15662-15680 System.out              com.bitflow.finance                  I  [SBI Parser] Row: debit='733.96'(733.96), credit='-'(0.0), desc='VDE-6845-99999999   -ADOBE SYS'
2025-11-29 23:52:17.575 15662-15680 System.out              com.bitflow.finance                  I  [SBI Parser] Row: debit='3,321.59'(3321.59), credit='-'(0.0), desc='VDE-6845-78004202   -AMAZONAWS'
2025-11-29 23:52:17.575 15662-15680 System.out              com.bitflow.finance                  I  [SBI Parser] Row: debit='3,480.37'(3480.37), credit='-'(0.0), desc='VDE-6845-78004202   -AMAZONAWS'
2025-11-29 23:52:17.576 15662-15680 System.out              com.bitflow.finance                  I  [SBI Parser] Row: debit='3,451.92'(3451.92), credit='-'(0.0), desc='VDE-6845-78004202   -AMAZONAWS'
2025-11-29 23:52:17.576 15662-15680 System.out              com.bitflow.finance                  I  [SBI Parser] Row: debit='959.34'(959.34), credit='-'(0.0), desc='VDE-6845-99999999   -AIRTEL PA'
2025-11-29 23:52:17.576 15662-15680 System.out              com.bitflow.finance                  I  [SBI Parser] Row: debit='2,062.52'(2062.52), credit='-'(0.0), desc='VIE-6845-840/2360-OPENAI *CHAT'
2025-11-29 23:52:17.577 15662-15680 System.out              com.bitflow.finance                  I  [SBI Parser] Row: debit='36.58'(36.58), credit='-'(0.0), desc='MARKUP- INT TXN AMT -23.6 12-M'
2025-11-29 23:52:17.577 15662-15680 System.out              com.bitflow.finance                  I  [SBI Parser] Row: debit='733.96'(733.96), credit='-'(0.0), desc='VDE-6845-99999999   -ADOBE SYS'
2025-11-29 23:52:17.577 15662-15680 System.out              com.bitflow.finance                  I  [SBI Parser] Row: debit='733.96'(733.96), credit='-'(0.0), desc='VDE-6845-99999999   -ADOBE SYS'
2025-11-29 23:52:17.577 15662-15680 System.out              com.bitflow.finance                  I  [SBI Parser] Parsed 148 transactions
2025-11-29 23:52:17.577 15662-15680 System.out              com.bitflow.finance                  I  [SBI Parser] 📊 File order: ASCENDING (oldest first)
2025-11-29 23:52:17.577 15662-15680 System.out              com.bitflow.finance                  I  [SBI Parser] ✓ Using LAST row balance: ₹1379475.12
2025-11-29 23:52:17.577 15662-15680 System.out              com.bitflow.finance                  I  [SBI Parser] Detected current balance: ₹1379475.12
2025-11-29 23:52:17.577 15662-15680 System.out              com.bitflow.finance                  I  [BackgroundImport] File: 27-Nov-2025_495979AccStmtDownloadReport.xls - Parsed 148 transactions
2025-11-29 23:52:17.577 15662-15680 System.out              com.bitflow.finance                  I  [BackgroundImport] File: 27-Nov-2025_495979AccStmtDownloadReport.xls - Detected balance: ₹1379475.12
2025-11-29 23:52:17.609 15662-15680 System.out              com.bitflow.finance                  I  [Parser Factory] Detected Excel file, converting to text...
2025-11-29 23:52:17.618 15662-15662 BLASTBufferQueue        com.bitflow.finance                  D  [VRI[MainActivity]#7](f:0,a:3) update width=1080 height=971 format=-2 mTransformHint=0
2025-11-29 23:52:17.619 15662-15677 Surface                 com.bitflow.finance                  D  Surface::disconnect
2025-11-29 23:52:17.629 15662-15677 BLASTBufferQueue        com.bitflow.finance                  D  [VRI[MainActivity]#7](f:0,a:4) producer disconnected before acquireNextBufferLocked
2025-11-29 23:52:17.644 15662-15680 System.out              com.bitflow.finance                  I  [Excel Reader] Reading sheet: sheet1
2025-11-29 23:52:17.644 15662-15680 System.out              com.bitflow.finance                  I  [Excel Reader] Total rows: 115
2025-11-29 23:52:17.644 15662-15680 System.out              com.bitflow.finance                  I  [Excel Reader] Row 0: 
2025-11-29 23:52:17.644 15662-15680 System.out              com.bitflow.finance                  I  [Excel Reader] Row 1: 
2025-11-29 23:52:17.644 15662-15680 System.out              com.bitflow.finance                  I  [Excel Reader] Row 2: 
2025-11-29 23:52:17.644 15662-15680 System.out              com.bitflow.finance                  I  [Excel Reader] Row 3: STATEMENT BY PERIOD
2025-11-29 23:52:17.644 15662-15680 System.out              com.bitflow.finance                  I  [Excel Reader] Row 4: Report Date: 27-Nov-2025
2025-11-29 23:52:17.644 15662-15680 System.out              com.bitflow.finance                  I  [Excel Reader] Row 5: Account No:,,2302234754568211-INR,,,,
2025-11-29 23:52:17.644 15662-15680 System.out              com.bitflow.finance                  I  [Excel Reader] Row 6: Opening Balance:,,0.00,,,,
2025-11-29 23:52:17.644 15662-15680 System.out              com.bitflow.finance                  I  [Excel Reader] Row 7: Closing Balance:,,"3,228,941.73",,,,
2025-11-29 23:52:17.644 15662-15680 System.out              com.bitflow.finance                  I  [Excel Reader] Row 8: Details as at:,,27-Nov-2025 19:05:19,,,,
2025-11-29 23:52:17.644 15662-15680 System.out              com.bitflow.finance                  I  [Excel Reader] Row 9: 
2025-11-29 23:52:17.644 15662-15680 System.out              com.bitflow.finance                  I  [Excel Reader] Row 10: Trans Date,Value Date,Description/Narration,Chq./Ref.No.,Debit(Dr.) INR,Credit(Cr.) INR,Balance INR
2025-11-29 23:52:17.644 15662-15680 System.out              com.bitflow.finance                  I  [Excel Reader] Row 11: 2023-12-14,2023-12-14,IMPS-334811260052-SYED SHAMIM RAZVI-CBIN0280678-******0111-INVESTMENT,2334801742637001,-,"1,000.00","1,000.00"
2025-11-29 23:52:17.644 15662-15680 System.out              com.bitflow.finance                  I  [Excel Reader] Row 12: 2023-12-14,2023-12-14,RTGS CR-CBINR52023121410015645-SYED-CBIN0280678-///////////////////////////////////-SAGE VISTA GLOBAL PRIVATE LIMITED,CBINR52023121410015645,-,"500,000.00","501,000.00"
2025-11-29 23:52:17.644 15662-15680 System.out              com.bitflow.finance                  I  [Excel Reader] Row 13: 2023-12-14,2023-12-15,BY CLG IDB 14/12/2023 AURANGABAD  KHATIB,000000521363,-,"500,000.00","1,001,000.00"
2025-11-29 23:52:17.644 15662-15680 System.out              com.bitflow.finance                  I  [Excel Reader] Row 14: 2023-12-14,2023-12-15,BY CLG BOM 14/12/2023 AURANGABAD  SAMINA,000000212421,-,"500,000.00","1,501,000.00"
2025-11-29 23:52:17.645 15662-15680 System.out              com.bitflow.finance                  I  [Excel Reader] Row 15: 2023-12-14,2023-12-15,BY CLG SRC 14/12/2023 AURANGABAD  KHATIB,000000018448,-,"300,000.00","1,801,000.00"
2025-11-29 23:52:17.645 15662-15680 System.out              com.bitflow.finance                  I  [Excel Reader] Row 16: 2023-12-17,2023-12-17,NEFT CR-1216I28437418581-SANKET KALIDAS CHAVAN-IBKL0NEFT01-SL//,1216i28437418581,-,"200,000.00","2,001,000.00"
2025-11-29 23:52:17.645 15662-15680 System.out              com.bitflow.finance                  I  [Excel Reader] Row 17: 2023-12-18,2023-12-18,RTGS CR-CBINR52023121810015720-SYED-CBIN0280678-///////////////////////////////////-SAGE VISTA GLOBAL PRIVATE LIMITED,CBINR52023121810015720,-,"500,000.00","2,501,000.00"
2025-11-29 23:52:17.645 15662-15680 System.out              com.bitflow.finance                  I  [Excel Reader] Row 18: 2023-12-18,2023-12-18,RTGS CR-BMCBR52023121800000325-SYED SHAMIM RAZVI ABDUL MATEEN RAZV-BMCB0000029-URGENT-SAGE VISTA GLOBAL PRIVATE LIMITED,BMCBR52023121800000325,-,"1,000,000.00","3,501,000.00"
2025-11-29 23:52:17.645 15662-15680 System.out              com.bitflow.finance                  I  [Excel Reader] Row 19: 2023-12-18,2023-12-19,BY CLG SBI 18/12/2023 PUNE  PRATIK,000000171107,-,"2,500,000.00","6,001,000.00"
2025-11-29 23:52:17.648 15662-15680 System.out              com.bitflow.finance                  I  [Excel Reader] Read 115 lines from Excel
2025-11-29 23:52:17.648 15662-15680 System.out              com.bitflow.finance                  I  [Parser Factory] Read 115 lines for format detection
2025-11-29 23:52:17.649 15662-15662 BLASTBufferQueue        com.bitflow.finance                  D  [VRI[MainActivity]#7](f:0,a:3) update width=1080 height=903 format=-2 mTransformHint=0
2025-11-29 23:52:17.650 15662-15677 Surface                 com.bitflow.finance                  D  Surface::disconnect
2025-11-29 23:52:17.651 15662-15680 System.out              com.bitflow.finance                  I  [Parser Factory] Matched SBI format with keywords: [trans date, debit] in header-like row
2025-11-29 23:52:17.651 15662-15680 System.out              com.bitflow.finance                  I  [Parser Factory]   Matched line: Trans Date,Value Date,Description/Narration,Chq./Ref.No.,Debit(Dr.) INR,Credit(Cr.) INR,Balance INR
2025-11-29 23:52:17.651 15662-15680 System.out              com.bitflow.finance                  I  [Parser Factory] Detected format: SBI
2025-11-29 23:52:17.652 15662-15680 System.out              com.bitflow.finance                  I  [SBI Parser] Scanning 114 lines for header...
2025-11-29 23:52:17.652 15662-15680 System.out              com.bitflow.finance                  I  [SBI Parser] Searching for header in first 40 lines...
2025-11-29 23:52:17.652 15662-15680 System.out              com.bitflow.finance                  I  [SBI Parser] Line 0: 
2025-11-29 23:52:17.652 15662-15680 System.out              com.bitflow.finance                  I  [SBI Parser] Line 1: 
2025-11-29 23:52:17.652 15662-15680 System.out              com.bitflow.finance                  I  [SBI Parser] Line 2: 
2025-11-29 23:52:17.652 15662-15680 System.out              com.bitflow.finance                  I  [SBI Parser] Line 3: statement by period
2025-11-29 23:52:17.652 15662-15680 System.out              com.bitflow.finance                  I  [SBI Parser] Line 4: report date: 27-nov-2025
2025-11-29 23:52:17.652 15662-15680 System.out              com.bitflow.finance                  I  [SBI Parser] Line 5: account no:,,2302234754568211-inr,,,,
2025-11-29 23:52:17.652 15662-15680 System.out              com.bitflow.finance                  I  [SBI Parser] Line 6: opening balance:,,0.00,,,,
2025-11-29 23:52:17.652 15662-15680 System.out              com.bitflow.finance                  I  [SBI Parser] Line 7: closing balance:,,"3,228,941.73",,,,
2025-11-29 23:52:17.652 15662-15680 System.out              com.bitflow.finance                  I  [SBI Parser] Line 8: details as at:,,27-nov-2025 19:05:19,,,,
2025-11-29 23:52:17.652 15662-15680 System.out              com.bitflow.finance                  I  [SBI Parser] Line 9: 
2025-11-29 23:52:17.652 15662-15680 System.out              com.bitflow.finance                  I  [SBI Parser] Line 10: trans date,value date,description/narration,chq./ref.no.,debit(dr.) inr,credit(cr.) inr,balance inr
2025-11-29 23:52:17.652 15662-15680 System.out              com.bitflow.finance                  I  [SBI Parser] Found header match at line 10 with keywords: [trans date, debit]
2025-11-29 23:52:17.652 15662-15680 System.out              com.bitflow.finance                  I  [SBI Parser] Found header at row 10
2025-11-29 23:52:17.652 15662-15680 System.out              com.bitflow.finance                  I  [SBI Parser] Header columns (7): Trans Date | Value Date | Description/Narration | Chq./Ref.No. | Debit(Dr.) INR | Credit(Cr.) INR | Balance INR
2025-11-29 23:52:17.652 15662-15680 System.out              com.bitflow.finance                  I  [SBI Parser] Column mapping: ColumnMapping(dateIndex=0, descriptionIndex=2, debitIndex=4, creditIndex=5, balanceIndex=6, referenceIndex=3)
2025-11-29 23:52:17.653 15662-15680 System.out              com.bitflow.finance                  I  [SBI Parser] Data row #0 has 7 columns:
2025-11-29 23:52:17.653 15662-15680 System.out              com.bitflow.finance                  I  [SBI Parser]   Col[0]DATE: '2023-12-14'
2025-11-29 23:52:17.653 15662-15680 System.out              com.bitflow.finance                  I  [SBI Parser]   Col[1]: '2023-12-14'
2025-11-29 23:52:17.653 15662-15680 System.out              com.bitflow.finance                  I  [SBI Parser]   Col[2]DESC: 'IMPS-334811260052-SYED SHAMIM RAZVI-CBIN0280678-******0111-INVESTMENT'
2025-11-29 23:52:17.653 15662-15680 System.out              com.bitflow.finance                  I  [SBI Parser]   Col[3]: '2334801742637001'
2025-11-29 23:52:17.653 15662-15680 System.out              com.bitflow.finance                  I  [SBI Parser]   Col[4]DEBIT: '-'
2025-11-29 23:52:17.653 15662-15680 System.out              com.bitflow.finance                  I  [SBI Parser]   Col[5]CREDIT: '1,000.00'
2025-11-29 23:52:17.653 15662-15680 System.out              com.bitflow.finance                  I  [SBI Parser]   Col[6]BALANCE: '1,000.00'
2025-11-29 23:52:17.653 15662-15680 System.out              com.bitflow.finance                  I  [SBI Parser] Row: debit='-'(0.0), credit='1,000.00'(1000.0), desc='IMPS-334811260052-SYED SHAMIM '
2025-11-29 23:52:17.653 15662-15680 System.out              com.bitflow.finance                  I  [SBI Parser] Data row #1 has 7 columns:
2025-11-29 23:52:17.653 15662-15680 System.out              com.bitflow.finance                  I  [SBI Parser]   Col[0]DATE: '2023-12-14'
2025-11-29 23:52:17.653 15662-15680 System.out              com.bitflow.finance                  I  [SBI Parser]   Col[1]: '2023-12-14'
2025-11-29 23:52:17.653 15662-15680 System.out              com.bitflow.finance                  I  [SBI Parser]   Col[2]DESC: 'RTGS CR-CBINR52023121410015645-SYED-CBIN0280678-///////////////////////////////////-SAGE VISTA GLOBAL PRIVATE LIMITED'
2025-11-29 23:52:17.653 15662-15680 System.out              com.bitflow.finance                  I  [SBI Parser]   Col[3]: 'CBINR52023121410015645'
2025-11-29 23:52:17.653 15662-15680 System.out              com.bitflow.finance                  I  [SBI Parser]   Col[4]DEBIT: '-'
2025-11-29 23:52:17.653 15662-15680 System.out              com.bitflow.finance                  I  [SBI Parser]   Col[5]CREDIT: '500,000.00'
2025-11-29 23:52:17.653 15662-15680 System.out              com.bitflow.finance                  I  [SBI Parser]   Col[6]BALANCE: '501,000.00'
2025-11-29 23:52:17.654 15662-15680 System.out              com.bitflow.finance                  I  [SBI Parser] Row: debit='-'(0.0), credit='500,000.00'(500000.0), desc='RTGS CR-CBINR52023121410015645'
2025-11-29 23:52:17.654 15662-15680 System.out              com.bitflow.finance                  I  [SBI Parser] Data row #2 has 7 columns:
2025-11-29 23:52:17.654 15662-15680 System.out              com.bitflow.finance                  I  [SBI Parser]   Col[0]DATE: '2023-12-14'
2025-11-29 23:52:17.654 15662-15680 System.out              com.bitflow.finance                  I  [SBI Parser]   Col[1]: '2023-12-15'
2025-11-29 23:52:17.654 15662-15680 System.out              com.bitflow.finance                  I  [SBI Parser]   Col[2]DESC: 'BY CLG IDB 14/12/2023 AURANGABAD  KHATIB'
2025-11-29 23:52:17.654 15662-15680 System.out              com.bitflow.finance                  I  [SBI Parser]   Col[3]: '000000521363'
2025-11-29 23:52:17.654 15662-15680 System.out              com.bitflow.finance                  I  [SBI Parser]   Col[4]DEBIT: '-'
2025-11-29 23:52:17.654 15662-15680 System.out              com.bitflow.finance                  I  [SBI Parser]   Col[5]CREDIT: '500,000.00'
2025-11-29 23:52:17.654 15662-15680 System.out              com.bitflow.finance                  I  [SBI Parser]   Col[6]BALANCE: '1,001,000.00'
2025-11-29 23:52:17.654 15662-15680 System.out              com.bitflow.finance                  I  [SBI Parser] Row: debit='-'(0.0), credit='500,000.00'(500000.0), desc='BY CLG IDB 14/12/2023 AURANGAB'
2025-11-29 23:52:17.654 15662-15680 System.out              com.bitflow.finance                  I  [SBI Parser] Row: debit='-'(0.0), credit='500,000.00'(500000.0), desc='BY CLG BOM 14/12/2023 AURANGAB'
2025-11-29 23:52:17.655 15662-15680 System.out              com.bitflow.finance                  I  [SBI Parser] Row: debit='-'(0.0), credit='300,000.00'(300000.0), desc='BY CLG SRC 14/12/2023 AURANGAB'
2025-11-29 23:52:17.655 15662-15680 System.out              com.bitflow.finance                  I  [SBI Parser] Row: debit='-'(0.0), credit='200,000.00'(200000.0), desc='NEFT CR-1216I28437418581-SANKE'
2025-11-29 23:52:17.655 15662-15680 System.out              com.bitflow.finance                  I  [SBI Parser] Row: debit='-'(0.0), credit='500,000.00'(500000.0), desc='RTGS CR-CBINR52023121810015720'
2025-11-29 23:52:17.655 15662-15680 System.out              com.bitflow.finance                  I  [SBI Parser] Row: debit='-'(0.0), credit='1,000,000.00'(1000000.0), desc='RTGS CR-BMCBR52023121800000325'
2025-11-29 23:52:17.656 15662-15680 System.out              com.bitflow.finance                  I  [SBI Parser] Row: debit='-'(0.0), credit='2,500,000.00'(2500000.0), desc='BY CLG SBI 18/12/2023 PUNE  PR'
2025-11-29 23:52:17.656 15662-15680 System.out              com.bitflow.finance                  I  [SBI Parser] Row: debit='-'(0.0), credit='500,000.00'(500000.0), desc='RTGS CR-BMCBR52023121900000328'
2025-11-29 23:52:17.656 15662-15680 System.out              com.bitflow.finance                  I  [SBI Parser] Row: debit='-'(0.0), credit='500,000.00'(500000.0), desc='BY CLG IDB 20/12/2023 AURANGAB'
2025-11-29 23:52:17.657 15662-15680 System.out              com.bitflow.finance                  I  [SBI Parser] Row: debit='-'(0.0), credit='200,000.00'(200000.0), desc='IMPS-335422148040-SANKET KALID'
2025-11-29 23:52:17.657 15662-15680 System.out              com.bitflow.finance                  I  [SBI Parser] Row: debit='-'(0.0), credit='2,100,000.00'(2100000.0), desc='RTGS CR-IBKLR92023122100022303'
2025-11-29 23:52:17.657 15662-15680 System.out              com.bitflow.finance                  I  [SBI Parser] Row: debit='-'(0.0), credit='700,000.00'(700000.0), desc='BY CLG BOM 20/12/2023 AURANGAB'
2025-11-29 23:52:17.657 15662-15680 System.out              com.bitflow.finance                  I  [SBI Parser] Row: debit='2.00'(2.0), credit='-'(0.0), desc='VDE-6845-89051985   -GOOGLE CL'
2025-11-29 23:52:17.658 15662-15680 System.out              com.bitflow.finance                  I  [SBI Parser] Row: debit='2.00'(2.0), credit='-'(0.0), desc='VDE-6845-89051985   -GOOGLE CL'
2025-11-29 23:52:17.658 15662-15677 BLASTBufferQueue        com.bitflow.finance                  D  [VRI[MainActivity]#7](f:0,a:4) producer disconnected before acquireNextBufferLocked
2025-11-29 23:52:17.658 15662-15680 System.out              com.bitflow.finance                  I  [SBI Parser] Row: debit='2.00'(2.0), credit='-'(0.0), desc='VDE-6845-89051985   -GOOGLE CL'
2025-11-29 23:52:17.658 15662-15680 System.out              com.bitflow.finance                  I  [SBI Parser] Row: debit='5.00'(5.0), credit='-'(0.0), desc='VDE-6845-87032546   -PHO*PHONE'
2025-11-29 23:52:17.658 15662-15680 System.out              com.bitflow.finance                  I  [SBI Parser] Row: debit='-'(0.0), credit='5.00'(5.0), desc='REFUND-PHO*PHONEPE RECHARGE-27'
2025-11-29 23:52:17.659 15662-15680 System.out              com.bitflow.finance                  I  [SBI Parser] Row: debit='36,000.00'(36000.0), credit='-'(0.0), desc='IMPS-336220341732-RAHUL-SBIN00'
2025-11-29 23:52:17.659 15662-15680 System.out              com.bitflow.finance                  I  [SBI Parser] Row: debit='8,700.00'(8700.0), credit='-'(0.0), desc='IMPS-336221346866-PRATIK-SBIN0'
2025-11-29 23:52:17.659 15662-15680 System.out              com.bitflow.finance                  I  [SBI Parser] Row: debit='113,600.00'(113600.0), credit='-'(0.0), desc='IMPS-336222346925-S GUHAN-ICIC'
2025-11-29 23:52:17.660 15662-15680 System.out              com.bitflow.finance                  I  [SBI Parser] Row: debit='-'(0.0), credit='1.00'(1.0), desc='IMPS-336328114425-APIBANKING-R'
2025-11-29 23:52:17.661 15662-15680 System.out              com.bitflow.finance                  I  [SBI Parser] Row: debit='-'(0.0), credit='1.00'(1.0), desc='IMPS-400210630268-KARZA TECH A'
2025-11-29 23:52:17.661 15662-15680 System.out              com.bitflow.finance                  I  [SBI Parser] Row: debit='22,999.00'(22999.0), credit='-'(0.0), desc='VDE-6845-99999999   -COMFORT G'
2025-11-29 23:52:17.661 15662-15680 System.out              com.bitflow.finance                  I  [SBI Parser] Row: debit='5,310.00'(5310.0), credit='-'(0.0), desc='VDE-6845-70028903   -TATA PLAY'
2025-11-29 23:52:17.662 15662-15680 System.out              com.bitflow.finance                  I  [SBI Parser] Row: debit='50,000.00'(50000.0), credit='-'(0.0), desc='IMPS-400414927790-VINAY-SBIN00'
2025-11-29 23:52:17.662 15662-15680 System.out              com.bitflow.finance                  I  [SBI Parser] Row: debit='100,000.00'(100000.0), credit='-'(0.0), desc='IMPS-400414927869-ADITYA S-HDF'
2025-11-29 23:52:17.662 15662-15680 System.out              com.bitflow.finance                  I  [SBI Parser] Row: debit='100,000.00'(100000.0), credit='-'(0.0), desc='IMPS-400510991753-SUSHAMA-BKID'
2025-11-29 23:52:17.662 15662-15680 System.out              com.bitflow.finance                  I  [SBI Parser] Row: debit='-'(0.0), credit='2.00'(2.0), desc='REFUND-GOOGLE CLOUD-030124'
2025-11-29 23:52:17.663 15662-15680 System.out              com.bitflow.finance                  I  [SBI Parser] Row: debit='-'(0.0), credit='2.00'(2.0), desc='REFUND-GOOGLE CLOUD-030124'
2025-11-29 23:52:17.663 15662-15680 System.out              com.bitflow.finance                  I  [SBI Parser] Row: debit='-'(0.0), credit='2.00'(2.0), desc='REFUND-GOOGLE CLOUD-030124'
2025-11-29 23:52:17.663 15662-15680 System.out              com.bitflow.finance                  I  [SBI Parser] Row: debit='3.00'(3.0), credit='-'(0.0), desc='VDE-6845-89051842   -FACEBOOK '
2025-11-29 23:52:17.664 15662-15680 System.out              com.bitflow.finance                  I  [SBI Parser] Row: debit='-'(0.0), credit='3.00'(3.0), desc='REFUND-FACEBOOK-070124'
2025-11-29 23:52:17.664 15662-15680 System.out              com.bitflow.finance                  I  [SBI Parser] Row: debit='19,200.00'(19200.0), credit='-'(0.0), desc='VIE-6845-356/1920000-FLUTTERFL'
2025-11-29 23:52:17.664 15662-15680 System.out              com.bitflow.finance                  I  [SBI Parser] Row: debit='28,304.10'(28304.1), credit='-'(0.0), desc='VDE-6845-87081873   -AMAZON PA'
2025-11-29 23:52:17.665 15662-15680 System.out              com.bitflow.finance                  I  [SBI Parser] Row: debit='28,183.00'(28183.0), credit='-'(0.0), desc='VDE-6845-87081873   -AMAZON PA'
2025-11-29 23:52:17.665 15662-15680 System.out              com.bitflow.finance                  I  [SBI Parser] Row: debit='124,500.00'(124500.0), credit='-'(0.0), desc='VDP-6845-61809014   -DCC INFOT'
2025-11-29 23:52:17.665 15662-15680 System.out              com.bitflow.finance                  I  [SBI Parser] Row: debit='40,000.00'(40000.0), credit='-'(0.0), desc='VDP-6845-61809014   -DCC INFOT'
2025-11-29 23:52:17.665 15662-15680 System.out              com.bitflow.finance                  I  [SBI Parser] Row: debit='50,000.00'(50000.0), credit='-'(0.0), desc='IMPS-401122503556-THITAME-CBIN'
2025-11-29 23:52:17.666 15662-15680 System.out              com.bitflow.finance                  I  [SBI Parser] Row: debit='33,152.00'(33152.0), credit='-'(0.0), desc='VDE-6845-87021552   -IND*AMAZO'
2025-11-29 23:52:17.666 15662-15680 System.out              com.bitflow.finance                  I  [SBI Parser] Row: debit='3,403.00'(3403.0), credit='-'(0.0), desc='VDE-6845-70014008   -ACTCORP  '
2025-11-29 23:52:17.666 15662-15680 System.out              com.bitflow.finance                  I  [SBI Parser] Row: debit='14,360.00'(14360.0), credit='-'(0.0), desc='IMPS-401214547777-PRATIK-SBIN0'
2025-11-29 23:52:17.667 15662-15680 System.out              com.bitflow.finance                  I  [SBI Parser] Row: debit='5,702.00'(5702.0), credit='-'(0.0), desc='VDE-6845-UTIS2I01   -RELEASEMY'
2025-11-29 23:52:17.667 15662-15680 System.out              com.bitflow.finance                  I  [SBI Parser] Row: debit='8,434.57'(8434.57), credit='-'(0.0), desc='VIE-6845-840/9999-CASTR.IO - L'
2025-11-29 23:52:17.667 15662-15680 System.out              com.bitflow.finance                  I  [SBI Parser] Row: debit='2,829.00'(2829.0), credit='-'(0.0), desc='VDE-6845-UTIS2I04   -AIRTEL   '
2025-11-29 23:52:17.667 15662-15680 System.out              com.bitflow.finance                  I  [SBI Parser] Row: debit='62,713.00'(62713.0), credit='-'(0.0), desc='VDP-6845-61696444   -UNICORN I'
2025-11-29 23:52:17.668 15662-15680 System.out              com.bitflow.finance                  I  [SBI Parser] Row: debit='1,534.00'(1534.0), credit='-'(0.0), desc='VDE-6845-UNIYQ9MM   -ZOOM.US +'
2025-11-29 23:52:17.668 15662-15680 System.out              com.bitflow.finance                  I  [SBI Parser] Row: debit='1,534.00'(1534.0), credit='-'(0.0), desc='VDE-6845-UNIYQ9MM   -ZOOM.US +'
2025-11-29 23:52:17.668 15662-15680 System.out              com.bitflow.finance                  I  [SBI Parser] Row: debit='20,000.00'(20000.0), credit='-'(0.0), desc='VDE-6845-78004115   -GOOGLESER'
2025-11-29 23:52:17.669 15662-15680 System.out              com.bitflow.finance                  I  [SBI Parser] Row: debit='500,000.00'(500000.0), credit='-'(0.0), desc='IMPS-402218369322-SUSHAMA-BKID'
2025-11-29 23:52:17.669 15662-15680 System.out              com.bitflow.finance                  I  [SBI Parser] Row: debit='500,000.00'(500000.0), credit='-'(0.0), desc='IMPS-402218369555-SUSHAMA-BKID'
2025-11-29 23:52:17.669 15662-15680 System.out              com.bitflow.finance                  I  [SBI Parser] Row: debit='500,000.00'(500000.0), credit='-'(0.0), desc='IMPS-402218369625-SANKET CHAVA'
2025-11-29 23:52:17.669 15662-15680 System.out              com.bitflow.finance                  I  [SBI Parser] Row: debit='8,464.00'(8464.0), credit='-'(0.0), desc='IMPS-402218370340-AP BALAJEEVA'
2025-11-29 23:52:17.670 15662-15680 System.out              com.bitflow.finance                  I  [SBI Parser] Row: debit='15,000.00'(15000.0), credit='-'(0.0), desc='IMPS-402218370404-RAHUL-SBIN00'
2025-11-29 23:52:17.670 15662-15680 System.out              com.bitflow.finance                  I  [SBI Parser] Row: debit='1,000,000.00'(1000000.0), credit='-'(0.0), desc='APPLICATION AND WEBSITE'
2025-11-29 23:52:17.670 15662-15680 System.out              com.bitflow.finance                  I  [SBI Parser] Row: debit='1,688.84'(1688.84), credit='-'(0.0), desc='VIE-6845-840/2000-CHATGPT SUBS'
2025-11-29 23:52:17.670 15662-15680 System.out              com.bitflow.finance                  I  [SBI Parser] Row: debit='225,000.00'(225000.0), credit='-'(0.0), desc='IMPS-402623695133-SYED-BMCB000'
2025-11-29 23:52:17.671 15662-15680 System.out              com.bitflow.finance                  I  [SBI Parser] Row: debit='700,000.00'(700000.0), credit='-'(0.0), desc='NEFT DR-N026242022050202-SAMIN'
2025-11-29 23:52:17.671 15662-15680 System.out              com.bitflow.finance                  I  [SBI Parser] Row: debit='50,000.00'(50000.0), credit='-'(0.0), desc='IMPS-402714728384-PRATIK-SBIN0'
2025-11-29 23:52:17.671 15662-15680 System.out              com.bitflow.finance                  I  [SBI Parser] Row: debit='5,719.00'(5719.0), credit='-'(0.0), desc='VDE-6845-00001787   -AMAZON PA'
2025-11-29 23:52:17.672 15662-15680 System.out              com.bitflow.finance                  I  [SBI Parser] Row: debit='15,500.00'(15500.0), credit='-'(0.0), desc='VDE-6845-70034807   -CLEARTRIP'
2025-11-29 23:52:17.672 15662-15680 System.out              com.bitflow.finance                  I  [SBI Parser] Row: debit='2.00'(2.0), credit='-'(0.0), desc='VDE-6845-78004202   -AMAZONAWS'
2025-11-29 23:52:17.672 15662-15680 System.out              com.bitflow.finance                  I  [SBI Parser] Row: debit='-'(0.0), credit='4,971.49'(4971.49), desc='NEFT CR-N030242854973297-EASEB'
2025-11-29 23:52:17.672 15662-15680 System.out              com.bitflow.finance                  I  [SBI Parser] Row: debit='-'(0.0), credit='2.00'(2.0), desc='REFUND-AMAZON WEB SERVICES-290'
2025-11-29 23:52:17.673 15662-15680 System.out              com.bitflow.finance                  I  [SBI Parser] Row: debit='45,000.00'(45000.0), credit='-'(0.0), desc='IMPS-403222188891-RAHUL-SBIN00'
2025-11-29 23:52:17.673 15662-15680 System.out              com.bitflow.finance                  I  [SBI Parser] Row: debit='50,000.00'(50000.0), credit='-'(0.0), desc='IMPS-403516440868-VINAY-SBIN00'
2025-11-29 23:52:17.673 15662-15680 System.out              com.bitflow.finance                  I  [SBI Parser] Row: debit='800,000.00'(800000.0), credit='-'(0.0), desc='MISCELLANEOUS'
2025-11-29 23:52:17.673 15662-15680 System.out              com.bitflow.finance                  I  [SBI Parser] Row: debit='700,000.00'(700000.0), credit='-'(0.0), desc='MISCELLANEOUS'
2025-11-29 23:52:17.674 15662-15680 System.out              com.bitflow.finance                  I  [SBI Parser] Row: debit='2.00'(2.0), credit='-'(0.0), desc='VDE-6845-89051899   -MICROSOFT'
2025-11-29 23:52:17.674 15662-15680 System.out              com.bitflow.finance                  I  [SBI Parser] Row: debit='7,500.00'(7500.0), credit='-'(0.0), desc='IMPS-404015882496-FAIZAN-KKBK0'
2025-11-29 23:52:17.675 15662-15680 System.out              com.bitflow.finance                  I  [SBI Parser] Row: debit='9,000.00'(9000.0), credit='-'(0.0), desc='IMPS-404015882918-VIPUL-SBIN00'
2025-11-29 23:52:17.675 15662-15680 System.out              com.bitflow.finance                  I  [SBI Parser] Row: debit='11,700.00'(11700.0), credit='-'(0.0), desc='IMPS-404015883121-SWASTIK-HDFC'
2025-11-29 23:52:17.675 15662-15680 System.out              com.bitflow.finance                  I  [SBI Parser] Row: debit='-'(0.0), credit='2.00'(2.0), desc='REFUND-MICROSOFT INDIA-090224'
2025-11-29 23:52:17.675 15662-15680 System.out              com.bitflow.finance                  I  [SBI Parser] Row: debit='4,912.00'(4912.0), credit='-'(0.0), desc='VDE-6845-70017496   -CLEARTRIP'
2025-11-29 23:52:17.676 15662-15680 System.out              com.bitflow.finance                  I  [SBI Parser] Row: debit='10,700.00'(10700.0), credit='-'(0.0), desc='IMPS-404309097649-RAHUL-SBIN00'
2025-11-29 23:52:17.676 15662-15680 System.out              com.bitflow.finance                  I  [SBI Parser] Row: debit='30,000.00'(30000.0), credit='-'(0.0), desc='IMPS-404309098814-PRASHANT-SBI'
2025-11-29 23:52:17.676 15662-15680 System.out              com.bitflow.finance                  I  [SBI Parser] Row: debit='170.43'(170.43), credit='-'(0.0), desc='VDE-6845-89051900   -MICROSOFT'
2025-11-29 23:52:17.677 15662-15680 System.out              com.bitflow.finance                  I  [SBI Parser] Row: debit='16,378.91'(16378.91), credit='-'(0.0), desc='VDE-6845-99999999   -AIRBNB PA'
2025-11-29 23:52:17.677 15662-15680 System.out              com.bitflow.finance                  I  [SBI Parser] Row: debit='10,000.00'(10000.0), credit='-'(0.0), desc='VDP-6845-63307745   -BAVARIA M'
2025-11-29 23:52:17.677 15662-15680 System.out              com.bitflow.finance                  I  [SBI Parser] Row: debit='64,240.00'(64240.0), credit='-'(0.0), desc='IMPS-404722501185-S GUHAN-ICIC'
2025-11-29 23:52:17.678 15662-15680 System.out              com.bitflow.finance                  I  [SBI Parser] Row: debit='8,429.74'(8429.74), credit='-'(0.0), desc='VIE-6845-840/9999-CASTR.IO - L'
2025-11-29 23:52:17.678 15662-15680 System.out              com.bitflow.finance                  I  [SBI Parser] Row: debit='177,500.00'(177500.0), credit='-'(0.0), desc='IMPS-405522131094-PRATIK-SBIN0'
2025-11-29 23:52:17.678 15662-15680 System.out              com.bitflow.finance                  I  [SBI Parser] Row: debit='197,500.00'(197500.0), credit='-'(0.0), desc='IMPS-406012494192-PRATIK-SBIN0'
2025-11-29 23:52:17.678 15662-15680 System.out              com.bitflow.finance                  I  [SBI Parser] Row: debit='-'(0.0), credit='200.00'(200.0), desc='AU ROYALE BUSINESS CASHBACK - '
2025-11-29 23:52:17.679 15662-15680 System.out              com.bitflow.finance                  I  [SBI Parser] Row: debit='106,028.00'(106028.0), credit='-'(0.0), desc='VDE-6845-70025595   -RAZORPAY '
2025-11-29 23:52:17.679 15662-15680 System.out              com.bitflow.finance                  I  [SBI Parser] Row: debit='1,000.00'(1000.0), credit='-'(0.0), desc='VDE-6845-99999999   -PHONEPE  '
2025-11-29 23:52:17.679 15662-15680 System.out              com.bitflow.finance                  I  [SBI Parser] Row: debit='50,000.00'(50000.0), credit='-'(0.0), desc='IMPS-406619151925-RAHUL-SBIN00'
2025-11-29 23:52:17.679 15662-15680 System.out              com.bitflow.finance                  I  [SBI Parser] Row: debit='5,000.00'(5000.0), credit='-'(0.0), desc='IMPS-406619151974-PRATIK-SBIN0'
2025-11-29 23:52:17.680 15662-15680 System.out              com.bitflow.finance                  I  [SBI Parser] Row: debit='22,500.00'(22500.0), credit='-'(0.0), desc='IMPS-406619152042-FAIZAN-KKBK0'
2025-11-29 23:52:17.680 15662-15680 System.out              com.bitflow.finance                  I  [SBI Parser] Row: debit='18,000.00'(18000.0), credit='-'(0.0), desc='IMPS-406619152059-PRATIK-SBIN0'
2025-11-29 23:52:17.680 15662-15680 System.out              com.bitflow.finance                  I  [SBI Parser] Row: debit='170.43'(170.43), credit='-'(0.0), desc='VDE-6845-89051900   -MICROSOFT'
2025-11-29 23:52:17.681 15662-15680 System.out              com.bitflow.finance                  I  [SBI Parser] Row: debit='1,685.27'(1685.27), credit='-'(0.0), desc='VIE-6845-840/2000-CHATGPT SUBS'
2025-11-29 23:52:17.681 15662-15680 System.out              com.bitflow.finance                  I  [SBI Parser] Row: debit='2.00'(2.0), credit='-'(0.0), desc='VDP-6845-42490717   -BANGALORE'
2025-11-29 23:52:17.681 15662-15680 System.out              com.bitflow.finance                  I  [SBI Parser] Row: debit='8,425.47'(8425.47), credit='-'(0.0), desc='VIE-6845-840/9999-CASTR.IO - L'
2025-11-29 23:52:17.681 15662-15680 System.out              com.bitflow.finance                  I  [SBI Parser] Row: debit='87,813.00'(87813.0), credit='-'(0.0), desc='VDP-6845-63307745   -BAVARIA M'
2025-11-29 23:52:17.681 15662-15680 System.out              com.bitflow.finance                  I  [SBI Parser] Row: debit='12,536.00'(12536.0), credit='-'(0.0), desc='VDE-6845-99999999   -CLEARTRIP'
2025-11-29 23:52:17.682 15662-15680 System.out              com.bitflow.finance                  I  [SBI Parser] Row: debit='-'(0.0), credit='50,000.00'(50000.0), desc='IMPS-408720885246-PRATIK KALID'
2025-11-29 23:52:17.682 15662-15680 System.out              com.bitflow.finance                  I  [SBI Parser] Row: debit='-'(0.0), credit='37,813.00'(37813.0), desc='UPI/CR/408824039070/PRATIK KAL'
2025-11-29 23:52:17.682 15662-15680 System.out              com.bitflow.finance                  I  [SBI Parser] Row: debit='-'(0.0), credit='200.00'(200.0), desc='AU ROYALE BUSINESS CASHBACK - '
2025-11-29 23:52:17.683 15662-15680 System.out              com.bitflow.finance                  I  [SBI Parser] Row: debit='8,758.00'(8758.0), credit='-'(0.0), desc='VDE-6845-UTIS2I01   -CLEARTRIP'
2025-11-29 23:52:17.683 15662-15680 System.out              com.bitflow.finance                  I  [SBI Parser] Parsed 101 transactions
2025-11-29 23:52:17.683 15662-15680 System.out              com.bitflow.finance                  I  [SBI Parser] 📊 File order: ASCENDING (oldest first)
2025-11-29 23:52:17.683 15662-15680 System.out              com.bitflow.finance                  I  [SBI Parser] ✓ Using LAST row balance: ₹3228941.73
2025-11-29 23:52:17.683 15662-15680 System.out              com.bitflow.finance                  I  [SBI Parser] Detected current balance: ₹3228941.73
2025-11-29 23:52:17.683 15662-15680 System.out              com.bitflow.finance                  I  [BackgroundImport] File: 27-Nov-2025_495933AccStmtDownloadReport.xls - Parsed 101 transactions
2025-11-29 23:52:17.683 15662-15680 System.out              com.bitflow.finance                  I  [BackgroundImport] File: 27-Nov-2025_495933AccStmtDownloadReport.xls - Detected balance: ₹3228941.73
2025-11-29 23:52:17.717 15662-15662 BLASTBufferQueue        com.bitflow.finance                  D  [VRI[MainActivity]#7](f:0,a:3) update width=1080 height=971 format=-2 mTransformHint=0
2025-11-29 23:52:17.718 15662-15677 Surface                 com.bitflow.finance                  D  Surface::disconnect
2025-11-29 23:52:17.725 15662-15677 BLASTBufferQueue        com.bitflow.finance                  D  [VRI[MainActivity]#7](f:0,a:4) producer disconnected before acquireNextBufferLocked
2025-11-29 23:52:17.744 15662-15662 BLASTBufferQueue        com.bitflow.finance                  D  [VRI[MainActivity]#7](f:0,a:3) update width=1080 height=1107 format=-2 mTransformHint=0
2025-11-29 23:52:17.744 15662-15677 Surface                 com.bitflow.finance                  D  Surface::disconnect
2025-11-29 23:52:17.753 15662-15677 BLASTBufferQueue        com.bitflow.finance                  D  [VRI[MainActivity]#7](f:0,a:4) producer disconnected before acquireNextBufferLocked
2025-11-29 23:52:17.754 15662-15662 System.out              com.bitflow.finance                  I  [ImportViewModel] Import complete: 0 imported, 271 duplicates
2025-11-29 23:52:20.420 15662-15662 WindowOnBackDispatcher  com.bitflow.finance                  W  sendCancelIfRunning: isInProgress=false callback=android.view.ViewRootImpl$$ExternalSyntheticLambda12@6ba0a43
2025-11-29 23:52:20.429 15662-15677 Surface                 com.bitflow.finance                  D  Surface::disconnect
2025-11-29 23:52:20.430 15662-15677 HWUI                    com.bitflow.finance                  D  endAllActiveAnimators on 0xb40000751d7f7120 (UnprojectedRipple) with handle 0xb40000747d84ecf0
2025-11-29 23:52:20.431 15662-15662 BLASTBufferQueue        com.bitflow.finance                  D  [VRI[MainActivity]#7](f:0,a:3) destructor()
2025-11-29 23:52:20.432 15662-15662 BufferQueueConsumer     com.bitflow.finance                  D  [com.bitflow.finance/com.bitflow.finance.ui.MainActivity#14774(BLAST Consumer)pid:15662](id:3d2e00000007,api:0,p:-1,c:15662) disconnect
2025-11-29 23:52:21.090 15662-15662 ScrollIdentify          com.bitflow.finance                  I  on fling
2025-11-29 23:52:21.343 15662-15662 System.out              com.bitflow.finance                  I  [HomeViewModel] Accounts count: 1
2025-11-29 23:52:21.343 15662-15662 System.out              com.bitflow.finance                  I  [HomeViewModel] Transactions count: 271
