--------- beginning of main
--------- beginning of system
---------------------------- PROCESS STARTED (15334) for package com.bitflow.finance ----------------------------
2025-11-29 23:51:08.926 15334-15334 bitflow.finance         com.bitflow.finance                  I  Late-enabling -Xcheck:jni
2025-11-29 23:51:08.953 15334-15334 bitflow.finance         com.bitflow.finance                  I  Using CollectorTypeCMC GC.
2025-11-29 23:51:08.960 15334-15334 nativeloader            com.bitflow.finance                  D  Load libframework-connectivity-tiramisu-jni.so using APEX ns com_android_tethering for caller /apex/com.android.tethering/javalib/framework-connectivity-t.jar: ok
2025-11-29 23:51:08.986 15334-15334 CompatChangeReporter    com.bitflow.finance                  D  Compat change id reported: 242716250; UID 10439; state: ENABLED
2025-11-29 23:51:09.614 15334-15334 nativeloader            com.bitflow.finance                  D  Configuring clns-7 for other apk /data/app/~~5JwUj72nTvYvFphI-a5FIA==/com.bitflow.finance-0VZc-VyMWDrHmLw5Lw8Kvw==/base.apk. target_sdk_version=34, uses_libraries=, library_path=/data/app/~~5JwUj72nTvYvFphI-a5FIA==/com.bitflow.finance-0VZc-VyMWDrHmLw5Lw8Kvw==/lib/arm64, permitted_path=/data:/mnt/expand:/data/user/0/com.bitflow.finance
2025-11-29 23:51:09.622 15334-15334 GraphicsEnvironment     com.bitflow.finance                  V  Currently set values for:
2025-11-29 23:51:09.622 15334-15334 GraphicsEnvironment     com.bitflow.finance                  V    angle_gl_driver_selection_pkgs=[]
2025-11-29 23:51:09.622 15334-15334 GraphicsEnvironment     com.bitflow.finance                  V    angle_gl_driver_selection_values=[]
2025-11-29 23:51:09.622 15334-15334 GraphicsEnvironment     com.bitflow.finance                  V  Global.Settings values are invalid: number of packages: 0, number of values: 0
2025-11-29 23:51:09.622 15334-15334 GraphicsEnvironment     com.bitflow.finance                  V  Neither updatable production driver nor prerelease driver is supported.
2025-11-29 23:51:09.644 15334-15334 Typeface                com.bitflow.finance                  I  updateThemeFont new=Rookery-Regular;old=sans-serif;new=Rookery-Stacked;old=
2025-11-29 23:51:09.648 15334-15353 libMEOW                 com.bitflow.finance                  D  meow new tls: 0xb40000752d78b060
2025-11-29 23:51:09.649 15334-15353 libMEOW                 com.bitflow.finance                  D  meow reload base cfg path: na
2025-11-29 23:51:09.649 15334-15353 libMEOW                 com.bitflow.finance                  D  meow reload overlay cfg path: na
2025-11-29 23:51:09.649 15334-15353 QT                      com.bitflow.finance                  W  qt_process_init() called
2025-11-29 23:51:09.649 15334-15353 QT                      com.bitflow.finance                  E  [QT]file does not exist
2025-11-29 23:51:09.649 15334-15353 QT                      com.bitflow.finance                  W  Support!!
2025-11-29 23:51:09.649 15334-15353 QT                      com.bitflow.finance                  E  [QT]file does not exist
2025-11-29 23:51:09.650 15334-15353 libMEOW                 com.bitflow.finance                  D  applied 1 plugins for [com.bitflow.finance]:
2025-11-29 23:51:09.650 15334-15353 libMEOW                 com.bitflow.finance                  D    plugin 1: [libMEOW_gift.so]:
2025-11-29 23:51:09.650 15334-15353 libMEOW                 com.bitflow.finance                  D  meow delete tls: 0xb40000752d78b060
2025-11-29 23:51:09.757 15334-15334 nativeloader            com.bitflow.finance                  D  Load libpowerhalwrap_jni.so using system ns (caller=/system_ext/framework/mediatek-framework.jar): ok
2025-11-29 23:51:09.758 15334-15334 PowerHalWrapper         com.bitflow.finance                  I  PowerHalWrapper.getInstance 
2025-11-29 23:51:09.758 15334-15334 M-ProMotion             com.bitflow.finance                  I  M-ProMotion is disabled
2025-11-29 23:51:09.759 15334-15357 PowerHalWrapper         com.bitflow.finance                  I  PowerHalWrapper.getInstance 
2025-11-29 23:51:09.856 15334-15334 bitflow.finance         com.bitflow.finance                  W  Method java.lang.Object androidx.compose.runtime.snapshots.SnapshotStateMap.mutate(kotlin.jvm.functions.Function1) failed lock verification and will run slower.
                                                                                                    Common causes for lock verification issues are non-optimized dex code
                                                                                                    and incorrect proguard optimizations.
2025-11-29 23:51:09.856 15334-15334 bitflow.finance         com.bitflow.finance                  W  Method void androidx.compose.runtime.snapshots.SnapshotStateMap.update(kotlin.jvm.functions.Function1) failed lock verification and will run slower.
2025-11-29 23:51:09.856 15334-15334 bitflow.finance         com.bitflow.finance                  W  Method boolean androidx.compose.runtime.snapshots.SnapshotStateMap.removeIf$runtime_release(kotlin.jvm.functions.Function1) failed lock verification and will run slower.
2025-11-29 23:51:09.938 15334-15334 BufferQueueConsumer     com.bitflow.finance                  D  [](id:3be600000000,api:0,p:-1,c:15334) connect: controlledByApp=false
2025-11-29 23:51:09.940 15334-15334 BLASTBufferQueue        com.bitflow.finance                  D  [VRI[MainActivity]#0](f:0,a:0) constructor()
2025-11-29 23:51:09.940 15334-15334 BLASTBufferQueue        com.bitflow.finance                  D  [VRI[MainActivity]#0](f:0,a:0) update width=1220 height=2712 format=-1 mTransformHint=0
2025-11-29 23:51:09.943 15334-15351 libMEOW                 com.bitflow.finance                  D  meow new tls: 0xb40000752d7ab080
2025-11-29 23:51:09.943 15334-15351 libMEOW                 com.bitflow.finance                  D  applied 1 plugins for [com.bitflow.finance]:
2025-11-29 23:51:09.943 15334-15351 libMEOW                 com.bitflow.finance                  D    plugin 1: [libMEOW_gift.so]:
2025-11-29 23:51:09.962 15334-15351 HWUI                    com.bitflow.finance                  I  setGrContext nullptr-->validptr
2025-11-29 23:51:09.968 15334-15351 MAGT_SYNC_FRAME         com.bitflow.finance                  D  MAGT Sync: MAGT is not supported. Disabling Sync.
2025-11-29 23:51:09.978 15334-15351 GrallocExtra            com.bitflow.finance                  I  gralloc_extra_query:is_SW3D 0
2025-11-29 23:51:09.978 15334-15351 BLASTBufferQueue        com.bitflow.finance                  D  [VRI[MainActivity]#0](f:0,a:1) acquireNextBufferLocked size=1220x2712 mFrameNumber=1 applyTransaction=true mTimestamp=111636670192500(auto) mPendingTransactions.size=0 graphicBufferId=65859028516866 transform=0
2025-11-29 23:51:10.159 15334-15338 bitflow.finance         com.bitflow.finance                  I  Compiler allocated 5462KB to compile void android.view.ViewRootImpl.performTraversals()
2025-11-29 23:51:10.222 15334-15334 bitflow.finance         com.bitflow.finance                  W  Method boolean androidx.compose.runtime.snapshots.SnapshotStateList.conditionalUpdate(kotlin.jvm.functions.Function1) failed lock verification and will run slower.
2025-11-29 23:51:10.222 15334-15334 bitflow.finance         com.bitflow.finance                  W  Method java.lang.Object androidx.compose.runtime.snapshots.SnapshotStateList.mutate(kotlin.jvm.functions.Function1) failed lock verification and will run slower.
2025-11-29 23:51:10.222 15334-15334 bitflow.finance         com.bitflow.finance                  W  Method void androidx.compose.runtime.snapshots.SnapshotStateList.update(kotlin.jvm.functions.Function1) failed lock verification and will run slower.
2025-11-29 23:51:10.586 15334-15334 Choreographer           com.bitflow.finance                  I  Skipped 51 frames!  The application may be doing too much work on its main thread.
2025-11-29 23:51:10.593 15334-15343 HWUI                    com.bitflow.finance                  I  Davey! duration=778ms; Flags=0, FrameTimelineVsyncId=7238467, IntendedVsync=111636496981428, Vsync=111636674766036, InputEventId=0, HandleInputStart=111636682596884, AnimationStart=111636682600500, PerformTraversalsStart=111636711345500, DrawStart=111637229000269, FrameDeadline=111636694841812, FrameInterval=111636682192269, FrameStartTime=11111538, SyncQueued=111637254738115, SyncStart=111637254779269, IssueDrawCommandsStart=111637254889807, SwapBuffers=111637270880884, FrameCompleted=111637275478423, DequeueBufferDuration=14154, QueueBufferDuration=407461, GpuCompleted=111637275478423, SwapBuffersCompleted=111637271747269, DisplayPresentTime=144115222452437076, CommandSubmissionCompleted=111637270880884, 
2025-11-29 23:51:10.746 15334-15334 System.out              com.bitflow.finance                  I  [HomeViewModel] Accounts count: 1
2025-11-29 23:51:10.746 15334-15334 System.out              com.bitflow.finance                  I  [HomeViewModel] Transactions count: 271
2025-11-29 23:51:10.746 15334-15334 System.out              com.bitflow.finance                  I  [HomeViewModel] Account: id=1, name=AU, balance=3228941.73
2025-11-29 23:51:10.746 15334-15334 System.out              com.bitflow.finance                  I  [HomeViewModel] Transaction: id=22, accountId=1, desc=VDP-6845-PM246064   -POONA HEALTH SERVICES P  PUNE         IN -13/11/25-11:48:58, amount=1000.0
2025-11-29 23:51:10.746 15334-15334 System.out              com.bitflow.finance                  I  [HomeViewModel] Transaction: id=21, accountId=1, desc=VDE-6845-EB150370   -TATAPLAYFIBER            MUMBAI       IN, amount=5596.0
2025-11-29 23:51:10.746 15334-15334 System.out              com.bitflow.finance                  I  [HomeViewModel] Transaction: id=20, accountId=1, desc=VDE-6845-70048510   -DISTRICT MOVIE TICKET    GURUGRAM     IN, amount=41324.54
2025-11-29 23:51:10.746 15334-15334 System.out              com.bitflow.finance                  I  [HomeViewModel] Transaction: id=19, accountId=1, desc=VIE-6845-356/39900-OPENAI *CHATGPT SUBSCR   +14158799686 US, amount=399.0
2025-11-29 23:51:10.747 15334-15334 System.out              com.bitflow.finance                  I  [HomeViewModel] Transaction: id=18, accountId=1, desc=VDE-6845-89051742   -APPLE INDIA PRIVATE LIMIT2240920005   IN, amount=134900.0
2025-11-29 23:51:12.004 15334-15334 VRI[MainActivity]       com.bitflow.finance                  D  visibilityChanged oldVisibility=true newVisibility=false
2025-11-29 23:51:12.042 15334-15351 Surface                 com.bitflow.finance                  D  Surface::disconnect
2025-11-29 23:51:12.043 15334-15351 BLASTBufferQueue        com.bitflow.finance                  D  [VRI[MainActivity]#0](f:0,a:4) destructor()
2025-11-29 23:51:12.044 15334-15351 BufferQueueConsumer     com.bitflow.finance                  D  [com.bitflow.finance/com.bitflow.finance.ui.MainActivity#14562(BLAST Consumer)pid:15334](id:3be600000000,api:0,p:-1,c:15334) disconnect
---------------------------- PROCESS ENDED (15334) for package com.bitflow.finance ----------------------------
---------------------------- PROCESS STARTED (15438) for package com.bitflow.finance ----------------------------
2025-11-29 23:51:12.952 15438-15438 CompatChangeReporter    com.bitflow.finance                  D  Compat change id reported: 242716250; UID 10439; state: ENABLED
2025-11-29 23:51:13.574 15438-15438 nativeloader            com.bitflow.finance                  D  Configuring clns-7 for other apk /data/app/~~1YK7vXUcbp9PJtDYKAxdHQ==/com.bitflow.finance-KQj3yBuIXCJVKRt5PUPjOQ==/base.apk. target_sdk_version=34, uses_libraries=, library_path=/data/app/~~1YK7vXUcbp9PJtDYKAxdHQ==/com.bitflow.finance-KQj3yBuIXCJVKRt5PUPjOQ==/lib/arm64, permitted_path=/data:/mnt/expand:/data/user/0/com.bitflow.finance
2025-11-29 23:51:13.584 15438-15438 GraphicsEnvironment     com.bitflow.finance                  V  Currently set values for:
2025-11-29 23:51:13.584 15438-15438 GraphicsEnvironment     com.bitflow.finance                  V    angle_gl_driver_selection_pkgs=[]
2025-11-29 23:51:13.584 15438-15438 GraphicsEnvironment     com.bitflow.finance                  V    angle_gl_driver_selection_values=[]
2025-11-29 23:51:13.584 15438-15438 GraphicsEnvironment     com.bitflow.finance                  V  Global.Settings values are invalid: number of packages: 0, number of values: 0
2025-11-29 23:51:13.585 15438-15438 GraphicsEnvironment     com.bitflow.finance                  V  Neither updatable production driver nor prerelease driver is supported.
2025-11-29 23:51:13.613 15438-15438 Typeface                com.bitflow.finance                  I  updateThemeFont new=Rookery-Regular;old=sans-serif;new=Rookery-Stacked;old=
2025-11-29 23:51:13.619 15438-15438 nativeloader            com.bitflow.finance                  D  Load libpowerhalwrap_jni.so using system ns (caller=/system_ext/framework/mediatek-framework.jar): ok
2025-11-29 23:51:13.619 15438-15438 PowerHalWrapper         com.bitflow.finance                  I  PowerHalWrapper.getInstance 
2025-11-29 23:51:13.619 15438-15438 M-ProMotion             com.bitflow.finance                  I  M-ProMotion is disabled
2025-11-29 23:51:13.624 15438-15515 libMEOW                 com.bitflow.finance                  D  meow new tls: 0xb40000752d7bb090
2025-11-29 23:51:13.624 15438-15515 libMEOW                 com.bitflow.finance                  D  meow reload base cfg path: na
2025-11-29 23:51:13.624 15438-15515 libMEOW                 com.bitflow.finance                  D  meow reload overlay cfg path: na
2025-11-29 23:51:13.624 15438-15515 QT                      com.bitflow.finance                  W  qt_process_init() called
2025-11-29 23:51:13.624 15438-15515 QT                      com.bitflow.finance                  E  [QT]file does not exist
2025-11-29 23:51:13.624 15438-15515 QT                      com.bitflow.finance                  W  Support!!
2025-11-29 23:51:13.625 15438-15515 QT                      com.bitflow.finance                  E  [QT]file does not exist
2025-11-29 23:51:13.625 15438-15515 libMEOW                 com.bitflow.finance                  D  applied 1 plugins for [com.bitflow.finance]:
2025-11-29 23:51:13.625 15438-15515 libMEOW                 com.bitflow.finance                  D    plugin 1: [libMEOW_gift.so]:
2025-11-29 23:51:13.625 15438-15515 libMEOW                 com.bitflow.finance                  D  meow delete tls: 0xb40000752d7bb090
2025-11-29 23:51:13.751 15438-15512 PowerHalWrapper         com.bitflow.finance                  I  PowerHalWrapper.getInstance 
2025-11-29 23:51:13.852 15438-15438 bitflow.finance         com.bitflow.finance                  W  Method java.lang.Object androidx.compose.runtime.snapshots.SnapshotStateMap.mutate(kotlin.jvm.functions.Function1) failed lock verification and will run slower.
                                                                                                    Common causes for lock verification issues are non-optimized dex code
                                                                                                    and incorrect proguard optimizations.
2025-11-29 23:51:13.852 15438-15438 bitflow.finance         com.bitflow.finance                  W  Method void androidx.compose.runtime.snapshots.SnapshotStateMap.update(kotlin.jvm.functions.Function1) failed lock verification and will run slower.
2025-11-29 23:51:13.852 15438-15438 bitflow.finance         com.bitflow.finance                  W  Method boolean androidx.compose.runtime.snapshots.SnapshotStateMap.removeIf$runtime_release(kotlin.jvm.functions.Function1) failed lock verification and will run slower.
2025-11-29 23:51:13.931 15438-15438 BufferQueueConsumer     com.bitflow.finance                  D  [](id:3c4e00000000,api:0,p:-1,c:15438) connect: controlledByApp=false
2025-11-29 23:51:13.932 15438-15438 BLASTBufferQueue        com.bitflow.finance                  D  [VRI[MainActivity]#0](f:0,a:0) constructor()
2025-11-29 23:51:13.932 15438-15438 BLASTBufferQueue        com.bitflow.finance                  D  [VRI[MainActivity]#0](f:0,a:0) update width=1220 height=2712 format=-1 mTransformHint=0
2025-11-29 23:51:13.935 15438-15513 libMEOW                 com.bitflow.finance                  D  meow new tls: 0xb40000752d78b060
2025-11-29 23:51:13.935 15438-15513 libMEOW                 com.bitflow.finance                  D  applied 1 plugins for [com.bitflow.finance]:
2025-11-29 23:51:13.935 15438-15513 libMEOW                 com.bitflow.finance                  D    plugin 1: [libMEOW_gift.so]:
2025-11-29 23:51:13.953 15438-15513 HWUI                    com.bitflow.finance                  I  setGrContext nullptr-->validptr
2025-11-29 23:51:13.961 15438-15513 MAGT_SYNC_FRAME         com.bitflow.finance                  D  MAGT Sync: MAGT is not supported. Disabling Sync.
2025-11-29 23:51:13.970 15438-15513 GrallocExtra            com.bitflow.finance                  I  gralloc_extra_query:is_SW3D 0
2025-11-29 23:51:13.970 15438-15513 BLASTBufferQueue        com.bitflow.finance                  D  [VRI[MainActivity]#0](f:0,a:1) acquireNextBufferLocked size=1220x2712 mFrameNumber=1 applyTransaction=true mTimestamp=111640661914038(auto) mPendingTransactions.size=0 graphicBufferId=66305705115652 transform=0
2025-11-29 23:51:14.112 15438-15445 bitflow.finance         com.bitflow.finance                  I  Compiler allocated 5462KB to compile void android.view.ViewRootImpl.performTraversals()
2025-11-29 23:51:14.195 15438-15438 bitflow.finance         com.bitflow.finance                  W  Method boolean androidx.compose.runtime.snapshots.SnapshotStateList.conditionalUpdate(kotlin.jvm.functions.Function1) failed lock verification and will run slower.
2025-11-29 23:51:14.195 15438-15438 bitflow.finance         com.bitflow.finance                  W  Method java.lang.Object androidx.compose.runtime.snapshots.SnapshotStateList.mutate(kotlin.jvm.functions.Function1) failed lock verification and will run slower.
2025-11-29 23:51:14.195 15438-15438 bitflow.finance         com.bitflow.finance                  W  Method void androidx.compose.runtime.snapshots.SnapshotStateList.update(kotlin.jvm.functions.Function1) failed lock verification and will run slower.
2025-11-29 23:51:14.504 15438-15438 Choreographer           com.bitflow.finance                  I  Skipped 44 frames!  The application may be doing too much work on its main thread.
2025-11-29 23:51:14.618 15438-15438 System.out              com.bitflow.finance                  I  [HomeViewModel] Accounts count: 1
2025-11-29 23:51:14.618 15438-15438 System.out              com.bitflow.finance                  I  [HomeViewModel] Transactions count: 271
2025-11-29 23:51:17.446 15438-15513 Surface                 com.bitflow.finance                  D  Surface::disconnect
2025-11-29 23:51:17.447 15438-15513 BLASTBufferQueue        com.bitflow.finance                  D  [VRI[MainActivity]#0](f:0,a:4) destructor()
2025-11-29 23:51:17.447 15438-15513 BufferQueueConsumer     com.bitflow.finance                  D  [com.bitflow.finance/com.bitflow.finance.ui.MainActivity#14587(BLAST Consumer)pid:15438](id:3c4e00000000,api:0,p:-1,c:15438) disconnect
2025-11-29 23:51:19.171 15438-15564 ProfileInstaller        com.bitflow.finance                  D  Installing profile for com.bitflow.finance
---------------------------- PROCESS ENDED (15438) for package com.bitflow.finance ----------------------------
---------------------------- PROCESS STARTED (15662) for package com.bitflow.finance ----------------------------
2025-11-29 23:51:27.637 15662-15662 nativeloader            com.bitflow.finance                  D  Configuring clns-7 for other apk /data/app/~~1YK7vXUcbp9PJtDYKAxdHQ==/com.bitflow.finance-KQj3yBuIXCJVKRt5PUPjOQ==/base.apk. target_sdk_version=34, uses_libraries=, library_path=/data/app/~~1YK7vXUcbp9PJtDYKAxdHQ==/com.bitflow.finance-KQj3yBuIXCJVKRt5PUPjOQ==/lib/arm64, permitted_path=/data:/mnt/expand:/data/user/0/com.bitflow.finance
2025-11-29 23:51:27.646 15662-15662 GraphicsEnvironment     com.bitflow.finance                  V  Currently set values for:
2025-11-29 23:51:27.646 15662-15662 GraphicsEnvironment     com.bitflow.finance                  V    angle_gl_driver_selection_pkgs=[]
2025-11-29 23:51:27.646 15662-15662 GraphicsEnvironment     com.bitflow.finance                  V    angle_gl_driver_selection_values=[]
2025-11-29 23:51:27.646 15662-15662 GraphicsEnvironment     com.bitflow.finance                  V  Global.Settings values are invalid: number of packages: 0, number of values: 0
2025-11-29 23:51:27.646 15662-15662 GraphicsEnvironment     com.bitflow.finance                  V  Neither updatable production driver nor prerelease driver is supported.
2025-11-29 23:51:27.666 15662-15662 Typeface                com.bitflow.finance                  I  updateThemeFont new=Rookery-Regular;old=sans-serif;new=Rookery-Stacked;old=
2025-11-29 23:51:27.670 15662-15662 nativeloader            com.bitflow.finance                  D  Load libpowerhalwrap_jni.so using system ns (caller=/system_ext/framework/mediatek-framework.jar): ok
2025-11-29 23:51:27.670 15662-15662 PowerHalWrapper         com.bitflow.finance                  I  PowerHalWrapper.getInstance 
2025-11-29 23:51:27.671 15662-15662 M-ProMotion             com.bitflow.finance                  I  M-ProMotion is disabled
2025-11-29 23:51:27.675 15662-15679 libMEOW                 com.bitflow.finance                  D  meow new tls: 0xb40000752d7bb090
2025-11-29 23:51:27.675 15662-15679 libMEOW                 com.bitflow.finance                  D  meow reload base cfg path: na
2025-11-29 23:51:27.675 15662-15679 libMEOW                 com.bitflow.finance                  D  meow reload overlay cfg path: na
2025-11-29 23:51:27.675 15662-15679 QT                      com.bitflow.finance                  W  qt_process_init() called
2025-11-29 23:51:27.675 15662-15679 QT                      com.bitflow.finance                  E  [QT]file does not exist
2025-11-29 23:51:27.675 15662-15679 QT                      com.bitflow.finance                  W  Support!!
2025-11-29 23:51:27.675 15662-15679 QT                      com.bitflow.finance                  E  [QT]file does not exist
2025-11-29 23:51:27.676 15662-15679 libMEOW                 com.bitflow.finance                  D  applied 1 plugins for [com.bitflow.finance]:
2025-11-29 23:51:27.676 15662-15679 libMEOW                 com.bitflow.finance                  D    plugin 1: [libMEOW_gift.so]:
2025-11-29 23:51:27.676 15662-15679 libMEOW                 com.bitflow.finance                  D  meow delete tls: 0xb40000752d7bb090
2025-11-29 23:51:27.787 15662-15676 PowerHalWrapper         com.bitflow.finance                  I  PowerHalWrapper.getInstance 
2025-11-29 23:51:27.889 15662-15662 bitflow.finance         com.bitflow.finance                  W  Method java.lang.Object androidx.compose.runtime.snapshots.SnapshotStateMap.mutate(kotlin.jvm.functions.Function1) failed lock verification and will run slower.
                                                                                                    Common causes for lock verification issues are non-optimized dex code
                                                                                                    and incorrect proguard optimizations.
2025-11-29 23:51:27.889 15662-15662 bitflow.finance         com.bitflow.finance                  W  Method void androidx.compose.runtime.snapshots.SnapshotStateMap.update(kotlin.jvm.functions.Function1) failed lock verification and will run slower.
2025-11-29 23:51:27.889 15662-15662 bitflow.finance         com.bitflow.finance                  W  Method boolean androidx.compose.runtime.snapshots.SnapshotStateMap.removeIf$runtime_release(kotlin.jvm.functions.Function1) failed lock verification and will run slower.
2025-11-29 23:51:27.974 15662-15662 BufferQueueConsumer     com.bitflow.finance                  D  [](id:3d2e00000000,api:0,p:-1,c:15662) connect: controlledByApp=false
2025-11-29 23:51:27.974 15662-15662 BLASTBufferQueue        com.bitflow.finance                  D  [VRI[MainActivity]#0](f:0,a:0) constructor()
2025-11-29 23:51:27.975 15662-15662 BLASTBufferQueue        com.bitflow.finance                  D  [VRI[MainActivity]#0](f:0,a:0) update width=1220 height=2712 format=-1 mTransformHint=0
2025-11-29 23:51:27.978 15662-15677 libMEOW                 com.bitflow.finance                  D  meow new tls: 0xb40000752d7bb090
2025-11-29 23:51:27.978 15662-15677 libMEOW                 com.bitflow.finance                  D  applied 1 plugins for [com.bitflow.finance]:
2025-11-29 23:51:27.978 15662-15677 libMEOW                 com.bitflow.finance                  D    plugin 1: [libMEOW_gift.so]:
2025-11-29 23:51:27.996 15662-15677 HWUI                    com.bitflow.finance                  I  setGrContext nullptr-->validptr
2025-11-29 23:51:28.006 15662-15677 MAGT_SYNC_FRAME         com.bitflow.finance                  D  MAGT Sync: MAGT is not supported. Disabling Sync.
2025-11-29 23:51:28.027 15662-15677 GrallocExtra            com.bitflow.finance                  I  gralloc_extra_query:is_SW3D 0
2025-11-29 23:51:28.027 15662-15677 BLASTBufferQueue        com.bitflow.finance                  D  [VRI[MainActivity]#0](f:0,a:1) acquireNextBufferLocked size=1220x2712 mFrameNumber=1 applyTransaction=true mTimestamp=111654719081501(auto) mPendingTransactions.size=0 graphicBufferId=67267777789954 transform=0
2025-11-29 23:51:28.155 15662-15662 bitflow.finance         com.bitflow.finance                  W  Method boolean androidx.compose.runtime.snapshots.SnapshotStateList.conditionalUpdate(kotlin.jvm.functions.Function1) failed lock verification and will run slower.
2025-11-29 23:51:28.155 15662-15662 bitflow.finance         com.bitflow.finance                  W  Method java.lang.Object androidx.compose.runtime.snapshots.SnapshotStateList.mutate(kotlin.jvm.functions.Function1) failed lock verification and will run slower.
2025-11-29 23:51:28.155 15662-15662 bitflow.finance         com.bitflow.finance                  W  Method void androidx.compose.runtime.snapshots.SnapshotStateList.update(kotlin.jvm.functions.Function1) failed lock verification and will run slower.
2025-11-29 23:51:28.172 15662-15666 bitflow.finance         com.bitflow.finance                  I  Compiler allocated 5462KB to compile void android.view.ViewRootImpl.performTraversals()
2025-11-29 23:51:28.220 15662-15662 CompatChangeReporter    com.bitflow.finance                  D  Compat change id reported: 289878283; UID 10439; state: ENABLED
2025-11-29 23:51:29.785 15662-15662 Compose Focus           com.bitflow.finance                  D  Owner FocusChanged(true)
2025-11-29 23:51:29.829 15662-15662 InsetsController        com.bitflow.finance                  D  show(ime(), fromIme=false)
2025-11-29 23:51:29.830 15662-15662 ImeTracker              com.bitflow.finance                  I  com.bitflow.finance:db0eb2b3: onRequestShow at ORIGIN_CLIENT reason SHOW_SOFT_INPUT_BY_INSETS_API fromUser false
2025-11-29 23:51:29.831 15662-15662 InputMethodManager      com.bitflow.finance                  D  showSoftInput() view=androidx.compose.ui.platform.AndroidComposeView{b0a0cec VFED..... .F....ID 0,0-1220,2519 aid=1073741824} flags=0 reason=SHOW_SOFT_INPUT_BY_INSETS_API
2025-11-29 23:51:29.888 15662-15662 RecordingIC             com.bitflow.finance                  W  requestCursorUpdates is not supported
2025-11-29 23:51:29.939 15662-15662 InsetsController        com.bitflow.finance                  D  show(ime(), fromIme=true)
2025-11-29 23:51:29.943 15662-15709 InteractionJankMonitor  com.bitflow.finance                  W  Initializing without READ_DEVICE_CONFIG permission. enabled=false, interval=1, missedFrameThreshold=3, frameTimeThreshold=64, package=com.bitflow.finance
2025-11-29 23:51:30.185 15662-15662 ImeTracker              com.bitflow.finance                  I  com.bitflow.finance:db0eb2b3: onShown
2025-11-29 23:51:33.040 15662-15699 PowerHalWrapper         com.bitflow.finance                  I  PowerHalWrapper.getInstance 
2025-11-29 23:51:33.050 15662-15662 PowerHalWrapper         com.bitflow.finance                  I  PowerHalWrapper.getInstance 
2025-11-29 23:51:33.075 15662-15662 ScrollIdentify          com.bitflow.finance                  I  on fling
2025-11-29 23:51:33.090 15662-15662 InsetsController        com.bitflow.finance                  D  hide(ime(), fromIme=true)
2025-11-29 23:51:33.090 15662-15662 RecordingIC             com.bitflow.finance                  W  requestCursorUpdates is not supported
2025-11-29 23:51:33.214 15662-15714 ProfileInstaller        com.bitflow.finance                  D  Installing profile for com.bitflow.finance
2025-11-29 23:51:33.296 15662-15662 ImeTracker              com.bitflow.finance                  I  com.bitflow.finance:96bd33cb: onRequestHide at ORIGIN_CLIENT reason HIDE_SOFT_INPUT_ON_ANIMATION_STATE_CHANGED fromUser false
2025-11-29 23:51:33.297 15662-15662 ImeTracker              com.bitflow.finance                  I  com.google.android.inputmethod.latin:bd863298: onHidden
2025-11-29 23:51:33.977 15662-15662 InsetsController        com.bitflow.finance                  D  hide(ime(), fromIme=false)
2025-11-29 23:51:33.978 15662-15662 ImeTracker              com.bitflow.finance                  I  com.bitflow.finance:eefd36a5: onRequestHide at ORIGIN_CLIENT reason HIDE_SOFT_INPUT_BY_INSETS_API fromUser false
2025-11-29 23:51:33.978 15662-15662 ImeTracker              com.bitflow.finance                  I  com.bitflow.finance:eefd36a5: onCancelled at PHASE_CLIENT_APPLY_ANIMATION
2025-11-29 23:51:34.042 15662-15662 System.out              com.bitflow.finance                  I  [HomeViewModel] Accounts count: 0
2025-11-29 23:51:34.042 15662-15662 System.out              com.bitflow.finance                  I  [HomeViewModel] Transactions count: 0
2025-11-29 23:51:36.008 15662-15662 WindowOnBackDispatcher  com.bitflow.finance                  W  OnBackInvokedCallback is not enabled for the application.
                                                                                                    Set 'android:enableOnBackInvokedCallback="true"' in the application manifest.
2025-11-29 23:51:36.753 15662-15662 WindowOnBackDispatcher  com.bitflow.finance                  W  OnBackInvokedCallback is not enabled for the application.
                                                                                                    Set 'android:enableOnBackInvokedCallback="true"' in the application manifest.
2025-11-29 23:51:36.891 15662-15662 BufferQueueConsumer     com.bitflow.finance                  D  [](id:3d2e00000001,api:0,p:-1,c:15662) connect: controlledByApp=false
2025-11-29 23:51:36.891 15662-15662 BLASTBufferQueue        com.bitflow.finance                  D  [VRI[MainActivity]#1](f:0,a:0) constructor()
2025-11-29 23:51:36.891 15662-15662 BLASTBufferQueue        com.bitflow.finance                  D  [VRI[MainActivity]#1](f:0,a:0) update width=1080 height=1446 format=-2 mTransformHint=0
2025-11-29 23:51:36.922 15662-15677 BLASTBufferQueue        com.bitflow.finance                  D  [VRI[MainActivity]#1](f:0,a:1) acquireNextBufferLocked size=1080x1446 mFrameNumber=1 applyTransaction=true mTimestamp=111663614489809(auto) mPendingTransactions.size=0 graphicBufferId=67267777789965 transform=0
2025-11-29 23:51:37.916 15662-15662 Compose Focus           com.bitflow.finance                  D  Owner FocusChanged(true)
2025-11-29 23:51:37.951 15662-15662 InsetsController        com.bitflow.finance                  D  show(ime(), fromIme=false)
2025-11-29 23:51:37.951 15662-15662 ImeTracker              com.bitflow.finance                  I  com.bitflow.finance:3527deb8: onRequestShow at ORIGIN_CLIENT reason SHOW_SOFT_INPUT_BY_INSETS_API fromUser false
2025-11-29 23:51:37.952 15662-15662 InputMethodManager      com.bitflow.finance                  D  showSoftInput() view=androidx.compose.ui.platform.AndroidComposeView{49231c5 VFED..... .F....ID 0,0-900,1266 aid=1073741826} flags=0 reason=SHOW_SOFT_INPUT_BY_INSETS_API
2025-11-29 23:51:38.016 15662-15662 RecordingIC             com.bitflow.finance                  W  requestCursorUpdates is not supported
2025-11-29 23:51:38.035 15662-15662 InsetsController        com.bitflow.finance                  D  show(ime(), fromIme=true)
2025-11-29 23:51:38.262 15662-15662 ImeTracker              com.bitflow.finance                  I  com.bitflow.finance:3527deb8: onShown
2025-11-29 23:51:40.809 15662-15662 WindowOnBackDispatcher  com.bitflow.finance                  W  sendCancelIfRunning: isInProgress=false callback=android.view.ViewRootImpl$$ExternalSyntheticLambda12@d13dd7c
2025-11-29 23:51:40.826 15662-15677 Surface                 com.bitflow.finance                  D  Surface::disconnect
2025-11-29 23:51:40.827 15662-15677 HWUI                    com.bitflow.finance                  D  endAllActiveAnimators on 0xb40000751d79d590 (UnprojectedRipple) with handle 0xb40000747d82f760
2025-11-29 23:51:40.839 15662-15673 BLASTBufferQueue        com.bitflow.finance                  D  [VRI[MainActivity]#1](f:0,a:3) destructor()
2025-11-29 23:51:40.839 15662-15673 BufferQueueConsumer     com.bitflow.finance                  D  [com.bitflow.finance/com.bitflow.finance.ui.MainActivity#14691(BLAST Consumer)pid:15662](id:3d2e00000001,api:0,p:-1,c:15662) disconnect
2025-11-29 23:51:40.844 15662-15662 System.out              com.bitflow.finance                  I  [HomeViewModel] Accounts count: 1
2025-11-29 23:51:40.844 15662-15662 System.out              com.bitflow.finance                  I  [HomeViewModel] Transactions count: 0
2025-11-29 23:51:40.859 15662-15662 ImeTracker              com.bitflow.finance                  I  com.bitflow.finance:b344c738: onRequestHide at ORIGIN_CLIENT reason HIDE_SOFT_INPUT fromUser false
2025-11-29 23:51:40.860 15662-15662 ImeTracker              com.bitflow.finance                  I  com.bitflow.finance:b344c738: onFailed at PHASE_CLIENT_VIEW_SERVED
2025-11-29 23:51:40.899 15662-15662 RemoteInpu...ectionImpl com.bitflow.finance                  W  requestCursorUpdates on inactive InputConnection
2025-11-29 23:51:40.902 15662-15662 ImeBackDispatcher       com.bitflow.finance                  E  Ime callback not found. Ignoring unregisterReceivedCallback. callbackId: 2354253
2025-11-29 23:51:40.903 15662-15662 InsetsController        com.bitflow.finance                  D  hide(ime(), fromIme=true)
2025-11-29 23:51:40.903 15662-15662 ImeTracker              com.bitflow.finance                  I  com.bitflow.finance:8f0ea11c: onCancelled at PHASE_CLIENT_APPLY_ANIMATION
2025-11-29 23:51:44.314 15662-15662 WindowOnBackDispatcher  com.bitflow.finance                  W  OnBackInvokedCallback is not enabled for the application.
                                                                                                    Set 'android:enableOnBackInvokedCallback="true"' in the application manifest.
2025-11-29 23:51:45.774 15662-15662 ScrollIdentify          com.bitflow.finance                  I  on fling
2025-11-29 23:51:47.422 15662-15662 WindowOnBackDispatcher  com.bitflow.finance                  W  OnBackInvokedCallback is not enabled for the application.
                                                                                                    Set 'android:enableOnBackInvokedCallback="true"' in the application manifest.
2025-11-29 23:51:48.585 15662-15662 BufferQueueConsumer     com.bitflow.finance                  D  [](id:3d2e00000002,api:0,p:-1,c:15662) connect: controlledByApp=false
2025-11-29 23:51:48.585 15662-15662 BLASTBufferQueue        com.bitflow.finance                  D  [VRI[Pop-up window]#2](f:0,a:0) constructor()
2025-11-29 23:51:48.586 15662-15662 BLASTBufferQueue        com.bitflow.finance                  D  [VRI[Pop-up window]#2](f:0,a:0) update width=1189 height=271 format=-3 mTransformHint=0
2025-11-29 23:51:48.595 15662-15677 BLASTBufferQueue        com.bitflow.finance                  D  [VRI[Pop-up window]#2](f:0,a:1) acquireNextBufferLocked size=1189x271 mFrameNumber=1 applyTransaction=true mTimestamp=111675287655886(auto) mPendingTransactions.size=0 graphicBufferId=67267777789972 transform=0
2025-11-29 23:51:49.192 15662-15662 WindowOnBackDispatcher  com.bitflow.finance                  W  sendCancelIfRunning: isInProgress=false callback=android.view.ViewRootImpl$$ExternalSyntheticLambda12@98c8114
2025-11-29 23:51:49.194 15662-15677 Surface                 com.bitflow.finance                  D  Surface::disconnect
2025-11-29 23:51:49.194 15662-15677 HWUI                    com.bitflow.finance                  D  endAllActiveAnimators on 0xb40000751d80e680 (UnprojectedRipple) with handle 0xb40000747d83bca0
2025-11-29 23:51:49.208 15662-15743 BLASTBufferQueue        com.bitflow.finance                  D  [VRI[Pop-up window]#2](f:0,a:3) destructor()
2025-11-29 23:51:49.209 15662-15743 BufferQueueConsumer     com.bitflow.finance                  D  [Pop-up window#14707(BLAST Consumer)pid:15662](id:3d2e00000002,api:0,p:-1,c:15662) disconnect
2025-11-29 23:51:50.212 15662-15662 VRI[MainActivity]       com.bitflow.finance                  D  visibilityChanged oldVisibility=true newVisibility=false
2025-11-29 23:51:50.225 15662-15677 Surface                 com.bitflow.finance                  D  Surface::disconnect
2025-11-29 23:51:50.225 15662-15677 HWUI                    com.bitflow.finance                  D  endAllActiveAnimators on 0xb40000751d7c9340 (UnprojectedRipple) with handle 0xb40000747d82ca30
2025-11-29 23:51:50.231 15662-15743 BLASTBufferQueue        com.bitflow.finance                  D  [VRI[MainActivity]#0](f:0,a:3) destructor()
2025-11-29 23:51:50.231 15662-15743 BufferQueueConsumer     com.bitflow.finance                  D  [com.bitflow.finance/com.bitflow.finance.ui.MainActivity#14678(BLAST Consumer)pid:15662](id:3d2e00000000,api:0,p:-1,c:15662) disconnect
2025-11-29 23:52:01.808 15662-15662 WindowOnBackDispatcher  com.bitflow.finance                  W  OnBackInvokedCallback is not enabled for the application.
                                                                                                    Set 'android:enableOnBackInvokedCallback="true"' in the application manifest.
2025-11-29 23:52:01.813 15662-15662 System.out              com.bitflow.finance                  I  [ImportViewModel] Selected account: 1 - AU
2025-11-29 23:52:01.837 15662-15662 System.out              com.bitflow.finance                  I  [ImportViewModel] Opening 3 files
2025-11-29 23:52:01.844 15662-15662 System.out              com.bitflow.finance                  I  [ImportViewModel] Opened: 27-Nov-2025_495985AccStmtDownloadReport.xls
2025-11-29 23:52:01.850 15662-15662 System.out              com.bitflow.finance                  I  [ImportViewModel] Opened: 27-Nov-2025_495979AccStmtDownloadReport.xls
2025-11-29 23:52:01.856 15662-15662 System.out              com.bitflow.finance                  I  [ImportViewModel] Opened: 27-Nov-2025_495933AccStmtDownloadReport.xls
2025-11-29 23:52:01.856 15662-15662 System.out              com.bitflow.finance                  I  [ImportViewModel] Starting background import for 3 files
2025-11-29 23:52:01.865 15662-15680 System.out              com.bitflow.finance                  I  [Parser Factory] Detected Excel file, converting to text...
2025-11-29 23:52:01.913 15662-15680 bitflow.finance         com.bitflow.finance                  E  hiddenapi: Accessing hidden method Ljava/lang/invoke/LambdaMetafactory;->metafactory(Ljava/lang/invoke/MethodHandles$Lookup;Ljava/lang/String;Ljava/lang/invoke/MethodType;Ljava/lang/invoke/MethodType;Ljava/lang/invoke/MethodHandle;Ljava/lang/invoke/MethodType;)Ljava/lang/invoke/CallSite; (runtime_flags=0, domain=core-platform, api=blocked) from /data/app/~~1YK7vXUcbp9PJtDYKAxdHQ==/com.bitflow.finance-KQj3yBuIXCJVKRt5PUPjOQ==/base.apk!classes16.dex (domain=app) using linking: denied
2025-11-29 23:52:01.913 15662-15680 bitflow.finance         com.bitflow.finance                  E  hiddenapi: Accessing hidden method Ljava/lang/invoke/LambdaMetafactory;->metafactory(Ljava/lang/invoke/MethodHandles$Lookup;Ljava/lang/String;Ljava/lang/invoke/MethodType;Ljava/lang/invoke/MethodType;Ljava/lang/invoke/MethodHandle;Ljava/lang/invoke/MethodType;)Ljava/lang/invoke/CallSite; (runtime_flags=0, domain=core-platform, api=blocked) from /data/app/~~1YK7vXUcbp9PJtDYKAxdHQ==/com.bitflow.finance-KQj3yBuIXCJVKRt5PUPjOQ==/base.apk!classes16.dex (domain=app) using linking: denied
2025-11-29 23:52:01.919 15662-15662 WindowOnBackDispatcher  com.bitflow.finance                  W  OnBackInvokedCallback is not enabled for the application.
                                                                                                    Set 'android:enableOnBackInvokedCallback="true"' in the application manifest.
2025-11-29 23:52:01.919 15662-15680 bitflow.finance         com.bitflow.finance                  E  hiddenapi: Accessing hidden method Ljava/lang/invoke/LambdaMetafactory;->metafactory(Ljava/lang/invoke/MethodHandles$Lookup;Ljava/lang/String;Ljava/lang/invoke/MethodType;Ljava/lang/invoke/MethodType;Ljava/lang/invoke/MethodHandle;Ljava/lang/invoke/MethodType;)Ljava/lang/invoke/CallSite; (runtime_flags=0, domain=core-platform, api=blocked) from /data/app/~~1YK7vXUcbp9PJtDYKAxdHQ==/com.bitflow.finance-KQj3yBuIXCJVKRt5PUPjOQ==/base.apk!classes16.dex (domain=app) using linking: denied
2025-11-29 23:52:01.923 15662-15680 bitflow.finance         com.bitflow.finance                  E  hiddenapi: Accessing hidden method Ljava/lang/invoke/LambdaMetafactory;->metafactory(Ljava/lang/invoke/MethodHandles$Lookup;Ljava/lang/String;Ljava/lang/invoke/MethodType;Ljava/lang/invoke/MethodType;Ljava/lang/invoke/MethodHandle;Ljava/lang/invoke/MethodType;)Ljava/lang/invoke/CallSite; (runtime_flags=0, domain=core-platform, api=blocked) from /data/app/~~1YK7vXUcbp9PJtDYKAxdHQ==/com.bitflow.finance-KQj3yBuIXCJVKRt5PUPjOQ==/base.apk!classes16.dex (domain=app) using linking: denied
2025-11-29 23:52:01.926 15662-15680 System.err              com.bitflow.finance                  W  ERROR StatusLogger Unable to load services for service class org.apache.logging.log4j.spi.Provider
2025-11-29 23:52:01.926 15662-15680 System.err              com.bitflow.finance                  W   java.lang.NoSuchMethodError: No static method metafactory(Ljava/lang/invoke/MethodHandles$Lookup;Ljava/lang/String;Ljava/lang/invoke/MethodType;Ljava/lang/invoke/MethodType;Ljava/lang/invoke/MethodHandle;Ljava/lang/invoke/MethodType;)Ljava/lang/invoke/CallSite; in class Ljava/lang/invoke/LambdaMetafactory; or its super classes (declaration of 'java.lang.invoke.LambdaMetafactory' appears in /apex/com.android.art/javalib/core-oj.jar)
2025-11-29 23:52:01.926 15662-15680 System.err              com.bitflow.finance                  W  	at org.apache.logging.log4j.util.ServiceLoaderUtil.callServiceLoader(ServiceLoaderUtil.java:110)
2025-11-29 23:52:01.926 15662-15680 System.err              com.bitflow.finance                  W  	at org.apache.logging.log4j.util.ServiceLoaderUtil$ServiceLoaderSpliterator.<init>(ServiceLoaderUtil.java:146)
2025-11-29 23:52:01.926 15662-15680 System.err              com.bitflow.finance                  W  	at org.apache.logging.log4j.util.ServiceLoaderUtil.loadClassloaderServices(ServiceLoaderUtil.java:101)
2025-11-29 23:52:01.926 15662-15680 System.err              com.bitflow.finance                  W  	at org.apache.logging.log4j.util.ServiceLoaderUtil.loadServices(ServiceLoaderUtil.java:83)
2025-11-29 23:52:01.926 15662-15680 System.err              com.bitflow.finance                  W  	at org.apache.logging.log4j.util.ServiceLoaderUtil.loadServices(ServiceLoaderUtil.java:77)
2025-11-29 23:52:01.926 15662-15680 System.err              com.bitflow.finance                  W  	at org.apache.logging.log4j.util.ProviderUtil.<init>(ProviderUtil.java:70)
2025-11-29 23:52:01.926 15662-15680 System.err              com.bitflow.finance                  W  	at org.apache.logging.log4j.util.ProviderUtil.lazyInit(ProviderUtil.java:148)
2025-11-29 23:52:01.926 15662-15680 System.err              com.bitflow.finance                  W  	at org.apache.logging.log4j.util.ProviderUtil.hasProviders(ProviderUtil.java:132)
2025-11-29 23:52:01.926 15662-15680 System.err              com.bitflow.finance                  W  	at org.apache.logging.log4j.LogManager.<clinit>(LogManager.java:90)
2025-11-29 23:52:01.926 15662-15680 System.err              com.bitflow.finance                  W  	at org.apache.poi.util.IOUtils.<clinit>(IOUtils.java:43)
2025-11-29 23:52:01.926 15662-15680 System.err              com.bitflow.finance                  W  	at org.apache.poi.poifs.filesystem.FileMagic.valueOf(FileMagic.java:209)
2025-11-29 23:52:01.926 15662-15680 System.err              com.bitflow.finance                  W  	at org.apache.poi.ss.usermodel.WorkbookFactory.create(WorkbookFactory.java:222)
2025-11-29 23:52:01.926 15662-15680 System.err              com.bitflow.finance                  W  	at org.apache.poi.ss.usermodel.WorkbookFactory.create(WorkbookFactory.java:185)
2025-11-29 23:52:01.926 15662-15680 System.err              com.bitflow.finance                  W  	at com.bitflow.finance.data.parser.ExcelReader.readExcelAsLines(ExcelReader.kt:27)
2025-11-29 23:52:01.926 15662-15680 System.err              com.bitflow.finance                  W  	at com.bitflow.finance.data.parser.StatementParserFactory.parseStatement(StatementParserFactory.kt:136)
2025-11-29 23:52:01.926 15662-15680 System.err              com.bitflow.finance                  W  	at com.bitflow.finance.domain.usecase.ImportStatementBackgroundUseCase$invoke$2.invokeSuspend(ImportStatementBackgroundUseCase.kt:46)
2025-11-29 23:52:01.926 15662-15680 System.err              com.bitflow.finance                  W  	at kotlin.coroutines.jvm.internal.BaseContinuationImpl.resumeWith(ContinuationImpl.kt:33)
2025-11-29 23:52:01.926 15662-15680 System.err              com.bitflow.finance                  W  	at kotlinx.coroutines.DispatchedTask.run(DispatchedTask.kt:108)
2025-11-29 23:52:01.926 15662-15680 System.err              com.bitflow.finance                  W  	at kotlinx.coroutines.internal.LimitedDispatcher$Worker.run(LimitedDispatcher.kt:115)
2025-11-29 23:52:01.926 15662-15680 System.err              com.bitflow.finance                  W  	at kotlinx.coroutines.scheduling.TaskImpl.run(Tasks.kt:103)
2025-11-29 23:52:01.926 15662-15680 System.err              com.bitflow.finance                  W  	at kotlinx.coroutines.scheduling.CoroutineScheduler.runSafely(CoroutineScheduler.kt:584)
2025-11-29 23:52:01.926 15662-15680 System.err              com.bitflow.finance                  W  	at kotlinx.coroutines.scheduling.CoroutineScheduler$Worker.executeTask(CoroutineScheduler.kt:793)
2025-11-29 23:52:01.926 15662-15680 System.err              com.bitflow.finance                  W  	at kotlinx.coroutines.scheduling.CoroutineScheduler$Worker.runWorker(CoroutineScheduler.kt:697)
2025-11-29 23:52:01.926 15662-15680 System.err              com.bitflow.finance                  W  	at kotlinx.coroutines.scheduling.CoroutineScheduler$Worker.run(CoroutineScheduler.kt:684)
2025-11-29 23:52:01.927 15662-15680 System.err              com.bitflow.finance                  W  ERROR StatusLogger Log4j2 could not find a logging implementation. Please add log4j-core to the classpath. Using SimpleLogger to log to the console...
2025-11-29 23:52:01.928 15662-15680 bitflow.finance         com.bitflow.finance                  E  hiddenapi: Accessing hidden method Ljava/lang/invoke/LambdaMetafactory;->metafactory(Ljava/lang/invoke/MethodHandles$Lookup;Ljava/lang/String;Ljava/lang/invoke/MethodType;Ljava/lang/invoke/MethodType;Ljava/lang/invoke/MethodHandle;Ljava/lang/invoke/MethodType;)Ljava/lang/invoke/CallSite; (runtime_flags=0, domain=core-platform, api=blocked) from /data/app/~~1YK7vXUcbp9PJtDYKAxdHQ==/com.bitflow.finance-KQj3yBuIXCJVKRt5PUPjOQ==/base.apk!classes16.dex (domain=app) using linking: denied
2025-11-29 23:52:01.942 15662-15662 BufferQueueConsumer     com.bitflow.finance                  D  [](id:3d2e00000003,api:0,p:-1,c:15662) connect: controlledByApp=false
2025-11-29 23:52:01.942 15662-15662 BLASTBufferQueue        com.bitflow.finance                  D  [VRI[MainActivity]#3](f:0,a:0) constructor()
2025-11-29 23:52:01.942 15662-15662 BLASTBufferQueue        com.bitflow.finance                  D  [VRI[MainActivity]#3](f:0,a:0) update width=1220 height=2712 format=-1 mTransformHint=0
2025-11-29 23:52:02.029 15662-15677 BLASTBufferQueue        com.bitflow.finance                  D  [VRI[MainActivity]#3](f:0,a:1) acquireNextBufferLocked size=1220x2712 mFrameNumber=1 applyTransaction=true mTimestamp=111688720959272(auto) mPendingTransactions.size=0 graphicBufferId=67267777789979 transform=0
2025-11-29 23:52:02.072 15662-15680 System.out              com.bitflow.finance                  I  [Excel Reader] Reading sheet: sheet1
2025-11-29 23:52:02.072 15662-15662 BufferQueueConsumer     com.bitflow.finance                  D  [](id:3d2e00000004,api:0,p:-1,c:15662) connect: controlledByApp=false
2025-11-29 23:52:02.072 15662-15680 System.out              com.bitflow.finance                  I  [Excel Reader] Total rows: 36
2025-11-29 23:52:02.072 15662-15680 System.out              com.bitflow.finance                  I  [Excel Reader] Row 0: 
2025-11-29 23:52:02.073 15662-15680 System.out              com.bitflow.finance                  I  [Excel Reader] Row 1: 
