2025-11-29 23:52:02.291 15662-15680 System.out              com.bitflow.finance                  I  [SBI Parser] Row: debit='14,800.00'(14800.0), credit='-'(0.0), desc='VDP-6845-PR304138   -KRISHNA M'
2025-11-29 23:52:02.291 15662-15680 System.out              com.bitflow.finance                  I  [SBI Parser] Row: debit='170.43'(170.43), credit='-'(0.0), desc='VDE-6845-89051900   -MICROSOFT'
2025-11-29 23:52:02.291 15662-15680 System.out              com.bitflow.finance                  I  [SBI Parser] Row: debit='735.00'(735.0), credit='-'(0.0), desc='VDE-6845-10001A4C   -RAZ*SAGE '
2025-11-29 23:52:02.292 15662-15680 System.out              com.bitflow.finance                  I  [SBI Parser] Row: debit='-'(0.0), credit='1,403.84'(1403.84), desc='NEFT CR-AXISCN0777753946-RAZOR'
2025-11-29 23:52:02.293 15662-15680 System.out              com.bitflow.finance                  I  [SBI Parser] Row: debit='18,000.00'(18000.0), credit='-'(0.0), desc='IMPS-428915431034-VIPUL-SBIN00'
2025-11-29 23:52:02.294 15662-15680 System.out              com.bitflow.finance                  I  [SBI Parser] Row: debit='50,000.00'(50000.0), credit='-'(0.0), desc='IMPS-428915431092-RAHUL-SBIN00'
2025-11-29 23:52:02.294 15662-15680 System.out              com.bitflow.finance                  I  [SBI Parser] Row: debit='12,000.00'(12000.0), credit='-'(0.0), desc='IMPS-428915431125-NAWAZ-KKBK00'
2025-11-29 23:52:02.295 15662-15680 System.out              com.bitflow.finance                  I  [SBI Parser] Row: debit='733.96'(733.96), credit='-'(0.0), desc='VDE-6845-99999999   -ADOBE SYS'
2025-11-29 23:52:02.295 15662-15680 System.out              com.bitflow.finance                  I  [SBI Parser] Row: debit='833.07'(833.07), credit='-'(0.0), desc='VDE-6845-78004389   -AMAZONREC'
2025-11-29 23:52:02.295 15662-15680 System.out              com.bitflow.finance                  I  [SBI Parser] Row: debit='1,663.46'(1663.46), credit='-'(0.0), desc='VDE-6845-PU002732   -FACEBOOK '
2025-11-29 23:52:02.296 15662-15680 System.out              com.bitflow.finance                  I  [SBI Parser] Row: debit='5,000.00'(5000.0), credit='-'(0.0), desc='VDE-6845-PU002732   -FACEBOOK '
2025-11-29 23:52:02.296 15662-15680 System.out              com.bitflow.finance                  I  [SBI Parser] Row: debit='1,985.46'(1985.46), credit='-'(0.0), desc='VIE-6845-840/2360-OPENAI *CHAT'
2025-11-29 23:52:02.297 15662-15680 System.out              com.bitflow.finance                  I  [SBI Parser] Row: debit='540.86'(540.86), credit='-'(0.0), desc='VDE-6845-89051843   -FACEBOOK '
2025-11-29 23:52:02.297 15662-15680 System.out              com.bitflow.finance                  I  [SBI Parser] Row: debit='35.40'(35.4), credit='-'(0.0), desc='MARK UP FEE ON INT TXN OF AMT '
2025-11-29 23:52:02.297 15662-15680 System.out              com.bitflow.finance                  I  [SBI Parser] Row: debit='426.62'(426.62), credit='-'(0.0), desc='VDE-6845-89051843   -FACEBOOK '
2025-11-29 23:52:02.298 15662-15680 System.out              com.bitflow.finance                  I  [SBI Parser] Row: debit='3,282.54'(3282.54), credit='-'(0.0), desc='VDE-6845-78004202   -AMAZONAWS'
2025-11-29 23:52:02.298 15662-15680 System.out              com.bitflow.finance                  I  [SBI Parser] Row: debit='3,398.89'(3398.89), credit='-'(0.0), desc='VDE-6845-78004202   -AMAZONAWS'
2025-11-29 23:52:02.298 15662-15680 System.out              com.bitflow.finance                  I  [SBI Parser] Row: debit='170.43'(170.43), credit='-'(0.0), desc='VDE-6845-89051900   -MICROSOFT'
2025-11-29 23:52:02.299 15662-15680 System.out              com.bitflow.finance                  I  [SBI Parser] Row: debit='6,195.00'(6195.0), credit='-'(0.0), desc='VDE-6845-89051978   -TATA PLAY'
2025-11-29 23:52:02.299 15662-15680 System.out              com.bitflow.finance                  I  [SBI Parser] Row: debit='733.96'(733.96), credit='-'(0.0), desc='VDE-6845-99999999   -ADOBE SYS'
2025-11-29 23:52:02.300 15662-15680 System.out              com.bitflow.finance                  I  [SBI Parser] Row: debit='735.00'(735.0), credit='-'(0.0), desc='VDE-6845-10001A4C   -RAZ*SAGE '
2025-11-29 23:52:02.300 15662-15680 System.out              com.bitflow.finance                  I  [SBI Parser] Row: debit='-'(0.0), credit='712.95'(712.95), desc='NEFT CR-AXISCN0829080855-RAZOR'
2025-11-29 23:52:02.300 15662-15680 System.out              com.bitflow.finance                  I  [SBI Parser] Row: debit='1,785.32'(1785.32), credit='-'(0.0), desc='VDE-6845-78004389   -AMAZONREC'
2025-11-29 23:52:02.301 15662-15680 System.out              com.bitflow.finance                  I  [SBI Parser] Row: debit='170.43'(170.43), credit='-'(0.0), desc='VDE-6845-89051900   -MICROSOFT'
2025-11-29 23:52:02.301 15662-15680 System.out              com.bitflow.finance                  I  [SBI Parser] Row: debit='2,005.88'(2005.88), credit='-'(0.0), desc='VIE-6845-840/2360-OPENAI *CHAT'
2025-11-29 23:52:02.302 15662-15680 System.out              com.bitflow.finance                  I  [SBI Parser] Row: debit='733.96'(733.96), credit='-'(0.0), desc='VDE-6845-99999999   -ADOBE SYS'
2025-11-29 23:52:02.303 15662-15680 System.out              com.bitflow.finance                  I  [SBI Parser] Row: debit='35.40'(35.4), credit='-'(0.0), desc='MARK UP FEE ON INT TXN OF AMT '
2025-11-29 23:52:02.303 15662-15680 System.out              com.bitflow.finance                  I  [SBI Parser] Row: debit='733.96'(733.96), credit='-'(0.0), desc='VDE-6845-99999999   -ADOBE SYS'
2025-11-29 23:52:02.304 15662-15680 System.out              com.bitflow.finance                  I  [SBI Parser] Row: debit='170.43'(170.43), credit='-'(0.0), desc='VDE-6845-89051900   -MICROSOFT'
2025-11-29 23:52:02.304 15662-15680 System.out              com.bitflow.finance                  I  [SBI Parser] Row: debit='733.96'(733.96), credit='-'(0.0), desc='VDE-6845-99999999   -ADOBE SYS'
2025-11-29 23:52:02.305 15662-15680 System.out              com.bitflow.finance                  I  [SBI Parser] Row: debit='2,043.79'(2043.79), credit='-'(0.0), desc='VIE-6845-840/2360-OPENAI *CHAT'
2025-11-29 23:52:02.305 15662-15680 System.out              com.bitflow.finance                  I  [SBI Parser] Row: debit='36.58'(36.58), credit='-'(0.0), desc='MARKUP- INT TXN AMT -23.6 21-J'
2025-11-29 23:52:02.306 15662-15680 System.out              com.bitflow.finance                  I  [SBI Parser] Row: debit='733.96'(733.96), credit='-'(0.0), desc='VDE-6845-99999999   -ADOBE SYS'
2025-11-29 23:52:02.306 15662-15680 System.out              com.bitflow.finance                  I  [SBI Parser] Row: debit='824.82'(824.82), credit='-'(0.0), desc='VDE-6845-99999999   -AIRTEL PA'
2025-11-29 23:52:02.306 15662-15680 System.out              com.bitflow.finance                  I  [SBI Parser] Row: debit='1,475.00'(1475.0), credit='-'(0.0), desc='VDE-6845-00006478   -ASSOCIATI'
2025-11-29 23:52:02.307 15662-15680 System.out              com.bitflow.finance                  I  [SBI Parser] Row: debit='171.10'(171.1), credit='-'(0.0), desc='VDE-6845-89051900   -MICROSOFT'
2025-11-29 23:52:02.307 15662-15680 System.out              com.bitflow.finance                  I  [SBI Parser] Row: debit='6,195.00'(6195.0), credit='-'(0.0), desc='VDE-6845-89051978   -TATA PLAY'
2025-11-29 23:52:02.307 15662-15680 System.out              com.bitflow.finance                  I  [SBI Parser] Row: debit='733.96'(733.96), credit='-'(0.0), desc='VDE-6845-99999999   -ADOBE SYS'
2025-11-29 23:52:02.308 15662-15680 System.out              com.bitflow.finance                  I  [SBI Parser] Row: debit='733.96'(733.96), credit='-'(0.0), desc='VDE-6845-99999999   -ADOBE SYS'
2025-11-29 23:52:02.308 15662-15680 System.out              com.bitflow.finance                  I  [SBI Parser] Row: debit='3,321.59'(3321.59), credit='-'(0.0), desc='VDE-6845-78004202   -AMAZONAWS'
2025-11-29 23:52:02.309 15662-15680 System.out              com.bitflow.finance                  I  [SBI Parser] Row: debit='3,480.37'(3480.37), credit='-'(0.0), desc='VDE-6845-78004202   -AMAZONAWS'
2025-11-29 23:52:02.310 15662-15680 System.out              com.bitflow.finance                  I  [SBI Parser] Row: debit='3,451.92'(3451.92), credit='-'(0.0), desc='VDE-6845-78004202   -AMAZONAWS'
2025-11-29 23:52:02.310 15662-15680 System.out              com.bitflow.finance                  I  [SBI Parser] Row: debit='959.34'(959.34), credit='-'(0.0), desc='VDE-6845-99999999   -AIRTEL PA'
2025-11-29 23:52:02.311 15662-15680 System.out              com.bitflow.finance                  I  [SBI Parser] Row: debit='2,062.52'(2062.52), credit='-'(0.0), desc='VIE-6845-840/2360-OPENAI *CHAT'
2025-11-29 23:52:02.311 15662-15680 System.out              com.bitflow.finance                  I  [SBI Parser] Row: debit='36.58'(36.58), credit='-'(0.0), desc='MARKUP- INT TXN AMT -23.6 12-M'
2025-11-29 23:52:02.312 15662-15680 System.out              com.bitflow.finance                  I  [SBI Parser] Row: debit='733.96'(733.96), credit='-'(0.0), desc='VDE-6845-99999999   -ADOBE SYS'
2025-11-29 23:52:02.312 15662-15680 System.out              com.bitflow.finance                  I  [SBI Parser] Row: debit='733.96'(733.96), credit='-'(0.0), desc='VDE-6845-99999999   -ADOBE SYS'
2025-11-29 23:52:02.312 15662-15680 System.out              com.bitflow.finance                  I  [SBI Parser] Parsed 148 transactions
2025-11-29 23:52:02.313 15662-15680 System.out              com.bitflow.finance                  I  [SBI Parser]  File order: ASCENDING (oldest first)
2025-11-29 23:52:02.313 15662-15680 System.out              com.bitflow.finance                  I  [SBI Parser]  Using LAST row balance: 1379475.12
2025-11-29 23:52:02.313 15662-15680 System.out              com.bitflow.finance                  I  [SBI Parser] Detected current balance: 1379475.12
2025-11-29 23:52:02.313 15662-15680 System.out              com.bitflow.finance                  I  [BackgroundImport] File: 27-Nov-2025_495979AccStmtDownloadReport.xls - Parsed 148 transactions
2025-11-29 23:52:02.313 15662-15680 System.out              com.bitflow.finance                  I  [BackgroundImport] File: 27-Nov-2025_495979AccStmtDownloadReport.xls - Detected balance: 1379475.12
2025-11-29 23:52:02.320 15662-15680 System.out              com.bitflow.finance                  I  [TransactionRepository] Batch inserting 148 transactions
2025-11-29 23:52:02.334 15662-15680 System.out              com.bitflow.finance                  I  [TransactionRepository] Batch insert completed
2025-11-29 23:52:02.334 15662-15680 System.out              com.bitflow.finance                  I  [BackgroundImport] === BALANCE UPDATE ===
2025-11-29 23:52:02.334 15662-15680 System.out              com.bitflow.finance                  I  [BackgroundImport] Account ID: 1
2025-11-29 23:52:02.334 15662-15680 System.out              com.bitflow.finance                  I  [BackgroundImport]  Using parser-detected balance: 1379475.12
2025-11-29 23:52:02.336 15662-15680 System.out              com.bitflow.finance                  I  [BackgroundImport]  Account balance updated to: 1379475.12
2025-11-29 23:52:02.339 15662-15680 System.out              com.bitflow.finance                  I  [Parser Factory] Detected Excel file, converting to text...
2025-11-29 23:52:02.361 15662-15662 BLASTBufferQueue        com.bitflow.finance                  D  [VRI[MainActivity]#4](f:0,a:3) update width=1080 height=993 format=-2 mTransformHint=0
2025-11-29 23:52:02.362 15662-15677 Surface                 com.bitflow.finance                  D  Surface::disconnect
2025-11-29 23:52:02.373 15662-15677 BLASTBufferQueue        com.bitflow.finance                  D  [VRI[MainActivity]#4](f:0,a:4) producer disconnected before acquireNextBufferLocked
2025-11-29 23:52:02.388 15662-15680 System.out              com.bitflow.finance                  I  [Excel Reader] Reading sheet: sheet1
2025-11-29 23:52:02.388 15662-15680 System.out              com.bitflow.finance                  I  [Excel Reader] Total rows: 115
2025-11-29 23:52:02.388 15662-15680 System.out              com.bitflow.finance                  I  [Excel Reader] Row 0: 
2025-11-29 23:52:02.388 15662-15680 System.out              com.bitflow.finance                  I  [Excel Reader] Row 1: 
2025-11-29 23:52:02.388 15662-15680 System.out              com.bitflow.finance                  I  [Excel Reader] Row 2: 
2025-11-29 23:52:02.388 15662-15680 System.out              com.bitflow.finance                  I  [Excel Reader] Row 3: STATEMENT BY PERIOD
2025-11-29 23:52:02.388 15662-15680 System.out              com.bitflow.finance                  I  [Excel Reader] Row 4: Report Date: 27-Nov-2025
2025-11-29 23:52:02.388 15662-15680 System.out              com.bitflow.finance                  I  [Excel Reader] Row 5: Account No:,,2302234754568211-INR,,,,
2025-11-29 23:52:02.388 15662-15680 System.out              com.bitflow.finance                  I  [Excel Reader] Row 6: Opening Balance:,,0.00,,,,
2025-11-29 23:52:02.388 15662-15680 System.out              com.bitflow.finance                  I  [Excel Reader] Row 7: Closing Balance:,,"3,228,941.73",,,,
2025-11-29 23:52:02.388 15662-15680 System.out              com.bitflow.finance                  I  [Excel Reader] Row 8: Details as at:,,27-Nov-2025 19:05:19,,,,
2025-11-29 23:52:02.388 15662-15680 System.out              com.bitflow.finance                  I  [Excel Reader] Row 9: 
2025-11-29 23:52:02.388 15662-15680 System.out              com.bitflow.finance                  I  [Excel Reader] Row 10: Trans Date,Value Date,Description/Narration,Chq./Ref.No.,Debit(Dr.) INR,Credit(Cr.) INR,Balance INR
2025-11-29 23:52:02.388 15662-15680 System.out              com.bitflow.finance                  I  [Excel Reader] Row 11: 2023-12-14,2023-12-14,IMPS-334811260052-SYED SHAMIM RAZVI-CBIN0280678-******0111-INVESTMENT,2334801742637001,-,"1,000.00","1,000.00"
2025-11-29 23:52:02.388 15662-15680 System.out              com.bitflow.finance                  I  [Excel Reader] Row 12: 2023-12-14,2023-12-14,RTGS CR-CBINR52023121410015645-SYED-CBIN0280678-///////////////////////////////////-SAGE VISTA GLOBAL PRIVATE LIMITED,CBINR52023121410015645,-,"500,000.00","501,000.00"
2025-11-29 23:52:02.389 15662-15680 System.out              com.bitflow.finance                  I  [Excel Reader] Row 13: 2023-12-14,2023-12-15,BY CLG IDB 14/12/2023 AURANGABAD  KHATIB,000000521363,-,"500,000.00","1,001,000.00"
2025-11-29 23:52:02.389 15662-15680 System.out              com.bitflow.finance                  I  [Excel Reader] Row 14: 2023-12-14,2023-12-15,BY CLG BOM 14/12/2023 AURANGABAD  SAMINA,000000212421,-,"500,000.00","1,501,000.00"
2025-11-29 23:52:02.389 15662-15680 System.out              com.bitflow.finance                  I  [Excel Reader] Row 15: 2023-12-14,2023-12-15,BY CLG SRC 14/12/2023 AURANGABAD  KHATIB,000000018448,-,"300,000.00","1,801,000.00"
2025-11-29 23:52:02.389 15662-15680 System.out              com.bitflow.finance                  I  [Excel Reader] Row 16: 2023-12-17,2023-12-17,NEFT CR-1216I28437418581-SANKET KALIDAS CHAVAN-IBKL0NEFT01-SL//,1216i28437418581,-,"200,000.00","2,001,000.00"
2025-11-29 23:52:02.389 15662-15680 System.out              com.bitflow.finance                  I  [Excel Reader] Row 17: 2023-12-18,2023-12-18,RTGS CR-CBINR52023121810015720-SYED-CBIN0280678-///////////////////////////////////-SAGE VISTA GLOBAL PRIVATE LIMITED,CBINR52023121810015720,-,"500,000.00","2,501,000.00"
2025-11-29 23:52:02.389 15662-15680 System.out              com.bitflow.finance                  I  [Excel Reader] Row 18: 2023-12-18,2023-12-18,RTGS CR-BMCBR52023121800000325-SYED SHAMIM RAZVI ABDUL MATEEN RAZV-BMCB0000029-URGENT-SAGE VISTA GLOBAL PRIVATE LIMITED,BMCBR52023121800000325,-,"1,000,000.00","3,501,000.00"
2025-11-29 23:52:02.389 15662-15680 System.out              com.bitflow.finance                  I  [Excel Reader] Row 19: 2023-12-18,2023-12-19,BY CLG SBI 18/12/2023 PUNE  PRATIK,000000171107,-,"2,500,000.00","6,001,000.00"
2025-11-29 23:52:02.395 15662-15680 System.out              com.bitflow.finance                  I  [Excel Reader] Read 115 lines from Excel
2025-11-29 23:52:02.395 15662-15680 System.out              com.bitflow.finance                  I  [Parser Factory] Read 115 lines for format detection
2025-11-29 23:52:02.399 15662-15680 System.out              com.bitflow.finance                  I  [Parser Factory] Matched SBI format with keywords: [trans date, debit] in header-like row
2025-11-29 23:52:02.399 15662-15680 System.out              com.bitflow.finance                  I  [Parser Factory]   Matched line: Trans Date,Value Date,Description/Narration,Chq./Ref.No.,Debit(Dr.) INR,Credit(Cr.) INR,Balance INR
2025-11-29 23:52:02.399 15662-15680 System.out              com.bitflow.finance                  I  [Parser Factory] Detected format: SBI
2025-11-29 23:52:02.400 15662-15680 System.out              com.bitflow.finance                  I  [SBI Parser] Scanning 114 lines for header...
2025-11-29 23:52:02.400 15662-15680 System.out              com.bitflow.finance                  I  [SBI Parser] Searching for header in first 40 lines...
2025-11-29 23:52:02.400 15662-15680 System.out              com.bitflow.finance                  I  [SBI Parser] Line 0: 
2025-11-29 23:52:02.400 15662-15680 System.out              com.bitflow.finance                  I  [SBI Parser] Line 1: 
2025-11-29 23:52:02.400 15662-15680 System.out              com.bitflow.finance                  I  [SBI Parser] Line 2: 
2025-11-29 23:52:02.400 15662-15680 System.out              com.bitflow.finance                  I  [SBI Parser] Line 3: statement by period
2025-11-29 23:52:02.400 15662-15680 System.out              com.bitflow.finance                  I  [SBI Parser] Line 4: report date: 27-nov-2025
2025-11-29 23:52:02.400 15662-15680 System.out              com.bitflow.finance                  I  [SBI Parser] Line 5: account no:,,2302234754568211-inr,,,,
2025-11-29 23:52:02.401 15662-15680 System.out              com.bitflow.finance                  I  [SBI Parser] Line 6: opening balance:,,0.00,,,,
2025-11-29 23:52:02.401 15662-15680 System.out              com.bitflow.finance                  I  [SBI Parser] Line 7: closing balance:,,"3,228,941.73",,,,
2025-11-29 23:52:02.401 15662-15680 System.out              com.bitflow.finance                  I  [SBI Parser] Line 8: details as at:,,27-nov-2025 19:05:19,,,,
2025-11-29 23:52:02.402 15662-15680 System.out              com.bitflow.finance                  I  [SBI Parser] Line 9: 
2025-11-29 23:52:02.402 15662-15680 System.out              com.bitflow.finance                  I  [SBI Parser] Line 10: trans date,value date,description/narration,chq./ref.no.,debit(dr.) inr,credit(cr.) inr,balance inr
2025-11-29 23:52:02.402 15662-15680 System.out              com.bitflow.finance                  I  [SBI Parser] Found header match at line 10 with keywords: [trans date, debit]
2025-11-29 23:52:02.402 15662-15680 System.out              com.bitflow.finance                  I  [SBI Parser] Found header at row 10
2025-11-29 23:52:02.402 15662-15680 System.out              com.bitflow.finance                  I  [SBI Parser] Header columns (7): Trans Date | Value Date | Description/Narration | Chq./Ref.No. | Debit(Dr.) INR | Credit(Cr.) INR | Balance INR
2025-11-29 23:52:02.402 15662-15680 System.out              com.bitflow.finance                  I  [SBI Parser] Column mapping: ColumnMapping(dateIndex=0, descriptionIndex=2, debitIndex=4, creditIndex=5, balanceIndex=6, referenceIndex=3)
2025-11-29 23:52:02.402 15662-15680 System.out              com.bitflow.finance                  I  [SBI Parser] Data row #0 has 7 columns:
2025-11-29 23:52:02.402 15662-15680 System.out              com.bitflow.finance                  I  [SBI Parser]   Col[0]DATE: '2023-12-14'
2025-11-29 23:52:02.402 15662-15680 System.out              com.bitflow.finance                  I  [SBI Parser]   Col[1]: '2023-12-14'
2025-11-29 23:52:02.402 15662-15680 System.out              com.bitflow.finance                  I  [SBI Parser]   Col[2]DESC: 'IMPS-334811260052-SYED SHAMIM RAZVI-CBIN0280678-******0111-INVESTMENT'
2025-11-29 23:52:02.402 15662-15680 System.out              com.bitflow.finance                  I  [SBI Parser]   Col[3]: '2334801742637001'
2025-11-29 23:52:02.402 15662-15680 System.out              com.bitflow.finance                  I  [SBI Parser]   Col[4]DEBIT: '-'
2025-11-29 23:52:02.402 15662-15680 System.out              com.bitflow.finance                  I  [SBI Parser]   Col[5]CREDIT: '1,000.00'
2025-11-29 23:52:02.402 15662-15680 System.out              com.bitflow.finance                  I  [SBI Parser]   Col[6]BALANCE: '1,000.00'
2025-11-29 23:52:02.402 15662-15662 BLASTBufferQueue        com.bitflow.finance                  D  [VRI[MainActivity]#4](f:0,a:3) update width=1080 height=903 format=-2 mTransformHint=0
2025-11-29 23:52:02.403 15662-15680 System.out              com.bitflow.finance                  I  [SBI Parser] Row: debit='-'(0.0), credit='1,000.00'(1000.0), desc='IMPS-334811260052-SYED SHAMIM '
2025-11-29 23:52:02.403 15662-15680 System.out              com.bitflow.finance                  I  [SBI Parser] Data row #1 has 7 columns:
2025-11-29 23:52:02.403 15662-15680 System.out              com.bitflow.finance                  I  [SBI Parser]   Col[0]DATE: '2023-12-14'
2025-11-29 23:52:02.403 15662-15677 Surface                 com.bitflow.finance                  D  Surface::disconnect
2025-11-29 23:52:02.403 15662-15680 System.out              com.bitflow.finance                  I  [SBI Parser]   Col[1]: '2023-12-14'
2025-11-29 23:52:02.403 15662-15680 System.out              com.bitflow.finance                  I  [SBI Parser]   Col[2]DESC: 'RTGS CR-CBINR52023121410015645-SYED-CBIN0280678-///////////////////////////////////-SAGE VISTA GLOBAL PRIVATE LIMITED'
2025-11-29 23:52:02.403 15662-15680 System.out              com.bitflow.finance                  I  [SBI Parser]   Col[3]: 'CBINR52023121410015645'
2025-11-29 23:52:02.403 15662-15680 System.out              com.bitflow.finance                  I  [SBI Parser]   Col[4]DEBIT: '-'
2025-11-29 23:52:02.403 15662-15680 System.out              com.bitflow.finance                  I  [SBI Parser]   Col[5]CREDIT: '500,000.00'
2025-11-29 23:52:02.403 15662-15680 System.out              com.bitflow.finance                  I  [SBI Parser]   Col[6]BALANCE: '501,000.00'
2025-11-29 23:52:02.403 15662-15680 System.out              com.bitflow.finance                  I  [SBI Parser] Row: debit='-'(0.0), credit='500,000.00'(500000.0), desc='RTGS CR-CBINR52023121410015645'
2025-11-29 23:52:02.403 15662-15680 System.out              com.bitflow.finance                  I  [SBI Parser] Data row #2 has 7 columns:
2025-11-29 23:52:02.404 15662-15680 System.out              com.bitflow.finance                  I  [SBI Parser]   Col[0]DATE: '2023-12-14'
2025-11-29 23:52:02.404 15662-15680 System.out              com.bitflow.finance                  I  [SBI Parser]   Col[1]: '2023-12-15'
2025-11-29 23:52:02.404 15662-15680 System.out              com.bitflow.finance                  I  [SBI Parser]   Col[2]DESC: 'BY CLG IDB 14/12/2023 AURANGABAD  KHATIB'
2025-11-29 23:52:02.404 15662-15680 System.out              com.bitflow.finance                  I  [SBI Parser]   Col[3]: '000000521363'
2025-11-29 23:52:02.404 15662-15680 System.out              com.bitflow.finance                  I  [SBI Parser]   Col[4]DEBIT: '-'
2025-11-29 23:52:02.404 15662-15680 System.out              com.bitflow.finance                  I  [SBI Parser]   Col[5]CREDIT: '500,000.00'
2025-11-29 23:52:02.404 15662-15680 System.out              com.bitflow.finance                  I  [SBI Parser]   Col[6]BALANCE: '1,001,000.00'
2025-11-29 23:52:02.404 15662-15680 System.out              com.bitflow.finance                  I  [SBI Parser] Row: debit='-'(0.0), credit='500,000.00'(500000.0), desc='BY CLG IDB 14/12/2023 AURANGAB'
2025-11-29 23:52:02.404 15662-15680 System.out              com.bitflow.finance                  I  [SBI Parser] Row: debit='-'(0.0), credit='500,000.00'(500000.0), desc='BY CLG BOM 14/12/2023 AURANGAB'
2025-11-29 23:52:02.405 15662-15680 System.out              com.bitflow.finance                  I  [SBI Parser] Row: debit='-'(0.0), credit='300,000.00'(300000.0), desc='BY CLG SRC 14/12/2023 AURANGAB'
2025-11-29 23:52:02.405 15662-15680 System.out              com.bitflow.finance                  I  [SBI Parser] Row: debit='-'(0.0), credit='200,000.00'(200000.0), desc='NEFT CR-1216I28437418581-SANKE'
2025-11-29 23:52:02.405 15662-15680 System.out              com.bitflow.finance                  I  [SBI Parser] Row: debit='-'(0.0), credit='500,000.00'(500000.0), desc='RTGS CR-CBINR52023121810015720'
2025-11-29 23:52:02.406 15662-15680 System.out              com.bitflow.finance                  I  [SBI Parser] Row: debit='-'(0.0), credit='1,000,000.00'(1000000.0), desc='RTGS CR-BMCBR52023121800000325'
2025-11-29 23:52:02.406 15662-15680 System.out              com.bitflow.finance                  I  [SBI Parser] Row: debit='-'(0.0), credit='2,500,000.00'(2500000.0), desc='BY CLG SBI 18/12/2023 PUNE  PR'
2025-11-29 23:52:02.406 15662-15680 System.out              com.bitflow.finance                  I  [SBI Parser] Row: debit='-'(0.0), credit='500,000.00'(500000.0), desc='RTGS CR-BMCBR52023121900000328'
2025-11-29 23:52:02.407 15662-15680 System.out              com.bitflow.finance                  I  [SBI Parser] Row: debit='-'(0.0), credit='500,000.00'(500000.0), desc='BY CLG IDB 20/12/2023 AURANGAB'
2025-11-29 23:52:02.407 15662-15680 System.out              com.bitflow.finance                  I  [SBI Parser] Row: debit='-'(0.0), credit='200,000.00'(200000.0), desc='IMPS-335422148040-SANKET KALID'
2025-11-29 23:52:02.407 15662-15680 System.out              com.bitflow.finance                  I  [SBI Parser] Row: debit='-'(0.0), credit='2,100,000.00'(2100000.0), desc='RTGS CR-IBKLR92023122100022303'
2025-11-29 23:52:02.408 15662-15680 System.out              com.bitflow.finance                  I  [SBI Parser] Row: debit='-'(0.0), credit='700,000.00'(700000.0), desc='BY CLG BOM 20/12/2023 AURANGAB'
2025-11-29 23:52:02.408 15662-15680 System.out              com.bitflow.finance                  I  [SBI Parser] Row: debit='2.00'(2.0), credit='-'(0.0), desc='VDE-6845-89051985   -GOOGLE CL'
2025-11-29 23:52:02.408 15662-15680 System.out              com.bitflow.finance                  I  [SBI Parser] Row: debit='2.00'(2.0), credit='-'(0.0), desc='VDE-6845-89051985   -GOOGLE CL'
2025-11-29 23:52:02.409 15662-15680 System.out              com.bitflow.finance                  I  [SBI Parser] Row: debit='2.00'(2.0), credit='-'(0.0), desc='VDE-6845-89051985   -GOOGLE CL'
2025-11-29 23:52:02.409 15662-15680 System.out              com.bitflow.finance                  I  [SBI Parser] Row: debit='5.00'(5.0), credit='-'(0.0), desc='VDE-6845-87032546   -PHO*PHONE'
2025-11-29 23:52:02.411 15662-15680 System.out              com.bitflow.finance                  I  [SBI Parser] Row: debit='-'(0.0), credit='5.00'(5.0), desc='REFUND-PHO*PHONEPE RECHARGE-27'
2025-11-29 23:52:02.411 15662-15680 System.out              com.bitflow.finance                  I  [SBI Parser] Row: debit='36,000.00'(36000.0), credit='-'(0.0), desc='IMPS-336220341732-RAHUL-SBIN00'
2025-11-29 23:52:02.412 15662-15680 System.out              com.bitflow.finance                  I  [SBI Parser] Row: debit='8,700.00'(8700.0), credit='-'(0.0), desc='IMPS-336221346866-PRATIK-SBIN0'
2025-11-29 23:52:02.412 15662-15680 System.out              com.bitflow.finance                  I  [SBI Parser] Row: debit='113,600.00'(113600.0), credit='-'(0.0), desc='IMPS-336222346925-S GUHAN-ICIC'
2025-11-29 23:52:02.413 15662-15680 System.out              com.bitflow.finance                  I  [SBI Parser] Row: debit='-'(0.0), credit='1.00'(1.0), desc='IMPS-336328114425-APIBANKING-R'
2025-11-29 23:52:02.413 15662-15677 BLASTBufferQueue        com.bitflow.finance                  D  [VRI[MainActivity]#4](f:0,a:4) producer disconnected before acquireNextBufferLocked
2025-11-29 23:52:02.413 15662-15680 System.out              com.bitflow.finance                  I  [SBI Parser] Row: debit='-'(0.0), credit='1.00'(1.0), desc='IMPS-400210630268-KARZA TECH A'
2025-11-29 23:52:02.413 15662-15680 System.out              com.bitflow.finance                  I  [SBI Parser] Row: debit='22,999.00'(22999.0), credit='-'(0.0), desc='VDE-6845-99999999   -COMFORT G'
2025-11-29 23:52:02.414 15662-15680 System.out              com.bitflow.finance                  I  [SBI Parser] Row: debit='5,310.00'(5310.0), credit='-'(0.0), desc='VDE-6845-70028903   -TATA PLAY'
2025-11-29 23:52:02.414 15662-15680 System.out              com.bitflow.finance                  I  [SBI Parser] Row: debit='50,000.00'(50000.0), credit='-'(0.0), desc='IMPS-400414927790-VINAY-SBIN00'
2025-11-29 23:52:02.415 15662-15680 System.out              com.bitflow.finance                  I  [SBI Parser] Row: debit='100,000.00'(100000.0), credit='-'(0.0), desc='IMPS-400414927869-ADITYA S-HDF'
2025-11-29 23:52:02.415 15662-15680 System.out              com.bitflow.finance                  I  [SBI Parser] Row: debit='100,000.00'(100000.0), credit='-'(0.0), desc='IMPS-400510991753-SUSHAMA-BKID'
2025-11-29 23:52:02.416 15662-15680 System.out              com.bitflow.finance                  I  [SBI Parser] Row: debit='-'(0.0), credit='2.00'(2.0), desc='REFUND-GOOGLE CLOUD-030124'
2025-11-29 23:52:02.417 15662-15680 System.out              com.bitflow.finance                  I  [SBI Parser] Row: debit='-'(0.0), credit='2.00'(2.0), desc='REFUND-GOOGLE CLOUD-030124'
2025-11-29 23:52:02.417 15662-15680 System.out              com.bitflow.finance                  I  [SBI Parser] Row: debit='-'(0.0), credit='2.00'(2.0), desc='REFUND-GOOGLE CLOUD-030124'
2025-11-29 23:52:02.417 15662-15680 System.out              com.bitflow.finance                  I  [SBI Parser] Row: debit='3.00'(3.0), credit='-'(0.0), desc='VDE-6845-89051842   -FACEBOOK '
2025-11-29 23:52:02.418 15662-15680 System.out              com.bitflow.finance                  I  [SBI Parser] Row: debit='-'(0.0), credit='3.00'(3.0), desc='REFUND-FACEBOOK-070124'
2025-11-29 23:52:02.418 15662-15680 System.out              com.bitflow.finance                  I  [SBI Parser] Row: debit='19,200.00'(19200.0), credit='-'(0.0), desc='VIE-6845-356/1920000-FLUTTERFL'
2025-11-29 23:52:02.418 15662-15680 System.out              com.bitflow.finance                  I  [SBI Parser] Row: debit='28,304.10'(28304.1), credit='-'(0.0), desc='VDE-6845-87081873   -AMAZON PA'
2025-11-29 23:52:02.419 15662-15680 System.out              com.bitflow.finance                  I  [SBI Parser] Row: debit='28,183.00'(28183.0), credit='-'(0.0), desc='VDE-6845-87081873   -AMAZON PA'
2025-11-29 23:52:02.419 15662-15680 System.out              com.bitflow.finance                  I  [SBI Parser] Row: debit='124,500.00'(124500.0), credit='-'(0.0), desc='VDP-6845-61809014   -DCC INFOT'
2025-11-29 23:52:02.419 15662-15680 System.out              com.bitflow.finance                  I  [SBI Parser] Row: debit='40,000.00'(40000.0), credit='-'(0.0), desc='VDP-6845-61809014   -DCC INFOT'
2025-11-29 23:52:02.420 15662-15680 System.out              com.bitflow.finance                  I  [SBI Parser] Row: debit='50,000.00'(50000.0), credit='-'(0.0), desc='IMPS-401122503556-THITAME-CBIN'
2025-11-29 23:52:02.420 15662-15680 System.out              com.bitflow.finance                  I  [SBI Parser] Row: debit='33,152.00'(33152.0), credit='-'(0.0), desc='VDE-6845-87021552   -IND*AMAZO'
2025-11-29 23:52:02.422 15662-15680 System.out              com.bitflow.finance                  I  [SBI Parser] Row: debit='3,403.00'(3403.0), credit='-'(0.0), desc='VDE-6845-70014008   -ACTCORP  '
2025-11-29 23:52:02.422 15662-15680 System.out              com.bitflow.finance                  I  [SBI Parser] Row: debit='14,360.00'(14360.0), credit='-'(0.0), desc='IMPS-401214547777-PRATIK-SBIN0'
2025-11-29 23:52:02.423 15662-15680 System.out              com.bitflow.finance                  I  [SBI Parser] Row: debit='5,702.00'(5702.0), credit='-'(0.0), desc='VDE-6845-UTIS2I01   -RELEASEMY'
2025-11-29 23:52:02.423 15662-15680 System.out              com.bitflow.finance                  I  [SBI Parser] Row: debit='8,434.57'(8434.57), credit='-'(0.0), desc='VIE-6845-840/9999-CASTR.IO - L'
2025-11-29 23:52:02.424 15662-15680 System.out              com.bitflow.finance                  I  [SBI Parser] Row: debit='2,829.00'(2829.0), credit='-'(0.0), desc='VDE-6845-UTIS2I04   -AIRTEL   '
2025-11-29 23:52:02.424 15662-15680 System.out              com.bitflow.finance                  I  [SBI Parser] Row: debit='62,713.00'(62713.0), credit='-'(0.0), desc='VDP-6845-61696444   -UNICORN I'
2025-11-29 23:52:02.425 15662-15680 System.out              com.bitflow.finance                  I  [SBI Parser] Row: debit='1,534.00'(1534.0), credit='-'(0.0), desc='VDE-6845-UNIYQ9MM   -ZOOM.US +'
2025-11-29 23:52:02.425 15662-15680 System.out              com.bitflow.finance                  I  [SBI Parser] Row: debit='1,534.00'(1534.0), credit='-'(0.0), desc='VDE-6845-UNIYQ9MM   -ZOOM.US +'
2025-11-29 23:52:02.425 15662-15680 System.out              com.bitflow.finance                  I  [SBI Parser] Row: debit='20,000.00'(20000.0), credit='-'(0.0), desc='VDE-6845-78004115   -GOOGLESER'
2025-11-29 23:52:02.426 15662-15680 System.out              com.bitflow.finance                  I  [SBI Parser] Row: debit='500,000.00'(500000.0), credit='-'(0.0), desc='IMPS-402218369322-SUSHAMA-BKID'
2025-11-29 23:52:02.426 15662-15680 System.out              com.bitflow.finance                  I  [SBI Parser] Row: debit='500,000.00'(500000.0), credit='-'(0.0), desc='IMPS-402218369555-SUSHAMA-BKID'
2025-11-29 23:52:02.427 15662-15680 System.out              com.bitflow.finance                  I  [SBI Parser] Row: debit='500,000.00'(500000.0), credit='-'(0.0), desc='IMPS-402218369625-SANKET CHAVA'
2025-11-29 23:52:02.427 15662-15680 System.out              com.bitflow.finance                  I  [SBI Parser] Row: debit='8,464.00'(8464.0), credit='-'(0.0), desc='IMPS-402218370340-AP BALAJEEVA'
2025-11-29 23:52:02.427 15662-15680 System.out              com.bitflow.finance                  I  [SBI Parser] Row: debit='15,000.00'(15000.0), credit='-'(0.0), desc='IMPS-402218370404-RAHUL-SBIN00'
2025-11-29 23:52:02.428 15662-15680 System.out              com.bitflow.finance                  I  [SBI Parser] Row: debit='1,000,000.00'(1000000.0), credit='-'(0.0), desc='APPLICATION AND WEBSITE'
2025-11-29 23:52:02.428 15662-15680 System.out              com.bitflow.finance                  I  [SBI Parser] Row: debit='1,688.84'(1688.84), credit='-'(0.0), desc='VIE-6845-840/2000-CHATGPT SUBS'
2025-11-29 23:52:02.428 15662-15680 System.out              com.bitflow.finance                  I  [SBI Parser] Row: debit='225,000.00'(225000.0), credit='-'(0.0), desc='IMPS-402623695133-SYED-BMCB000'
2025-11-29 23:52:02.429 15662-15680 System.out              com.bitflow.finance                  I  [SBI Parser] Row: debit='700,000.00'(700000.0), credit='-'(0.0), desc='NEFT DR-N026242022050202-SAMIN'
2025-11-29 23:52:02.429 15662-15680 System.out              com.bitflow.finance                  I  [SBI Parser] Row: debit='50,000.00'(50000.0), credit='-'(0.0), desc='IMPS-402714728384-PRATIK-SBIN0'
2025-11-29 23:52:02.429 15662-15680 System.out              com.bitflow.finance                  I  [SBI Parser] Row: debit='5,719.00'(5719.0), credit='-'(0.0), desc='VDE-6845-00001787   -AMAZON PA'
2025-11-29 23:52:02.430 15662-15680 System.out              com.bitflow.finance                  I  [SBI Parser] Row: debit='15,500.00'(15500.0), credit='-'(0.0), desc='VDE-6845-70034807   -CLEARTRIP'
2025-11-29 23:52:02.430 15662-15680 System.out              com.bitflow.finance                  I  [SBI Parser] Row: debit='2.00'(2.0), credit='-'(0.0), desc='VDE-6845-78004202   -AMAZONAWS'
2025-11-29 23:52:02.430 15662-15680 System.out              com.bitflow.finance                  I  [SBI Parser] Row: debit='-'(0.0), credit='4,971.49'(4971.49), desc='NEFT CR-N030242854973297-EASEB'
2025-11-29 23:52:02.431 15662-15680 System.out              com.bitflow.finance                  I  [SBI Parser] Row: debit='-'(0.0), credit='2.00'(2.0), desc='REFUND-AMAZON WEB SERVICES-290'
2025-11-29 23:52:02.431 15662-15680 System.out              com.bitflow.finance                  I  [SBI Parser] Row: debit='45,000.00'(45000.0), credit='-'(0.0), desc='IMPS-403222188891-RAHUL-SBIN00'
2025-11-29 23:52:02.431 15662-15680 System.out              com.bitflow.finance                  I  [SBI Parser] Row: debit='50,000.00'(50000.0), credit='-'(0.0), desc='IMPS-403516440868-VINAY-SBIN00'
2025-11-29 23:52:02.432 15662-15680 System.out              com.bitflow.finance                  I  [SBI Parser] Row: debit='800,000.00'(800000.0), credit='-'(0.0), desc='MISCELLANEOUS'
2025-11-29 23:52:02.432 15662-15680 System.out              com.bitflow.finance                  I  [SBI Parser] Row: debit='700,000.00'(700000.0), credit='-'(0.0), desc='MISCELLANEOUS'
2025-11-29 23:52:02.433 15662-15680 System.out              com.bitflow.finance                  I  [SBI Parser] Row: debit='2.00'(2.0), credit='-'(0.0), desc='VDE-6845-89051899   -MICROSOFT'
2025-11-29 23:52:02.433 15662-15680 System.out              com.bitflow.finance                  I  [SBI Parser] Row: debit='7,500.00'(7500.0), credit='-'(0.0), desc='IMPS-404015882496-FAIZAN-KKBK0'
2025-11-29 23:52:02.433 15662-15680 System.out              com.bitflow.finance                  I  [SBI Parser] Row: debit='9,000.00'(9000.0), credit='-'(0.0), desc='IMPS-404015882918-VIPUL-SBIN00'
2025-11-29 23:52:02.433 15662-15680 System.out              com.bitflow.finance                  I  [SBI Parser] Row: debit='11,700.00'(11700.0), credit='-'(0.0), desc='IMPS-404015883121-SWASTIK-HDFC'
2025-11-29 23:52:02.434 15662-15680 System.out              com.bitflow.finance                  I  [SBI Parser] Row: debit='-'(0.0), credit='2.00'(2.0), desc='REFUND-MICROSOFT INDIA-090224'
2025-11-29 23:52:02.434 15662-15680 System.out              com.bitflow.finance                  I  [SBI Parser] Row: debit='4,912.00'(4912.0), credit='-'(0.0), desc='VDE-6845-70017496   -CLEARTRIP'
2025-11-29 23:52:02.435 15662-15680 System.out              com.bitflow.finance                  I  [SBI Parser] Row: debit='10,700.00'(10700.0), credit='-'(0.0), desc='IMPS-404309097649-RAHUL-SBIN00'
2025-11-29 23:52:02.435 15662-15680 System.out              com.bitflow.finance                  I  [SBI Parser] Row: debit='30,000.00'(30000.0), credit='-'(0.0), desc='IMPS-404309098814-PRASHANT-SBI'
2025-11-29 23:52:02.435 15662-15680 System.out              com.bitflow.finance                  I  [SBI Parser] Row: debit='170.43'(170.43), credit='-'(0.0), desc='VDE-6845-89051900   -MICROSOFT'
2025-11-29 23:52:02.436 15662-15680 System.out              com.bitflow.finance                  I  [SBI Parser] Row: debit='16,378.91'(16378.91), credit='-'(0.0), desc='VDE-6845-99999999   -AIRBNB PA'
2025-11-29 23:52:02.436 15662-15680 System.out              com.bitflow.finance                  I  [SBI Parser] Row: debit='10,000.00'(10000.0), credit='-'(0.0), desc='VDP-6845-63307745   -BAVARIA M'
2025-11-29 23:52:02.436 15662-15680 System.out              com.bitflow.finance                  I  [SBI Parser] Row: debit='64,240.00'(64240.0), credit='-'(0.0), desc='IMPS-404722501185-S GUHAN-ICIC'
2025-11-29 23:52:02.437 15662-15680 System.out              com.bitflow.finance                  I  [SBI Parser] Row: debit='8,429.74'(8429.74), credit='-'(0.0), desc='VIE-6845-840/9999-CASTR.IO - L'
2025-11-29 23:52:02.437 15662-15680 System.out              com.bitflow.finance                  I  [SBI Parser] Row: debit='177,500.00'(177500.0), credit='-'(0.0), desc='IMPS-405522131094-PRATIK-SBIN0'
2025-11-29 23:52:02.437 15662-15680 System.out              com.bitflow.finance                  I  [SBI Parser] Row: debit='197,500.00'(197500.0), credit='-'(0.0), desc='IMPS-406012494192-PRATIK-SBIN0'
2025-11-29 23:52:02.438 15662-15680 System.out              com.bitflow.finance                  I  [SBI Parser] Row: debit='-'(0.0), credit='200.00'(200.0), desc='AU ROYALE BUSINESS CASHBACK - '
2025-11-29 23:52:02.438 15662-15680 System.out              com.bitflow.finance                  I  [SBI Parser] Row: debit='106,028.00'(106028.0), credit='-'(0.0), desc='VDE-6845-70025595   -RAZORPAY '
2025-11-29 23:52:02.438 15662-15680 System.out              com.bitflow.finance                  I  [SBI Parser] Row: debit='1,000.00'(1000.0), credit='-'(0.0), desc='VDE-6845-99999999   -PHONEPE  '
2025-11-29 23:52:02.439 15662-15680 System.out              com.bitflow.finance                  I  [SBI Parser] Row: debit='50,000.00'(50000.0), credit='-'(0.0), desc='IMPS-406619151925-RAHUL-SBIN00'
2025-11-29 23:52:02.439 15662-15680 System.out              com.bitflow.finance                  I  [SBI Parser] Row: debit='5,000.00'(5000.0), credit='-'(0.0), desc='IMPS-406619151974-PRATIK-SBIN0'
2025-11-29 23:52:02.439 15662-15680 System.out              com.bitflow.finance                  I  [SBI Parser] Row: debit='22,500.00'(22500.0), credit='-'(0.0), desc='IMPS-406619152042-FAIZAN-KKBK0'
2025-11-29 23:52:02.439 15662-15680 System.out              com.bitflow.finance                  I  [SBI Parser] Row: debit='18,000.00'(18000.0), credit='-'(0.0), desc='IMPS-406619152059-PRATIK-SBIN0'
2025-11-29 23:52:02.440 15662-15680 System.out              com.bitflow.finance                  I  [SBI Parser] Row: debit='170.43'(170.43), credit='-'(0.0), desc='VDE-6845-89051900   -MICROSOFT'
2025-11-29 23:52:02.440 15662-15680 System.out              com.bitflow.finance                  I  [SBI Parser] Row: debit='1,685.27'(1685.27), credit='-'(0.0), desc='VIE-6845-840/2000-CHATGPT SUBS'
2025-11-29 23:52:02.441 15662-15680 System.out              com.bitflow.finance                  I  [SBI Parser] Row: debit='2.00'(2.0), credit='-'(0.0), desc='VDP-6845-42490717   -BANGALORE'
2025-11-29 23:52:02.441 15662-15680 System.out              com.bitflow.finance                  I  [SBI Parser] Row: debit='8,425.47'(8425.47), credit='-'(0.0), desc='VIE-6845-840/9999-CASTR.IO - L'
2025-11-29 23:52:02.441 15662-15680 System.out              com.bitflow.finance                  I  [SBI Parser] Row: debit='87,813.00'(87813.0), credit='-'(0.0), desc='VDP-6845-63307745   -BAVARIA M'
2025-11-29 23:52:02.442 15662-15680 System.out              com.bitflow.finance                  I  [SBI Parser] Row: debit='12,536.00'(12536.0), credit='-'(0.0), desc='VDE-6845-99999999   -CLEARTRIP'
2025-11-29 23:52:02.442 15662-15680 System.out              com.bitflow.finance                  I  [SBI Parser] Row: debit='-'(0.0), credit='50,000.00'(50000.0), desc='IMPS-408720885246-PRATIK KALID'
2025-11-29 23:52:02.442 15662-15680 System.out              com.bitflow.finance                  I  [SBI Parser] Row: debit='-'(0.0), credit='37,813.00'(37813.0), desc='UPI/CR/408824039070/PRATIK KAL'
2025-11-29 23:52:02.443 15662-15680 System.out              com.bitflow.finance                  I  [SBI Parser] Row: debit='-'(0.0), credit='200.00'(200.0), desc='AU ROYALE BUSINESS CASHBACK - '
2025-11-29 23:52:02.444 15662-15680 System.out              com.bitflow.finance                  I  [SBI Parser] Row: debit='8,758.00'(8758.0), credit='-'(0.0), desc='VDE-6845-UTIS2I01   -CLEARTRIP'
2025-11-29 23:52:02.444 15662-15680 System.out              com.bitflow.finance                  I  [SBI Parser] Parsed 101 transactions
2025-11-29 23:52:02.444 15662-15680 System.out              com.bitflow.finance                  I  [SBI Parser]  File order: ASCENDING (oldest first)
2025-11-29 23:52:02.444 15662-15680 System.out              com.bitflow.finance                  I  [SBI Parser]  Using LAST row balance: 3228941.73
2025-11-29 23:52:02.444 15662-15680 System.out              com.bitflow.finance                  I  [SBI Parser] Detected current balance: 3228941.73
2025-11-29 23:52:02.444 15662-15680 System.out              com.bitflow.finance                  I  [BackgroundImport] File: 27-Nov-2025_495933AccStmtDownloadReport.xls - Parsed 101 transactions
2025-11-29 23:52:02.444 15662-15680 System.out              com.bitflow.finance                  I  [BackgroundImport] File: 27-Nov-2025_495933AccStmtDownloadReport.xls - Detected balance: 3228941.73
2025-11-29 23:52:02.469 15662-15680 System.out              com.bitflow.finance                  I  [TransactionRepository] Batch inserting 101 transactions
2025-11-29 23:52:02.481 15662-15683 System.out              com.bitflow.finance                  I  [TransactionRepository] Batch insert completed
2025-11-29 23:52:02.481 15662-15683 System.out              com.bitflow.finance                  I  [BackgroundImport] === BALANCE UPDATE ===
2025-11-29 23:52:02.481 15662-15683 System.out              com.bitflow.finance                  I  [BackgroundImport] Account ID: 1
2025-11-29 23:52:02.481 15662-15683 System.out              com.bitflow.finance                  I  [BackgroundImport]  Using parser-detected balance: 3228941.73
2025-11-29 23:52:02.482 15662-15662 BLASTBufferQueue        com.bitflow.finance                  D  [VRI[MainActivity]#4](f:0,a:3) update width=1080 height=971 format=-2 mTransformHint=0
2025-11-29 23:52:02.483 15662-15677 Surface                 com.bitflow.finance                  D  Surface::disconnect
2025-11-29 23:52:02.484 15662-15680 System.out              com.bitflow.finance                  I  [BackgroundImport]  Account balance updated to: 3228941.73
2025-11-29 23:52:02.492 15662-15677 BLASTBufferQueue        com.bitflow.finance                  D  [VRI[MainActivity]#4](f:0,a:4) producer disconnected before acquireNextBufferLocked
2025-11-29 23:52:02.515 15662-15662 BLASTBufferQueue        com.bitflow.finance                  D  [VRI[MainActivity]#4](f:0,a:3) update width=1080 height=1107 format=-2 mTransformHint=0
2025-11-29 23:52:02.515 15662-15677 Surface                 com.bitflow.finance                  D  Surface::disconnect
2025-11-29 23:52:02.526 15662-15677 BLASTBufferQueue        com.bitflow.finance                  D  [VRI[MainActivity]#4](f:0,a:4) producer disconnected before acquireNextBufferLocked
2025-11-29 23:52:02.527 15662-15662 System.out              com.bitflow.finance                  I  [ImportViewModel] Import complete: 271 imported, 0 duplicates
2025-11-29 23:52:03.575 15662-15662 WindowOnBackDispatcher  com.bitflow.finance                  W  sendCancelIfRunning: isInProgress=false callback=android.view.ViewRootImpl$$ExternalSyntheticLambda12@140ca5a
2025-11-29 23:52:03.583 15662-15677 Surface                 com.bitflow.finance                  D  Surface::disconnect
2025-11-29 23:52:03.583 15662-15677 HWUI                    com.bitflow.finance                  D  endAllActiveAnimators on 0xb40000751d83a430 (UnprojectedRipple) with handle 0xb40000747d852b60
2025-11-29 23:52:03.590 15662-15672 BLASTBufferQueue        com.bitflow.finance                  D  [VRI[MainActivity]#4](f:0,a:3) destructor()
2025-11-29 23:52:03.590 15662-15672 BufferQueueConsumer     com.bitflow.finance                  D  [com.bitflow.finance/com.bitflow.finance.ui.MainActivity#14729(BLAST Consumer)pid:15662](id:3d2e00000004,api:0,p:-1,c:15662) disconnect
2025-11-29 23:52:05.081 15662-15662 ScrollIdentify          com.bitflow.finance                  I  on fling
2025-11-29 23:52:05.361 15662-15662 System.out              com.bitflow.finance                  I  [HomeViewModel] Accounts count: 1
2025-11-29 23:52:05.361 15662-15662 System.out              com.bitflow.finance                  I  [HomeViewModel] Transactions count: 271
2025-11-29 23:52:06.058 15662-15667 bitflow.finance         com.bitflow.finance                  W  Cleared Reference was only reachable from finalizer (only reported once)
2025-11-29 23:52:06.088 15662-15668 JavaBinder              com.bitflow.finance                  W  BinderProxy is being destroyed but the application did not call unlinkToDeath to unlink all of its death recipients beforehand.  Releasing leaked death recipient: android.window.ImeOnBackInvokedDispatcher$3
2025-11-29 23:52:06.088 15662-15668 BpBinder                com.bitflow.finance                  I  onLastStrongRef automatically unlinking death recipients: 
2025-11-29 23:52:12.684 15662-15662 WindowOnBackDispatcher  com.bitflow.finance                  W  OnBackInvokedCallback is not enabled for the application.
                                                                                                    Set 'android:enableOnBackInvokedCallback="true"' in the application manifest.
2025-11-29 23:52:13.921 15662-15662 BufferQueueConsumer     com.bitflow.finance                  D  [](id:3d2e00000005,api:0,p:-1,c:15662) connect: controlledByApp=false
2025-11-29 23:52:13.922 15662-15662 BLASTBufferQueue        com.bitflow.finance                  D  [VRI[Pop-up window]#5](f:0,a:0) constructor()
2025-11-29 23:52:13.922 15662-15662 BLASTBufferQueue        com.bitflow.finance                  D  [VRI[Pop-up window]#5](f:0,a:0) update width=1189 height=271 format=-3 mTransformHint=0
2025-11-29 23:52:13.934 15662-15677 BLASTBufferQueue        com.bitflow.finance                  D  [VRI[Pop-up window]#5](f:0,a:1) acquireNextBufferLocked size=1189x271 mFrameNumber=1 applyTransaction=true mTimestamp=111700625958042(auto) mPendingTransactions.size=0 graphicBufferId=67267777790004 transform=0
